Run Time Start: 2026-03-10 16:48:28 

--- Sample-size distribution diagnostics ---
Sample Size Distribution = 3 (Negative binomial)
Target mean = 100.000
Realized mean = 99.661
Realized SD = 22.353
  0%   5%  25%  50%  75%  95% 100% 
  40   65   84   98  114  138  196 
--- End diagnostics ---

$K
[1] 3

$G
[1] 2

$h
[1] 0.05

$theta_true
[1] 10

$theta_CV
[1] 0.2

$dist_code
[1] 3

$mean_nsamp
[1] 100

$ln_sd
[1] 1

$nb_size
[1] 25

$Nmin
[1] 50

$Nmax
[1] 100

$nsims
[1] 10

$random.seed
[1] 7331

$od_mult
[1] 0.5

$sigma
[1] 0.5

$p_lbound
[1] 0 0 0

$p_ubound
[1] 1 1 1


	Friedman rank sum test

data:  rmse and method and id
Friedman chi-squared = 290.64, df = 4, p-value < 2.2e-16

Kendall's W ≈ 0.031

	Pairwise comparisons using Wilcoxon signed rank test with continuity correction 

data:  df$rmse and df$method 

    i       ii      iii     iv     
ii  < 2e-16 -       -       -      
iii 1.00000 < 2e-16 -       -      
iv  1.00000 < 2e-16 1.00000 -      
v   0.62818 < 2e-16 0.01629 0.00017

P value adjustment method: holm 

Paired Wilcoxon (ii - i):

	Wilcoxon signed rank test with continuity correction

data:  b and a
V = 1741602, p-value < 2.2e-16
alternative hypothesis: true location shift is not equal to 0
95 percent confidence interval:
 0.01144389 0.01687286
sample estimates:
(pseudo)median 
     0.0143133 


Paired Wilcoxon (iii - i):

	Wilcoxon signed rank test with continuity correction

data:  b and a
V = 1328450, p-value = 0.8478
alternative hypothesis: true location shift is not equal to 0
95 percent confidence interval:
 -1.158418e-04  5.552298e-05
sample estimates:
(pseudo)median 
 -2.442257e-06 


Paired Wilcoxon (iv - i):

	Wilcoxon signed rank test with continuity correction

data:  b and a
V = 1354545, p-value = 0.5339
alternative hypothesis: true location shift is not equal to 0
95 percent confidence interval:
 -2.047028e-05  5.382428e-05
sample estimates:
(pseudo)median 
  8.032893e-05 


Paired Wilcoxon (v - i):

	Wilcoxon signed rank test with continuity correction

data:  b and a
V = 1289234, p-value = 0.157
alternative hypothesis: true location shift is not equal to 0
95 percent confidence interval:
 -8.108227e-05 -2.491191e-07
sample estimates:
(pseudo)median 
 -4.708534e-05 


Paired Wilcoxon (iii - ii):

	Wilcoxon signed rank test with continuity correction

data:  b and a
V = 771942, p-value < 2.2e-16
alternative hypothesis: true location shift is not equal to 0
95 percent confidence interval:
 -0.01840836 -0.01398365
sample estimates:
(pseudo)median 
   -0.01620239 


Paired Wilcoxon (iv - ii):

	Wilcoxon signed rank test with continuity correction

data:  b and a
V = 805576, p-value < 2.2e-16
alternative hypothesis: true location shift is not equal to 0
95 percent confidence interval:
 -0.01837949 -0.01403004
sample estimates:
(pseudo)median 
   -0.01619386 


Paired Wilcoxon (v - ii):

	Wilcoxon signed rank test with continuity correction

data:  b and a
V = 785445, p-value < 2.2e-16
alternative hypothesis: true location shift is not equal to 0
95 percent confidence interval:
 -0.01920904 -0.01461994
sample estimates:
(pseudo)median 
   -0.01700867 


Paired Wilcoxon (iv - iii):

	Wilcoxon signed rank test with continuity correction

data:  b and a
V = 1328273, p-value = 0.8435
alternative hypothesis: true location shift is not equal to 0
95 percent confidence interval:
 -2.994800e-05  1.090507e-05
sample estimates:
(pseudo)median 
  1.112998e-05 


Paired Wilcoxon (v - iii):

	Wilcoxon signed rank test with continuity correction

data:  b and a
V = 1240272, p-value = 0.003258
alternative hypothesis: true location shift is not equal to 0
95 percent confidence interval:
 -1.212916e-04 -7.088547e-06
sample estimates:
(pseudo)median 
 -9.254707e-05 


Paired Wilcoxon (v - iv):

	Wilcoxon signed rank test with continuity correction

data:  b and a
V = 1200556, p-value = 2.902e-05
alternative hypothesis: true location shift is not equal to 0
95 percent confidence interval:
 -1.462793e-04 -8.362577e-06
sample estimates:
(pseudo)median 
 -1.456534e-05 

          pct_ii_i   pct_iii_i      pct_iv_i       pct_v_i pct_iii_ii  pct_iv_ii
median    3.473359 -0.03883558  0.0002466485 -8.976907e-05  -4.457089  -4.495397
IQR     109.479111  8.83273584  8.7499277204  6.168677e+00  49.096659  50.201006
q25.25% -11.732058 -3.86536319 -3.8731198252 -3.419768e+00 -46.656530 -47.466511
q75.75%  97.747052  4.96737265  4.8768078953  2.748909e+00   2.440129   2.734495
          pct_v_ii  pct_iv_iii    pct_v_iii      pct_v_iv
median   -4.636521  0.01649327  0.003841774 -0.0006102308
IQR      49.330870  0.99570466  3.330688981  3.4640908293
q25.25% -47.426505 -0.49196763 -2.164755638 -2.2831002567
q75.75%   1.904365  0.50373703  1.165933343  1.1809905726
Type III Analysis of Variance Table with Satterthwaite's method
       Sum Sq Mean Sq NumDF DenDF F value    Pr(>F)    
method  1.368 0.34199     4  9236  149.75 < 2.2e-16 ***
---
Signif. codes:  0 ‘***’ 0.001 ‘**’ 0.01 ‘*’ 0.05 ‘.’ 0.1 ‘ ’ 1
$emmeans
 method emmean      SE  df asymp.LCL asymp.UCL
 i      0.0853 0.00133 Inf    0.0827    0.0879
 ii     0.1005 0.00133 Inf    0.0978    0.1031
 iii    0.0731 0.00133 Inf    0.0705    0.0757
 iv     0.0731 0.00133 Inf    0.0705    0.0757
 v      0.0726 0.00133 Inf    0.0700    0.0752

Degrees-of-freedom method: asymptotic 
Confidence level used: 0.95 

$contrasts
 contrast  estimate      SE  df z.ratio p.value
 i - ii   -1.52e-02 0.00141 Inf -10.775 <0.0001
 i - iii   1.22e-02 0.00141 Inf   8.658 <0.0001
 i - iv    1.22e-02 0.00141 Inf   8.676 <0.0001
 i - v     1.27e-02 0.00141 Inf   9.048 <0.0001
 ii - iii  2.73e-02 0.00141 Inf  19.433 <0.0001
 ii - iv   2.74e-02 0.00141 Inf  19.452 <0.0001
 ii - v    2.79e-02 0.00141 Inf  19.823 <0.0001
 iii - iv  2.55e-05 0.00141 Inf   0.018  1.0000
 iii - v   5.48e-04 0.00141 Inf   0.390  1.0000
 iv - v    5.23e-04 0.00141 Inf   0.372  1.0000

Degrees-of-freedom method: asymptotic 
P value adjustment: holm method for 10 tests 

Run Time End: 2026-03-10 16:48:43 

Total Elapsed Time: 15.47 secs 

