
> dm_loglik_group <- function(x, p, a0) {
+   N <- sum(x)
+   lgamma(a0) - lgamma(N + a0) + sum(lgamma(x + a0 * p) - lgamma(a0 * p))
+ }

> # scores (i)
> score_param_i <- function(t, X) {
+   alpha_vec <- exp(t)
+   a0    <- sum(alpha_vec)
+   g_alpha <- rep(0.0, length(alpha_vec))
+    .... [TRUNCATED] 

> ## scores (ii): p shared; a0_g free (opt over z (length K-1) and t_g = log a0_g)
> score_param_ii <- function(X, p, a0_vec) {
+   G <- nrow(X); K <- .... [TRUNCATED] 

> ## scores (iii): p shared; theta shared (opt over z and t = log theta)
> score_param_iii <- function(X, p, theta) {
+   G <- nrow(X); K <- length(p) .... [TRUNCATED] 

> rmse <- function(a, b) sqrt(mean((a - b)^2))

> ## ---- simulation settings ---------------------------------------------------
> # ---- Read parameters from hake.inp ----
> inp_path <- "hake3_ev1 ..." ... [TRUNCATED] 

> if (!file.exists(inp_path)) {
+   stop(sprintf("Input file '%s' not found. Create it first.", inp_path))
+ }

> # Parse key=value pairs, ignore comments and blank lines
> tbl <- read.table(
+   file = inp_path,
+   sep = "=",
+   comment.char = "#",
+   strip. .... [TRUNCATED] 

> kv <- setNames(tbl$value, tbl$key)

> # Set typed parameters
> K          <- as.integer(kv[["K"]])

> G          <- as.integer(kv[["G"]])

> h          <- as.numeric(kv[["h"]])

> theta_true <- as.numeric(kv[["theta_true"]])

> Nmin       <- as.integer(kv[["Nmin"]])

> Nmax       <- as.integer(kv[["Nmax"]])

> nsamples       <- as.integer(kv[["nsamples"]])

> random.seed       <- as.integer(kv[["random.seed"]])

> kappa      <- as.numeric(kv[["kappa"]])

> p_ubound_raw <- kv[["p_ubound"]]

> if (is.null(p_ubound_raw) || is.na(p_ubound_raw) || !nzchar(trimws(p_ubound_raw))) {
+   # Default: no filtering beyond the simplex constraints (com .... [TRUNCATED] 

> # basic validation
> if (any(is.na(c(K, G, h, theta_true, Nmin, Nmax, nsamples, random.seed, kappa)))) {
+   stop("One or more required parameters a ..." ... [TRUNCATED] 

> if (Nmin > Nmax) stop("Nmin must be <= Nmax.")

> if (is.na(kappa) || kappa <= 0) stop("kappa must be > 0.")

> params <- list(K = K, G = G, h = h, theta_true = theta_true, Nmin = Nmin, 
+                Nmax = Nmax, nsamples = nsamples, random.seed = random.s .... [TRUNCATED] 

> set.seed(random.seed)

> ## ---- mesh of p_true -------------------------------------------------------
> mesh <- mk_simplex(K, h)

> nmesh <- nrow(mesh)

> ## Vary N_g over orders of magnitude
> N_vec <- matrix(
+   round(exp(runif(nmesh * G, log(Nmin), log(Nmax)))),
+   nrow = nmesh, ncol = G, byrow =  .... [TRUNCATED] 

> ## ---- filter mesh by p_ubound (component-wise upper bounds) ---------------
> # Keep only rows where each component of p_true is <= the correspond .... [TRUNCATED] 

> mesh <- mesh[keep_idx, , drop = FALSE]

> N_vec <- N_vec[keep_idx, , drop = FALSE]

> nmesh <- nrow(mesh)

> ## ---- loop over mesh --------------------------------------------------------
> run_one <- function(p_true,N_row) {
+   ## simulate counts for thi .... [TRUNCATED] 

> # res_mat <- t(apply(mesh, 1, run_one))
> res_mat <- do.call(
+   rbind,
+   lapply(seq_len(nmesh), function(i) {
+     run_one(p_true = mesh[i, ],  .... [TRUNCATED] 

> out <- as.data.frame(res_mat)

> # K = number of true proportions assumed to be the first K columns of res_mat
> K <- ncol(out) - 4L  # (p1..pK, then rmse_i, rmse_ii, rmse_iii, rmse .... [TRUNCATED] 

> # Ensure N_vec is a matrix with one row per simulation and G columns (groups)
> N_mat <- if (is.null(dim(N_vec))) {
+   matrix(N_vec, nrow = nrow(ou .... [TRUNCATED] 

> # Coerce sample sizes to integers (safe rounding, then integer cast)
> N_int <- matrix(as.integer(round(N_mat)),
+                 nrow = nrow(N_mat .... [TRUNCATED] 

> colnames(N_int) <- paste0("N", seq_len(ncol(N_int)))  # N1..NG

> # Bind G sample-size columns to out
> out <- cbind(out, N_int)

> # Name the existing columns for proportions and RMSEs
> colnames(out)[seq_len(K)] <- paste0("p", seq_len(K))

> colnames(out)[K + seq_len(4)] <- c("rmse_i","rmse_ii","rmse_iii","rmse_iv")

> # Write CSV (no row names)
> # write.csv(out, file = "DM_rmse_by_simulation.csv", row.names = FALSE)
> 
> ## ---- write CSV ------------------------ .... [TRUNCATED] 

> write.csv(out, csv_path, row.names = FALSE)

> message("Wrote: ", csv_path)

> ## ---- ternary plots ---------------------------------------------------------
> if (K == 3) {
+   
+ suppressWarnings(suppressPackageStartupMessag .... [TRUNCATED] 

> print(params)
$K
[1] 3

$G
[1] 1

$h
[1] 0.03

$theta_true
[1] 1

$Nmin
[1] 50

$Nmax
[1] 1000

$nsamples
[1] 1000

$random.seed
[1] 35643

$kappa
[1] 50


> n <- length(out$rmse_i)

> stopifnot(length(out$rmse_ii) == n, length(out$rmse_iii) == n, length(out$rmse_iv) == n)

> df <- data.frame(
+   id     = rep(seq_len(n), times = 4),                 # block (simplex point)
+   method = factor(rep(c("i","ii","iii","iv"), e .... [TRUNCATED] 

> ## Overall nonparametric repeated-measures test
> ft <- friedman.test(rmse ~ method | id, data = df)

> print(ft)

	Friedman rank sum test

data:  rmse and method and id
Friedman chi-squared = 7.4163, df = 3, p-value = 0.05975


> ## Kendall’s W effect size (approx. from Friedman chi-square)
> k <- nlevels(df$method)

> W <- as.numeric(ft$statistic) / (n * (k - 1))

> cat(sprintf("Kendall's W ≈ %.3f\n", W))
Kendall's W ≈ 0.017

> ## Post-hoc paired comparisons with multiplicity control
> pw <- pairwise.wilcox.test(df$rmse, df$method,
+                            paired = TRUE .... [TRUNCATED] 

> print(pw)

	Pairwise comparisons using Wilcoxon signed rank test with continuity correction 

data:  df$rmse and df$method 

    i      ii     iii   
ii  1.0000 -      -     
iii 0.0137 0.0252 -     
iv  0.0014 0.0252 1.0000

P value adjustment method: holm 

> ## Convert to wide for paired, within-simplex-point comparisons
> wide <- reshape(df, idvar = "id", timevar = "method", direction = "wide")

> ## 1) Paired, robust effect: Hodges–Lehmann (median) difference + 95% CI
> methods <- c("i","ii","iii","iv")

> pair_list <- combn(methods, 2, simplify = FALSE)

> wilcox_ci <- lapply(pair_list, function(pr) {
+   a <- wide[[paste0("rmse.", pr[1])]]
+   b <- wide[[paste0("rmse.", pr[2])]]
+   wt <- wilcox.test( .... [TRUNCATED] 

> for (obj in wilcox_ci) {
+   cat("
+ Paired Wilcoxon (", obj$comp, "):
+ ", sep = "")
+   print(obj$test)
+ }

Paired Wilcoxon (ii - i):

	Wilcoxon signed rank test with continuity correction

data:  b and a
V = 5338, p-value = 0.8459
alternative hypothesis: true location shift is not equal to 0
95 percent confidence interval:
 -5.600144e-05  1.942278e-05
sample estimates:
(pseudo)median 
 -2.386569e-05 


Paired Wilcoxon (iii - i):

	Wilcoxon signed rank test with continuity correction

data:  b and a
V = 3889, p-value = 0.002732
alternative hypothesis: true location shift is not equal to 0
95 percent confidence interval:
 -5.472200e-05 -3.067784e-05
sample estimates:
(pseudo)median 
 -2.837505e-05 


Paired Wilcoxon (iv - i):

	Wilcoxon signed rank test with continuity correction

data:  b and a
V = 3534, p-value = 0.0002306
alternative hypothesis: true location shift is not equal to 0
95 percent confidence interval:
 -3.249402e-05 -1.146465e-05
sample estimates:
(pseudo)median 
 -2.239633e-05 


Paired Wilcoxon (iii - ii):

	Wilcoxon signed rank test with continuity correction

data:  b and a
V = 4026, p-value = 0.006306
alternative hypothesis: true location shift is not equal to 0
95 percent confidence interval:
 -1.404688e-05 -2.522223e-05
sample estimates:
(pseudo)median 
 -5.207963e-05 


Paired Wilcoxon (iv - ii):

	Wilcoxon signed rank test with continuity correction

data:  b and a
V = 4047, p-value = 0.007127
alternative hypothesis: true location shift is not equal to 0
95 percent confidence interval:
 -3.231393e-05 -4.213958e-05
sample estimates:
(pseudo)median 
 -7.052999e-05 


Paired Wilcoxon (iv - iii):

	Wilcoxon signed rank test with continuity correction

data:  b and a
V = 5488, p-value = 0.9253
alternative hypothesis: true location shift is not equal to 0
95 percent confidence interval:
 -4.016723e-05  1.041747e-05
sample estimates:
(pseudo)median 
 -2.436197e-05 


> ## 2) Practical impact: percent change in RMSE (median & IQR)
> pct <- transform(wide,
+                  pct_ii_i    = 100*(rmse.ii  - rmse.i)/rmse .... [TRUNCATED] 

> tmp <- sapply(pct[c("pct_ii_i","pct_iii_i","pct_iv_i","pct_iii_ii","pct_iv_ii","pct_iv_iii")],
+               \(x) c(median = median(x), IQR = IQR( .... [TRUNCATED] 

> print(tmp)
            pct_ii_i     pct_iii_i      pct_iv_i    pct_iii_ii
median  -0.000288665 -0.0007199365 -0.0004119767 -0.0004445689
IQR      0.013833156  0.0302207338  0.0105825396  0.0124416799
q25.25% -0.005755158 -0.0280095878 -0.0100649315 -0.0105208999
q75.75%  0.008077998  0.0022111460  0.0005176081  0.0019207800
            pct_iv_ii    pct_iv_iii
median  -0.0002392092  3.483172e-05
IQR      0.0042090093  3.021329e-03
q25.25% -0.0035491021 -1.366641e-03
q75.75%  0.0006599072  1.654687e-03

> ## 3) Standardized paired effect r from Wilcoxon Z
> r_from_wilcox <- function(x, y){
+   wt <- wilcox.test(x, y, paired = TRUE, exact = FALSE)
+    .... [TRUNCATED] 

> r_pairs <- lapply(pair_list, function(pr){
+   a <- wide[[paste0("rmse.", pr[1])]]
+   b <- wide[[paste0("rmse.", pr[2])]]
+   r <- r_from_wilcox(a, .... [TRUNCATED] 

> r_tbl <- do.call(rbind, r_pairs)

> print(r_tbl)
       pair            r
1   ii vs i -0.016029223
2  iii vs i -0.247137131
3   iv vs i -0.303757771
4 iii vs ii -0.225286349
5  iv vs ii -0.221936959
6 iv vs iii  0.007735496

> m <- lmer(rmse ~ method + (1 | id), data = df)

> print(anova(m))                               # overall method effect)
Type III Analysis of Variance Table with Satterthwaite's method
        Sum Sq Mean Sq NumDF DenDF F value    Pr(>F)    
method 0.53173 0.17724     3   438  15.932 7.552e-10 ***
---
Signif. codes:  0 ‘***’ 0.001 ‘**’ 0.01 ‘*’ 0.05 ‘.’ 0.1 ‘ ’ 1

> print(emmeans(m, pairwise ~ method, adjust = "holm"))  # post-hoc
$emmeans
 method emmean      SE  df lower.CL upper.CL
 i      0.1276 0.00928 559   0.1094   0.1458
 ii     0.1193 0.00928 559   0.1010   0.1375
 iii    0.0657 0.00928 559   0.0474   0.0839
 iv     0.0616 0.00928 559   0.0434   0.0798

Degrees-of-freedom method: kenward-roger 
Confidence level used: 0.95 

$contrasts
 contrast estimate     SE  df t.ratio p.value
 i - ii    0.00832 0.0123 438   0.676  0.9986
 i - iii   0.06191 0.0123 438   5.032 <0.0001
 i - iv    0.06598 0.0123 438   5.363 <0.0001
 ii - iii  0.05359 0.0123 438   4.356 <0.0001
 ii - iv   0.05766 0.0123 438   4.687 <0.0001
 iii - iv  0.00407 0.0123 438   0.331  0.9986

Degrees-of-freedom method: kenward-roger 
P value adjustment: holm method for 6 tests 


> on.exit(sink()) 
