
> dm_loglik_group <- function(x, p, a0) {
+   N <- sum(x)
+   lgamma(a0) - lgamma(N + a0) + sum(lgamma(x + a0 * p) - lgamma(a0 * p))
+ }

> # scores (i)
> score_param_i <- function(t, X) {
+   alpha_vec <- exp(t)
+   a0    <- sum(alpha_vec)
+   g_alpha <- rep(0.0, length(alpha_vec))
+    .... [TRUNCATED] 

> ## scores (ii): p shared; a0_g free (opt over z (length K-1) and t_g = log a0_g)
> score_param_ii <- function(X, p, a0_vec) {
+   G <- nrow(X); K <- .... [TRUNCATED] 

> ## scores (iii): p shared; theta shared (opt over z and t = log theta)
> score_param_iii <- function(X, p, theta) {
+   G <- nrow(X); K <- length(p) .... [TRUNCATED] 

> rmse <- function(a, b) sqrt(mean((a - b)^2))

> ## ---- simulation settings ---------------------------------------------------
> # ---- Read parameters from hake.inp ----
> inp_path <- "hake3_ev1 ..." ... [TRUNCATED] 

> if (!file.exists(inp_path)) {
+   stop(sprintf("Input file '%s' not found. Create it first.", inp_path))
+ }

> # Parse key=value pairs, ignore comments and blank lines
> tbl <- read.table(
+   file = inp_path,
+   sep = "=",
+   comment.char = "#",
+   strip. .... [TRUNCATED] 

> kv <- setNames(tbl$value, tbl$key)

> # Set typed parameters
> K          <- as.integer(kv[["K"]])

> G          <- as.integer(kv[["G"]])

> h          <- as.numeric(kv[["h"]])

> theta_true <- as.numeric(kv[["theta_true"]])

> Nmin       <- as.integer(kv[["Nmin"]])

> Nmax       <- as.integer(kv[["Nmax"]])

> nsamples       <- as.integer(kv[["nsamples"]])

> random.seed       <- as.integer(kv[["random.seed"]])

> kappa      <- as.numeric(kv[["kappa"]])

> p_ubound_raw <- kv[["p_ubound"]]

> if (is.null(p_ubound_raw) || is.na(p_ubound_raw) || !nzchar(trimws(p_ubound_raw))) {
+   # Default: no filtering beyond the simplex constraints (com .... [TRUNCATED] 

> # basic validation
> if (any(is.na(c(K, G, h, theta_true, Nmin, Nmax, nsamples, random.seed, kappa)))) {
+   stop("One or more required parameters a ..." ... [TRUNCATED] 

> if (Nmin > Nmax) stop("Nmin must be <= Nmax.")

> if (is.na(kappa) || kappa <= 0) stop("kappa must be > 0.")

> params <- list(K = K, G = G, h = h, theta_true = theta_true, Nmin = Nmin, 
+                Nmax = Nmax, nsamples = nsamples, random.seed = random.s .... [TRUNCATED] 

> set.seed(random.seed)

> ## ---- mesh of p_true -------------------------------------------------------
> mesh <- mk_simplex(K, h)

> nmesh <- nrow(mesh)

> ## Vary N_g over orders of magnitude
> N_vec <- matrix(
+   round(exp(runif(nmesh * G, log(Nmin), log(Nmax)))),
+   nrow = nmesh, ncol = G, byrow =  .... [TRUNCATED] 

> ## ---- filter mesh by p_ubound (component-wise upper bounds) ---------------
> # Keep only rows where each component of p_true is <= the correspond .... [TRUNCATED] 

> mesh <- mesh[keep_idx, , drop = FALSE]

> N_vec <- N_vec[keep_idx, , drop = FALSE]

> nmesh <- nrow(mesh)

> ## ---- loop over mesh --------------------------------------------------------
> run_one <- function(p_true,N_row) {
+   ## simulate counts for thi .... [TRUNCATED] 

> # res_mat <- t(apply(mesh, 1, run_one))
> res_mat <- do.call(
+   rbind,
+   lapply(seq_len(nmesh), function(i) {
+     run_one(p_true = mesh[i, ],  .... [TRUNCATED] 

> out <- as.data.frame(res_mat)

> # K = number of true proportions assumed to be the first K columns of res_mat
> K <- ncol(out) - 5L  # (p1..pK, then rmse_i, rmse_ii, rmse_iii, rmse .... [TRUNCATED] 

> # Ensure N_vec is a matrix with one row per simulation and G columns (groups)
> N_mat <- if (is.null(dim(N_vec))) {
+   matrix(N_vec, nrow = nrow(ou .... [TRUNCATED] 

> # Coerce sample sizes to integers (safe rounding, then integer cast)
> N_int <- matrix(as.integer(round(N_mat)),
+                 nrow = nrow(N_mat .... [TRUNCATED] 

> colnames(N_int) <- paste0("N", seq_len(ncol(N_int)))  # N1..NG

> # Bind G sample-size columns to out
> out <- cbind(out, N_int)

> # Name the existing columns for proportions and RMSEs
> colnames(out)[seq_len(K)] <- paste0("p", seq_len(K))

> colnames(out)[K + seq_len(5)] <- c("rmse_i","rmse_ii","rmse_iii","rmse_iv","rmse_v")

> # Write CSV (no row names)
> # write.csv(out, file = "DM_rmse_by_simulation.csv", row.names = FALSE)
> 
> ## ---- write CSV ------------------------ .... [TRUNCATED] 

> write.csv(out, csv_path, row.names = FALSE)

> message("Wrote: ", csv_path)

> ## ---- ternary plots ---------------------------------------------------------
> if (K == 3) {
+   
+ suppressWarnings(suppressPackageStartupMessag .... [TRUNCATED] 

> print(params)
$K
[1] 3

$G
[1] 1

$h
[1] 0.03

$theta_true
[1] 10

$Nmin
[1] 50

$Nmax
[1] 1000

$nsamples
[1] 1000

$random.seed
[1] 35643

$kappa
[1] 50


> n <- length(out$rmse_i)

> stopifnot(length(out$rmse_ii) == n, length(out$rmse_iii) == n, length(out$rmse_iv) == n, length(out$rmse_v) == n)

> df <- data.frame(
+   id     = rep(seq_len(n), times = 5),                 # block (simplex point)
+   method = factor(rep(c("i","ii","iii","iv","v" .... [TRUNCATED] 

> ## Overall nonparametric repeated-measures test
> ft <- friedman.test(rmse ~ method | id, data = df)

> print(ft)

	Friedman rank sum test

data:  rmse and method and id
Friedman chi-squared = 49.431, df = 4, p-value = 4.746e-10


> ## Kendall’s W effect size (approx. from Friedman chi-square)
> k <- nlevels(df$method)

> W <- as.numeric(ft$statistic) / (n * (k - 1))

> cat(sprintf("Kendall's W ≈ %.3f\n", W))
Kendall's W ≈ 0.084

> ## Post-hoc paired comparisons with multiplicity control
> pw <- pairwise.wilcox.test(df$rmse, df$method,
+                            paired = TRUE .... [TRUNCATED] 

> print(pw)

	Pairwise comparisons using Wilcoxon signed rank test with continuity correction 

data:  df$rmse and df$method 

    i       ii      iii     iv     
ii  0.14562 -       -       -      
iii 4.6e-08 6.4e-09 -       -      
iv  0.08482 0.00142 0.00016 -      
v   0.03646 1.8e-05 8.3e-05 0.07447

P value adjustment method: holm 

> ## Convert to wide for paired, within-simplex-point comparisons
> wide <- reshape(df, idvar = "id", timevar = "method", direction = "wide")

> ## 1) Paired, robust effect: Hodges–Lehmann (median) difference + 95% CI
> methods <- c("i","ii","iii","iv","v")

> pair_list <- combn(methods, 2, simplify = FALSE)

> wilcox_ci <- lapply(pair_list, function(pr) {
+   a <- wide[[paste0("rmse.", pr[1])]]
+   b <- wide[[paste0("rmse.", pr[2])]]
+   wt <- wilcox.test( .... [TRUNCATED] 

> for (obj in wilcox_ci) {
+   cat("
+ Paired Wilcoxon (", obj$comp, "):
+ ", sep = "")
+   print(obj$test)
+ }

Paired Wilcoxon (ii - i):

	Wilcoxon signed rank test with continuity correction

data:  b and a
V = 6192, p-value = 0.1456
alternative hypothesis: true location shift is not equal to 0
95 percent confidence interval:
 -3.120448e-05  3.582767e-05
sample estimates:
(pseudo)median 
  4.050836e-05 


Paired Wilcoxon (iii - i):

	Wilcoxon signed rank test with continuity correction

data:  b and a
V = 2417, p-value = 5.13e-09
alternative hypothesis: true location shift is not equal to 0
95 percent confidence interval:
 -6.780079e-05 -6.155487e-06
sample estimates:
(pseudo)median 
 -4.427541e-05 


Paired Wilcoxon (iv - i):

	Wilcoxon signed rank test with continuity correction

data:  b and a
V = 4389, p-value = 0.04241
alternative hypothesis: true location shift is not equal to 0
95 percent confidence interval:
 -5.242787e-05 -2.161064e-05
sample estimates:
(pseudo)median 
 -4.067084e-05 


Paired Wilcoxon (v - i):

	Wilcoxon signed rank test with continuity correction

data:  b and a
V = 4090, p-value = 0.009116
alternative hypothesis: true location shift is not equal to 0
95 percent confidence interval:
 -2.920215e-05  4.812674e-06
sample estimates:
(pseudo)median 
 -6.237832e-05 


Paired Wilcoxon (iii - ii):

	Wilcoxon signed rank test with continuity correction

data:  b and a
V = 2243, p-value = 6.436e-10
alternative hypothesis: true location shift is not equal to 0
95 percent confidence interval:
 -6.593057e-05 -7.513750e-05
sample estimates:
(pseudo)median 
 -5.181053e-05 


Paired Wilcoxon (iv - ii):

	Wilcoxon signed rank test with continuity correction

data:  b and a
V = 3562, p-value = 0.0002848
alternative hypothesis: true location shift is not equal to 0
95 percent confidence interval:
 -3.296815e-05 -4.231163e-05
sample estimates:
(pseudo)median 
 -2.501617e-05 


Paired Wilcoxon (v - ii):

	Wilcoxon signed rank test with continuity correction

data:  b and a
V = 2995, p-value = 2.299e-06
alternative hypothesis: true location shift is not equal to 0
95 percent confidence interval:
 -5.506172e-05 -4.286007e-05
sample estimates:
(pseudo)median 
 -7.131377e-05 


Paired Wilcoxon (iv - iii):

	Wilcoxon signed rank test with continuity correction

data:  b and a
V = 7610, p-value = 2.702e-05
alternative hypothesis: true location shift is not equal to 0
95 percent confidence interval:
 -1.541260e-05  1.691051e-05
sample estimates:
(pseudo)median 
  5.976796e-07 


Paired Wilcoxon (v - iii):

	Wilcoxon signed rank test with continuity correction

data:  b and a
V = 7705, p-value = 1.182e-05
alternative hypothesis: true location shift is not equal to 0
95 percent confidence interval:
 1.446284e-06 4.932726e-05
sample estimates:
(pseudo)median 
  2.784134e-05 


Paired Wilcoxon (v - iv):

	Wilcoxon signed rank test with continuity correction

data:  b and a
V = 4278, p-value = 0.02482
alternative hypothesis: true location shift is not equal to 0
95 percent confidence interval:
 -3.366108e-05  3.451712e-05
sample estimates:
(pseudo)median 
  2.377633e-05 


> ## 2) Practical impact: percent change in RMSE (median & IQR)
> ## Compute ALL pairwise percent changes: 100 * (RMSE_B - RMSE_A) / RMSE_A
> methods  .... [TRUNCATED] 

> rmse_cols <- paste0("rmse.", methods)

> ## sanity check
> stopifnot(all(rmse_cols %in% names(wide)))

> ## build percent-change columns programmatically for every unordered pair
> pairs <- combn(methods, 2, simplify = FALSE)  # each element is c(A,B) w .... [TRUNCATED] 

> pct <- wide

> for (ab in pairs) {
+   a <- ab[1]; b <- ab[2]
+   nm <- paste0("pct_", b, "_", a)
+   pct[[nm]] <- 100 * (pct[[paste0("rmse.", b)]] - pct[[paste0(" ..." ... [TRUNCATED] 

> pct_cols <- paste0("pct_", sapply(pairs, `[`, 2), "_", sapply(pairs, `[`, 1))

> tmp <- sapply(pct[pct_cols],
+               \(x) c(median = median(x), IQR = IQR(x),
+                      q25 = quantile(x, .25), q75 = quantile( .... [TRUNCATED] 

> print(tmp)
             pct_ii_i   pct_iii_i      pct_iv_i      pct_v_i  pct_iii_ii
median   0.0006045198 -0.06185965 -7.341767e-05 -0.001021352 -0.05836147
IQR      0.0165575490  0.26286213  9.125340e-03  0.030640283  0.28230583
q25.25% -0.0048798785 -0.23239148 -7.851182e-03 -0.026659416 -0.26224439
q75.75%  0.0116776705  0.03047065  1.274159e-03  0.003980867  0.02006144
            pct_iv_ii      pct_v_ii  pct_iv_iii   pct_v_iii      pct_v_iv
median  -0.0002390988 -0.0019228945  0.04029512  0.04198168 -0.0003445693
IQR      0.0045527883  0.0105614235  0.14904865  0.14506529  0.0035006262
q25.25% -0.0042824275 -0.0097610459 -0.04177029 -0.03669272 -0.0025152396
q75.75%  0.0002703608  0.0008003776  0.10727836  0.10837258  0.0009853867

> ## 3) Standardized paired effect r from Wilcoxon Z
> r_from_wilcox <- function(x, y){
+   wt <- wilcox.test(x, y, paired = TRUE, exact = FALSE)
+    .... [TRUNCATED] 

> r_pairs <- lapply(pair_list, function(pr){
+   a <- wide[[paste0("rmse.", pr[1])]]
+   b <- wide[[paste0("rmse.", pr[2])]]
+   r <- r_from_wilcox(a, .... [TRUNCATED] 

> r_tbl <- do.call(rbind, r_pairs)

> print(r_tbl)
        pair          r
1    ii vs i  0.1200198
2   iii vs i -0.4819134
3    iv vs i -0.1673898
4     v vs i -0.2150787
5  iii vs ii -0.5096655
6   iv vs ii -0.2992919
7    v vs ii -0.3897254
8  iv vs iii  0.3461834
9   v vs iii  0.3613354
10   v vs iv -0.1850937

> m <- lmer(rmse ~ method + (1 | id), data = df)

> print(anova(m))                               # overall method effect)
Type III Analysis of Variance Table with Satterthwaite's method
        Sum Sq Mean Sq NumDF DenDF F value    Pr(>F)    
method 0.64137 0.16034     4   584  19.243 6.965e-15 ***
---
Signif. codes:  0 ‘***’ 0.001 ‘**’ 0.01 ‘*’ 0.05 ‘.’ 0.1 ‘ ’ 1

> print(emmeans(m, pairwise ~ method, adjust = "holm"))  # post-hoc
$emmeans
 method emmean      SE  df lower.CL upper.CL
 i      0.1126 0.00832 646   0.0962   0.1289
 ii     0.1217 0.00832 646   0.1053   0.1380
 iii    0.0564 0.00832 646   0.0400   0.0727
 iv     0.0564 0.00832 646   0.0400   0.0727
 v      0.0587 0.00832 646   0.0423   0.0750

Degrees-of-freedom method: kenward-roger 
Confidence level used: 0.95 

$contrasts
 contrast  estimate     SE  df t.ratio p.value
 i - ii   -9.10e-03 0.0106 584  -0.854  1.0000
 i - iii   5.62e-02 0.0106 584   5.280 <0.0001
 i - iv    5.62e-02 0.0106 584   5.277 <0.0001
 i - v     5.39e-02 0.0106 584   5.064 <0.0001
 ii - iii  6.53e-02 0.0106 584   6.134 <0.0001
 ii - iv   6.53e-02 0.0106 584   6.132 <0.0001
 ii - v    6.30e-02 0.0106 584   5.918 <0.0001
 iii - iv -2.21e-05 0.0106 584  -0.002  1.0000
 iii - v  -2.30e-03 0.0106 584  -0.216  1.0000
 iv - v   -2.28e-03 0.0106 584  -0.214  1.0000

Degrees-of-freedom method: kenward-roger 
P value adjustment: holm method for 10 tests 


> on.exit(sink()) 
