
> dm_loglik_group <- function(x, p, a0) {
+   N <- sum(x)
+   lgamma(a0) - lgamma(N + a0) + sum(lgamma(x + a0 * p) - lgamma(a0 * p))
+ }

> # scores (i)
> score_param_i <- function(t, X) {
+   alpha_vec <- exp(t)
+   a0    <- sum(alpha_vec)
+   g_alpha <- rep(0.0, length(alpha_vec))
+    .... [TRUNCATED] 

> ## scores (ii): p shared; a0_g free (opt over z (length K-1) and t_g = log a0_g)
> score_param_ii <- function(X, p, a0_vec) {
+   G <- nrow(X); K <- .... [TRUNCATED] 

> ## scores (iii): p shared; theta shared (opt over z and t = log theta)
> score_param_iii <- function(X, p, theta) {
+   G <- nrow(X); K <- length(p) .... [TRUNCATED] 

> rmse <- function(a, b) sqrt(mean((a - b)^2))

> ## ---- simulation settings ---------------------------------------------------
> # ---- Read parameters from hake.inp ----
> inp_path <- "hake3_ev1 ..." ... [TRUNCATED] 

> if (!file.exists(inp_path)) {
+   stop(sprintf("Input file '%s' not found. Create it first.", inp_path))
+ }

> # Parse key=value pairs, ignore comments and blank lines
> tbl <- read.table(
+   file = inp_path,
+   sep = "=",
+   comment.char = "#",
+   strip. .... [TRUNCATED] 

> kv <- setNames(tbl$value, tbl$key)

> # Set typed parameters
> K          <- as.integer(kv[["K"]])

> G          <- as.integer(kv[["G"]])

> h          <- as.numeric(kv[["h"]])

> theta_true <- as.numeric(kv[["theta_true"]])

> Nmin       <- as.integer(kv[["Nmin"]])

> Nmax       <- as.integer(kv[["Nmax"]])

> nsamples       <- as.integer(kv[["nsamples"]])

> random.seed       <- as.integer(kv[["random.seed"]])

> kappa      <- as.numeric(kv[["kappa"]])

> p_ubound_raw <- kv[["p_ubound"]]

> if (is.null(p_ubound_raw) || is.na(p_ubound_raw) || !nzchar(trimws(p_ubound_raw))) {
+   # Default: no filtering beyond the simplex constraints (com .... [TRUNCATED] 

> # basic validation
> if (any(is.na(c(K, G, h, theta_true, Nmin, Nmax, nsamples, random.seed, kappa)))) {
+   stop("One or more required parameters a ..." ... [TRUNCATED] 

> if (Nmin > Nmax) stop("Nmin must be <= Nmax.")

> if (is.na(kappa) || kappa <= 0) stop("kappa must be > 0.")

> params <- list(K = K, G = G, h = h, theta_true = theta_true, Nmin = Nmin, 
+                Nmax = Nmax, nsamples = nsamples, random.seed = random.s .... [TRUNCATED] 

> set.seed(random.seed)

> ## ---- mesh of p_true -------------------------------------------------------
> mesh <- mk_simplex(K, h)

> nmesh <- nrow(mesh)

> ## Vary N_g over orders of magnitude
> N_vec <- matrix(
+   round(exp(runif(nmesh * G, log(Nmin), log(Nmax)))),
+   nrow = nmesh, ncol = G, byrow =  .... [TRUNCATED] 

> ## ---- filter mesh by p_ubound (component-wise upper bounds) ---------------
> # Keep only rows where each component of p_true is <= the correspond .... [TRUNCATED] 

> mesh <- mesh[keep_idx, , drop = FALSE]

> N_vec <- N_vec[keep_idx, , drop = FALSE]

> nmesh <- nrow(mesh)

> ## ---- loop over mesh --------------------------------------------------------
> run_one <- function(p_true,N_row) {
+   ## simulate counts for thi .... [TRUNCATED] 

> # res_mat <- t(apply(mesh, 1, run_one))
> res_mat <- do.call(
+   rbind,
+   lapply(seq_len(nmesh), function(i) {
+     run_one(p_true = mesh[i, ],  .... [TRUNCATED] 

> out <- as.data.frame(res_mat)

> # K = number of true proportions assumed to be the first K columns of res_mat
> K <- ncol(out) - 5L  # (p1..pK, then rmse_i, rmse_ii, rmse_iii, rmse .... [TRUNCATED] 

> # Ensure N_vec is a matrix with one row per simulation and G columns (groups)
> N_mat <- if (is.null(dim(N_vec))) {
+   matrix(N_vec, nrow = nrow(ou .... [TRUNCATED] 

> # Coerce sample sizes to integers (safe rounding, then integer cast)
> N_int <- matrix(as.integer(round(N_mat)),
+                 nrow = nrow(N_mat .... [TRUNCATED] 

> colnames(N_int) <- paste0("N", seq_len(ncol(N_int)))  # N1..NG

> # Bind G sample-size columns to out
> out <- cbind(out, N_int)

> # Name the existing columns for proportions and RMSEs
> colnames(out)[seq_len(K)] <- paste0("p", seq_len(K))

> colnames(out)[K + seq_len(5)] <- c("rmse_i","rmse_ii","rmse_iii","rmse_iv","rmse_v")

> # Write CSV (no row names)
> # write.csv(out, file = "DM_rmse_by_simulation.csv", row.names = FALSE)
> 
> ## ---- write CSV ------------------------ .... [TRUNCATED] 

> write.csv(out, csv_path, row.names = FALSE)

> message("Wrote: ", csv_path)

> ## ---- ternary plots ---------------------------------------------------------
> if (K == 3) {
+   
+ suppressWarnings(suppressPackageStartupMessag .... [TRUNCATED] 

> print(params)
$K
[1] 3

$G
[1] 1

$h
[1] 0.03

$theta_true
[1] 100

$Nmin
[1] 50

$Nmax
[1] 1000

$nsamples
[1] 1000

$random.seed
[1] 35643

$kappa
[1] 50


> n <- length(out$rmse_i)

> stopifnot(length(out$rmse_ii) == n, length(out$rmse_iii) == n, length(out$rmse_iv) == n, length(out$rmse_v) == n)

> df <- data.frame(
+   id     = rep(seq_len(n), times = 5),                 # block (simplex point)
+   method = factor(rep(c("i","ii","iii","iv","v" .... [TRUNCATED] 

> ## Overall nonparametric repeated-measures test
> ft <- friedman.test(rmse ~ method | id, data = df)

> print(ft)

	Friedman rank sum test

data:  rmse and method and id
Friedman chi-squared = 38.21, df = 4, p-value = 1.014e-07


> ## Kendall’s W effect size (approx. from Friedman chi-square)
> k <- nlevels(df$method)

> W <- as.numeric(ft$statistic) / (n * (k - 1))

> cat(sprintf("Kendall's W ≈ %.3f\n", W))
Kendall's W ≈ 0.065

> ## Post-hoc paired comparisons with multiplicity control
> pw <- pairwise.wilcox.test(df$rmse, df$method,
+                            paired = TRUE .... [TRUNCATED] 

> print(pw)

	Pairwise comparisons using Wilcoxon signed rank test with continuity correction 

data:  df$rmse and df$method 

    i       ii      iii    iv    
ii  1.0000  -       -      -     
iii 6.3e-06 4.6e-08 -      -     
iv  0.0022  0.0010  0.0021 -     
v   0.1142  0.0028  0.0056 1.0000

P value adjustment method: holm 

> ## Convert to wide for paired, within-simplex-point comparisons
> wide <- reshape(df, idvar = "id", timevar = "method", direction = "wide")

> ## 1) Paired, robust effect: Hodges–Lehmann (median) difference + 95% CI
> methods <- c("i","ii","iii","iv","v")

> pair_list <- combn(methods, 2, simplify = FALSE)

> wilcox_ci <- lapply(pair_list, function(pr) {
+   a <- wide[[paste0("rmse.", pr[1])]]
+   b <- wide[[paste0("rmse.", pr[2])]]
+   wt <- wilcox.test( .... [TRUNCATED] 

> for (obj in wilcox_ci) {
+   cat("
+ Paired Wilcoxon (", obj$comp, "):
+ ", sep = "")
+   print(obj$test)
+ }

Paired Wilcoxon (ii - i):

	Wilcoxon signed rank test with continuity correction

data:  b and a
V = 5321, p-value = 0.8203
alternative hypothesis: true location shift is not equal to 0
95 percent confidence interval:
 -7.185244e-05  4.047152e-05
sample estimates:
(pseudo)median 
 -3.910953e-05 


Paired Wilcoxon (iii - i):

	Wilcoxon signed rank test with continuity correction

data:  b and a
V = 2873, p-value = 7.01e-07
alternative hypothesis: true location shift is not equal to 0
95 percent confidence interval:
 -2.896887e-05 -4.880126e-05
sample estimates:
(pseudo)median 
 -1.801953e-05 


Paired Wilcoxon (iv - i):

	Wilcoxon signed rank test with continuity correction

data:  b and a
V = 3596, p-value = 0.0003667
alternative hypothesis: true location shift is not equal to 0
95 percent confidence interval:
 -3.274706e-05 -5.257910e-05
sample estimates:
(pseudo)median 
 -2.179137e-05 


Paired Wilcoxon (v - i):

	Wilcoxon signed rank test with continuity correction

data:  b and a
V = 4366, p-value = 0.03808
alternative hypothesis: true location shift is not equal to 0
95 percent confidence interval:
 -6.091020e-06 -3.692749e-06
sample estimates:
(pseudo)median 
 -4.546487e-05 


Paired Wilcoxon (iii - ii):

	Wilcoxon signed rank test with continuity correction

data:  b and a
V = 2407, p-value = 4.567e-09
alternative hypothesis: true location shift is not equal to 0
95 percent confidence interval:
 -7.100584e-05 -3.574455e-05
sample estimates:
(pseudo)median 
 -5.893085e-05 


Paired Wilcoxon (iv - ii):

	Wilcoxon signed rank test with continuity correction

data:  b and a
V = 3460, p-value = 0.0001303
alternative hypothesis: true location shift is not equal to 0
95 percent confidence interval:
 -7.147752e-05 -3.621666e-05
sample estimates:
(pseudo)median 
 -5.940268e-05 


Paired Wilcoxon (v - ii):

	Wilcoxon signed rank test with continuity correction

data:  b and a
V = 3652, p-value = 0.0005509
alternative hypothesis: true location shift is not equal to 0
95 percent confidence interval:
 -4.587684e-05 -5.146240e-05
sample estimates:
(pseudo)median 
 -1.134634e-05 


Paired Wilcoxon (iv - iii):

	Wilcoxon signed rank test with continuity correction

data:  b and a
V = 7309, p-value = 0.0003001
alternative hypothesis: true location shift is not equal to 0
95 percent confidence interval:
 -1.38632e-05  3.94667e-05
sample estimates:
(pseudo)median 
   3.94667e-05 


Paired Wilcoxon (v - iii):

	Wilcoxon signed rank test with continuity correction

data:  b and a
V = 7091, p-value = 0.001405
alternative hypothesis: true location shift is not equal to 0
95 percent confidence interval:
 -4.602350e-05  2.304551e-05
sample estimates:
(pseudo)median 
 -1.629915e-05 


Paired Wilcoxon (v - iv):

	Wilcoxon signed rank test with continuity correction

data:  b and a
V = 5517, p-value = 0.8809
alternative hypothesis: true location shift is not equal to 0
95 percent confidence interval:
 -4.554502e-05  2.352396e-05
sample estimates:
(pseudo)median 
 -1.582068e-05 


> ## 2) Practical impact: percent change in RMSE (median & IQR)
> ## Compute ALL pairwise percent changes: 100 * (RMSE_B - RMSE_A) / RMSE_A
> methods  .... [TRUNCATED] 

> rmse_cols <- paste0("rmse.", methods)

> ## sanity check
> stopifnot(all(rmse_cols %in% names(wide)))

> ## build percent-change columns programmatically for every unordered pair
> pairs <- combn(methods, 2, simplify = FALSE)  # each element is c(A,B) w .... [TRUNCATED] 

> pct <- wide

> for (ab in pairs) {
+   a <- ab[1]; b <- ab[2]
+   nm <- paste0("pct_", b, "_", a)
+   pct[[nm]] <- 100 * (pct[[paste0("rmse.", b)]] - pct[[paste0(" ..." ... [TRUNCATED] 

> pct_cols <- paste0("pct_", sapply(pairs, `[`, 2), "_", sapply(pairs, `[`, 1))

> tmp <- sapply(pct[pct_cols],
+               \(x) c(median = median(x), IQR = IQR(x),
+                      q25 = quantile(x, .25), q75 = quantile( .... [TRUNCATED] 

> print(tmp)
             pct_ii_i    pct_iii_i      pct_iv_i      pct_v_i   pct_iii_ii
median  -4.752748e-06 -0.008132450 -0.0003735322 -0.000523258 -0.007153157
IQR      1.621554e-02  0.026660625  0.0086768406  0.015185209  0.021605402
q25.25% -9.163350e-03 -0.022578952 -0.0080362180 -0.010866524 -0.018205077
q75.75%  7.052193e-03  0.004081674  0.0006406226  0.004318685  0.003400326
            pct_iv_ii     pct_v_ii   pct_iv_iii    pct_v_iii      pct_v_iv
median  -0.0003959514 -0.001256935  0.004900658  0.003947522 -3.094475e-05
IQR      0.0036414787  0.011530979  0.017395492  0.019441923  3.669877e-03
q25.25% -0.0031357796 -0.009794019 -0.005721693 -0.005744555 -1.572006e-03
q75.75%  0.0005056990  0.001736960  0.011673799  0.013697368  2.097871e-03

> ## 3) Standardized paired effect r from Wilcoxon Z
> r_from_wilcox <- function(x, y){
+   wt <- wilcox.test(x, y, paired = TRUE, exact = FALSE)
+    .... [TRUNCATED] 

> r_pairs <- lapply(pair_list, function(pr){
+   a <- wide[[paste0("rmse.", pr[1])]]
+   b <- wide[[paste0("rmse.", pr[2])]]
+   r <- r_from_wilcox(a, .... [TRUNCATED] 

> r_tbl <- do.call(rbind, r_pairs)

> print(r_tbl)
        pair           r
1    ii vs i -0.01874063
2   iii vs i -0.40918381
3    iv vs i -0.29386910
4     v vs i -0.17105813
5  iii vs ii -0.48350837
6   iv vs ii -0.31556038
7    v vs ii -0.28493739
8  iv vs iii  0.29817545
9   v vs iii  0.26340560
10   v vs iv -0.01236084

> m <- lmer(rmse ~ method + (1 | id), data = df)

> print(anova(m))                               # overall method effect)
Type III Analysis of Variance Table with Satterthwaite's method
        Sum Sq  Mean Sq NumDF DenDF F value    Pr(>F)    
method 0.32842 0.082104     4   584  13.336 2.095e-10 ***
---
Signif. codes:  0 ‘***’ 0.001 ‘**’ 0.01 ‘*’ 0.05 ‘.’ 0.1 ‘ ’ 1

> print(emmeans(m, pairwise ~ method, adjust = "holm"))  # post-hoc
$emmeans
 method emmean      SE  df lower.CL upper.CL
 i      0.0986 0.00715 646   0.0846   0.1127
 ii     0.0910 0.00715 646   0.0770   0.1050
 iii    0.0514 0.00715 646   0.0374   0.0654
 iv     0.0514 0.00715 646   0.0374   0.0654
 v      0.0531 0.00715 646   0.0390   0.0671

Degrees-of-freedom method: kenward-roger 
Confidence level used: 0.95 

$contrasts
 contrast  estimate      SE  df t.ratio p.value
 i - ii    0.007613 0.00915 584   0.832  1.0000
 i - iii   0.047219 0.00915 584   5.159 <0.0001
 i - iv    0.047217 0.00915 584   5.159 <0.0001
 i - v     0.045530 0.00915 584   4.975 <0.0001
 ii - iii  0.039606 0.00915 584   4.327  0.0001
 ii - iv   0.039604 0.00915 584   4.327  0.0001
 ii - v    0.037917 0.00915 584   4.143  0.0002
 iii - iv -0.000002 0.00915 584   0.000  1.0000
 iii - v  -0.001689 0.00915 584  -0.185  1.0000
 iv - v   -0.001687 0.00915 584  -0.184  1.0000

Degrees-of-freedom method: kenward-roger 
P value adjustment: holm method for 10 tests 


> on.exit(sink()) 
