file = hake_ex3.lst
Run Time Start: 2026-04-16 16:57:05 

Sampled simplex dimensions: 231 3 

--- Sample-size distribution diagnostics ---
Sample Size Distribution = 1 (Poisson)
Target mean = 25.000
Realized mean = 24.954
Realized SD = 4.987
  0%   5%  25%  50%  75%  95% 100% 
   7   17   21   25   28   33   51 
--- End diagnostics ---

$K
[1] 3

$G
[1] 8

$h
[1] 0.05

$theta_true
[1] 0.5

$theta_CV
[1] 0

$dist_code
[1] 1

$mean_nsamp
[1] 25

$ln_sd
[1] 1

$nb_size
[1] 25

$Nmin
[1] 50

$Nmax
[1] 100

$nsims
[1] 5

$random.seed
[1] 2125474368

$od_mult
[1] 1

$sigma
[1] 0.25

$p_lbound
[1] 0 0 0

$p_ubound
[1] 1 1 1


	Friedman rank sum test

data:  rmse and method and id
Friedman chi-squared = 240.62, df = 4, p-value < 2.2e-16

Kendall's W ~= 0.052

	Pairwise comparisons using Wilcoxon signed rank test with continuity correction 

data:  df$rmse and df$method 

    i       ii      iii     iv     
ii  < 2e-16 -       -       -      
iii 0.00015 < 2e-16 -       -      
iv  0.11865 < 2e-16 3.7e-08 -      
v   0.11230 < 2e-16 0.00918 0.00013

P value adjustment method: holm 

Paired Wilcoxon (ii - i):

	Wilcoxon signed rank test with continuity correction

data:  b and a
V = 471034, p-value < 2.2e-16
alternative hypothesis: true location shift is not equal to 0
95 percent confidence interval:
 0.009426641 0.012980699
sample estimates:
(pseudo)median 
    0.01118012 


Paired Wilcoxon (iii - i):

	Wilcoxon signed rank test with continuity correction

data:  b and a
V = 287091, p-value = 3.806e-05
alternative hypothesis: true location shift is not equal to 0
95 percent confidence interval:
 -0.0012086810 -0.0004273516
sample estimates:
(pseudo)median 
 -0.0007928194 


Paired Wilcoxon (iv - i):

	Wilcoxon signed rank test with continuity correction

data:  b and a
V = 351489, p-value = 0.1187
alternative hypothesis: true location shift is not equal to 0
95 percent confidence interval:
 -6.632367e-05  7.257098e-04
sample estimates:
(pseudo)median 
  0.0003406881 


Paired Wilcoxon (v - i):

	Wilcoxon signed rank test with continuity correction

data:  b and a
V = 312139, p-value = 0.05615
alternative hypothesis: true location shift is not equal to 0
95 percent confidence interval:
 -0.0004595114  0.0000104901
sample estimates:
(pseudo)median 
  -0.000208853 


Paired Wilcoxon (iii - ii):

	Wilcoxon signed rank test with continuity correction

data:  b and a
V = 176184, p-value < 2.2e-16
alternative hypothesis: true location shift is not equal to 0
95 percent confidence interval:
 -0.01401232 -0.01059212
sample estimates:
(pseudo)median 
   -0.01230097 


Paired Wilcoxon (iv - ii):

	Wilcoxon signed rank test with continuity correction

data:  b and a
V = 190663, p-value < 2.2e-16
alternative hypothesis: true location shift is not equal to 0
95 percent confidence interval:
 -0.012971965 -0.009551609
sample estimates:
(pseudo)median 
   -0.01124051 


Paired Wilcoxon (v - ii):

	Wilcoxon signed rank test with continuity correction

data:  b and a
V = 184936, p-value < 2.2e-16
alternative hypothesis: true location shift is not equal to 0
95 percent confidence interval:
 -0.01364035 -0.01013230
sample estimates:
(pseudo)median 
   -0.01188081 


Paired Wilcoxon (iv - iii):

	Wilcoxon signed rank test with continuity correction

data:  b and a
V = 399687, p-value = 6.203e-09
alternative hypothesis: true location shift is not equal to 0
95 percent confidence interval:
 0.0008355693 0.0016767694
sample estimates:
(pseudo)median 
   0.001257347 


Paired Wilcoxon (v - iii):

	Wilcoxon signed rank test with continuity correction

data:  b and a
V = 367378, p-value = 0.003059
alternative hypothesis: true location shift is not equal to 0
95 percent confidence interval:
 0.0001347046 0.0006112525
sample estimates:
(pseudo)median 
  0.0003401909 


Paired Wilcoxon (v - iv):

	Wilcoxon signed rank test with continuity correction

data:  b and a
V = 286061, p-value = 2.556e-05
alternative hypothesis: true location shift is not equal to 0
95 percent confidence interval:
 -0.0008353135 -0.0002999178
sample estimates:
(pseudo)median 
 -0.0005514521 

Percent change in RMSE for method X relative to method Y 

         pct_ii_i  pct_iii_i   pct_iv_i    pct_v_i pct_iii_ii pct_iv_ii
median   23.29668  -1.369948  0.2925155 -0.2283669  -22.76890 -19.23466
IQR     115.39662  20.640070 22.1004782 12.2170728   63.18745  67.92637
q25.25% -15.49427 -11.963263 -9.6342259 -6.7887151  -48.58410 -47.83907
q75.75%  99.90236   8.676806 12.4662523  5.4283578   14.60335  20.08730
         pct_v_ii pct_iv_iii  pct_v_iii   pct_v_iv
median  -21.37932   2.913651  0.3149068 -0.7461821
IQR      66.53929  24.561551 12.9312764 13.3212417
q25.25% -49.40938  -7.815616 -4.6741505 -8.2441924
q75.75%  17.12991  16.745934  8.2571259  5.0770494
Type III Analysis of Variance Table with Satterthwaite's method
        Sum Sq  Mean Sq NumDF DenDF F value    Pr(>F)    
method 0.16345 0.040863     4  4616  86.434 < 2.2e-16 ***
---
Signif. codes:  0 ‘***’ 0.001 ‘**’ 0.01 ‘*’ 0.05 ‘.’ 0.1 ‘ ’ 1
$emmeans
 method emmean       SE  df asymp.LCL asymp.UCL
 i      0.0474 0.000947 Inf    0.0455    0.0492
 ii     0.0573 0.000947 Inf    0.0554    0.0591
 iii    0.0430 0.000947 Inf    0.0412    0.0449
 iv     0.0442 0.000947 Inf    0.0424    0.0461
 v      0.0435 0.000947 Inf    0.0417    0.0454

Degrees-of-freedom method: asymptotic 
Confidence level used: 0.95 

$contrasts
 contrast  estimate       SE  df z.ratio p.value
 i - ii   -0.009889 0.000905 Inf -10.929 <0.0001
 i - iii   0.004378 0.000905 Inf   4.839 <0.0001
 i - iv    0.003166 0.000905 Inf   3.500  0.0019
 i - v     0.003874 0.000905 Inf   4.282 <0.0001
 ii - iii  0.014267 0.000905 Inf  15.768 <0.0001
 ii - iv   0.013055 0.000905 Inf  14.429 <0.0001
 ii - v    0.013762 0.000905 Inf  15.211 <0.0001
 iii - iv -0.001212 0.000905 Inf  -1.339  0.5413
 iii - v  -0.000504 0.000905 Inf  -0.557  0.8684
 iv - v    0.000708 0.000905 Inf   0.782  0.8684

Degrees-of-freedom method: asymptotic 
P value adjustment: holm method for 10 tests 


	Friedman rank sum test

data:  L1_norm and method and id
Friedman chi-squared = 258.6, df = 4, p-value < 2.2e-16

Kendall's W for L1 norm ~= 0.056

	Pairwise comparisons using Wilcoxon signed rank test with continuity correction 

data:  df_L1$L1_norm and df_L1$method 

    i       ii      iii     iv     
ii  < 2e-16 -       -       -      
iii 0.00042 < 2e-16 -       -      
iv  0.10095 < 2e-16 3.5e-08 -      
v   0.10095 < 2e-16 0.01902 0.00010

P value adjustment method: holm 

Paired Wilcoxon for L1 norm (ii - i):

	Wilcoxon signed rank test with continuity correction

data:  b and a
V = 473315, p-value < 2.2e-16
alternative hypothesis: true location shift is not equal to 0
95 percent confidence interval:
 0.02598179 0.03543771
sample estimates:
(pseudo)median 
    0.03067501 


Paired Wilcoxon for L1 norm (iii - i):

	Wilcoxon signed rank test with continuity correction

data:  b and a
V = 289822, p-value = 0.0001053
alternative hypothesis: true location shift is not equal to 0
95 percent confidence interval:
 -0.003206619 -0.001042754
sample estimates:
(pseudo)median 
  -0.002116943 


Paired Wilcoxon for L1 norm (iv - i):

	Wilcoxon signed rank test with continuity correction

data:  b and a
V = 353648, p-value = 0.07997
alternative hypothesis: true location shift is not equal to 0
95 percent confidence interval:
 -0.0001301659  0.0021377539
sample estimates:
(pseudo)median 
  0.0009877012 


Paired Wilcoxon for L1 norm (v - i):

	Wilcoxon signed rank test with continuity correction

data:  b and a
V = 311617, p-value = 0.05048
alternative hypothesis: true location shift is not equal to 0
95 percent confidence interval:
 -1.224989e-03  2.191095e-05
sample estimates:
(pseudo)median 
 -0.0006014413 


Paired Wilcoxon for L1 norm (iii - ii):

	Wilcoxon signed rank test with continuity correction

data:  b and a
V = 174071, p-value < 2.2e-16
alternative hypothesis: true location shift is not equal to 0
95 percent confidence interval:
 -0.03830288 -0.02915647
sample estimates:
(pseudo)median 
   -0.03365782 


Paired Wilcoxon for L1 norm (iv - ii):

	Wilcoxon signed rank test with continuity correction

data:  b and a
V = 188905, p-value < 2.2e-16
alternative hypothesis: true location shift is not equal to 0
95 percent confidence interval:
 -0.03541072 -0.02612541
sample estimates:
(pseudo)median 
   -0.03074627 


Paired Wilcoxon for L1 norm (v - ii):

	Wilcoxon signed rank test with continuity correction

data:  b and a
V = 182902, p-value < 2.2e-16
alternative hypothesis: true location shift is not equal to 0
95 percent confidence interval:
 -0.03717932 -0.02779825
sample estimates:
(pseudo)median 
   -0.03247684 


Paired Wilcoxon for L1 norm (iv - iii):

	Wilcoxon signed rank test with continuity correction

data:  b and a
V = 399817, p-value = 5.792e-09
alternative hypothesis: true location shift is not equal to 0
95 percent confidence interval:
 0.002343666 0.004670628
sample estimates:
(pseudo)median 
   0.003507805 


Paired Wilcoxon for L1 norm (v - iii):

	Wilcoxon signed rank test with continuity correction

data:  b and a
V = 364746, p-value = 0.006341
alternative hypothesis: true location shift is not equal to 0
95 percent confidence interval:
 0.0002409879 0.0016151367
sample estimates:
(pseudo)median 
  0.0009501184 


Paired Wilcoxon for L1 norm (v - iv):

	Wilcoxon signed rank test with continuity correction

data:  b and a
V = 285545, p-value = 2.088e-05
alternative hypothesis: true location shift is not equal to 0
95 percent confidence interval:
 -0.0023725506 -0.0008244511
sample estimates:
(pseudo)median 
  -0.001605893 

Percent change in L1 norm for method X relative to method Y 

        pct_L1_norm_ii_i pct_L1_norm_iii_i pct_L1_norm_iv_i pct_L1_norm_v_i
median          24.23407         -1.642940        0.2757237      -0.2583263
IQR            114.89782         22.417881       23.1839360      12.2871614
q25.25%        -15.01631        -12.890329       -9.3794359      -6.8665490
q75.75%         99.88151          9.527552       13.8045001       5.4206124
        pct_L1_norm_iii_ii pct_L1_norm_iv_ii pct_L1_norm_v_ii
median           -22.76843         -19.66110        -21.90891
IQR               62.87544          66.43934         68.32522
q25.25%          -49.20865         -47.70167        -50.22459
q75.75%           13.66678          18.73767         18.10063
        pct_L1_norm_iv_iii pct_L1_norm_v_iii pct_L1_norm_v_iv
median            3.003972         0.3137937       -0.6953829
IQR              25.248766        13.6105971       13.5766603
q25.25%          -7.915537        -5.3952573       -8.7236854
q75.75%          17.333229         8.2153398        4.8529749
Type III Analysis of Variance Table with Satterthwaite's method
       Sum Sq Mean Sq NumDF DenDF F value    Pr(>F)    
method 1.2046 0.30116     4  4616  87.751 < 2.2e-16 ***
---
Signif. codes:  0 ‘***’ 0.001 ‘**’ 0.01 ‘*’ 0.05 ‘.’ 0.1 ‘ ’ 1
$emmeans
 method emmean      SE  df asymp.LCL asymp.UCL
 i       0.127 0.00254 Inf     0.122     0.132
 ii      0.154 0.00254 Inf     0.149     0.159
 iii     0.115 0.00254 Inf     0.110     0.120
 iv      0.119 0.00254 Inf     0.114     0.124
 v       0.117 0.00254 Inf     0.112     0.122

Degrees-of-freedom method: asymptotic 
Confidence level used: 0.95 

$contrasts
 contrast estimate      SE  df z.ratio p.value
 i - ii   -0.02701 0.00244 Inf -11.081 <0.0001
 i - iii   0.01168 0.00244 Inf   4.791 <0.0001
 i - iv    0.00841 0.00244 Inf   3.451  0.0022
 i - v     0.01042 0.00244 Inf   4.274 <0.0001
 ii - iii  0.03869 0.00244 Inf  15.872 <0.0001
 ii - iv   0.03543 0.00244 Inf  14.532 <0.0001
 ii - v    0.03743 0.00244 Inf  15.355 <0.0001
 iii - iv -0.00327 0.00244 Inf  -1.340  0.5406
 iii - v  -0.00126 0.00244 Inf  -0.517  0.8210
 iv - v    0.00201 0.00244 Inf   0.823  0.8210

Degrees-of-freedom method: asymptotic 
P value adjustment: holm method for 10 tests 


	Friedman rank sum test

data:  Linf_norm and method and id
Friedman chi-squared = 258.6, df = 4, p-value < 2.2e-16

Kendall's W for Linf norm ~= 0.056

	Pairwise comparisons using Wilcoxon signed rank test with continuity correction 

data:  df_Linf$Linf_norm and df_Linf$method 

    i       ii      iii     iv     
ii  < 2e-16 -       -       -      
iii 0.00042 < 2e-16 -       -      
iv  0.10095 < 2e-16 3.5e-08 -      
v   0.10095 < 2e-16 0.01902 0.00010

P value adjustment method: holm 

Paired Wilcoxon for Linf norm (ii - i):

	Wilcoxon signed rank test with continuity correction

data:  b and a
V = 473315, p-value < 2.2e-16
alternative hypothesis: true location shift is not equal to 0
95 percent confidence interval:
 0.01300610 0.01771885
sample estimates:
(pseudo)median 
    0.01533315 


Paired Wilcoxon for Linf norm (iii - i):

	Wilcoxon signed rank test with continuity correction

data:  b and a
V = 289822, p-value = 0.0001053
alternative hypothesis: true location shift is not equal to 0
95 percent confidence interval:
 -0.0016033095 -0.0005213769
sample estimates:
(pseudo)median 
  -0.001082048 


Paired Wilcoxon for Linf norm (iv - i):

	Wilcoxon signed rank test with continuity correction

data:  b and a
V = 353648, p-value = 0.07997
alternative hypothesis: true location shift is not equal to 0
95 percent confidence interval:
 -4.008294e-05  1.068877e-03
sample estimates:
(pseudo)median 
  0.0004938627 


Paired Wilcoxon for Linf norm (v - i):

	Wilcoxon signed rank test with continuity correction

data:  b and a
V = 311617, p-value = 0.05048
alternative hypothesis: true location shift is not equal to 0
95 percent confidence interval:
 -5.944944e-04  1.095547e-05
sample estimates:
(pseudo)median 
 -0.0003007201 


Paired Wilcoxon for Linf norm (iii - ii):

	Wilcoxon signed rank test with continuity correction

data:  b and a
V = 174071, p-value < 2.2e-16
alternative hypothesis: true location shift is not equal to 0
95 percent confidence interval:
 -0.01915144 -0.01457823
sample estimates:
(pseudo)median 
   -0.01682891 


Paired Wilcoxon for Linf norm (iv - ii):

	Wilcoxon signed rank test with continuity correction

data:  b and a
V = 188905, p-value < 2.2e-16
alternative hypothesis: true location shift is not equal to 0
95 percent confidence interval:
 -0.01769744 -0.01306270
sample estimates:
(pseudo)median 
   -0.01537314 


Paired Wilcoxon for Linf norm (v - ii):

	Wilcoxon signed rank test with continuity correction

data:  b and a
V = 182902, p-value < 2.2e-16
alternative hypothesis: true location shift is not equal to 0
95 percent confidence interval:
 -0.01856779 -0.01387864
sample estimates:
(pseudo)median 
   -0.01623845 


Paired Wilcoxon for Linf norm (iv - iii):

	Wilcoxon signed rank test with continuity correction

data:  b and a
V = 399817, p-value = 5.792e-09
alternative hypothesis: true location shift is not equal to 0
95 percent confidence interval:
 0.001171833 0.002335314
sample estimates:
(pseudo)median 
   0.001753903 


Paired Wilcoxon for Linf norm (v - iii):

	Wilcoxon signed rank test with continuity correction

data:  b and a
V = 364746, p-value = 0.006341
alternative hypothesis: true location shift is not equal to 0
95 percent confidence interval:
 0.0001454940 0.0008075684
sample estimates:
(pseudo)median 
  0.0004750592 


Paired Wilcoxon for Linf norm (v - iv):

	Wilcoxon signed rank test with continuity correction

data:  b and a
V = 285545, p-value = 2.088e-05
alternative hypothesis: true location shift is not equal to 0
95 percent confidence interval:
 -0.0011612753 -0.0004122255
sample estimates:
(pseudo)median 
 -0.0008029467 

Percent change in Linf norm for method X relative to method Y 

        pct_Linf_norm_ii_i pct_Linf_norm_iii_i pct_Linf_norm_iv_i
median            24.23407           -1.642940          0.2757237
IQR              114.89782           22.417881         23.1839360
q25.25%          -15.01631          -12.890329         -9.3794359
q75.75%           99.88151            9.527552         13.8045001
        pct_Linf_norm_v_i pct_Linf_norm_iii_ii pct_Linf_norm_iv_ii
median         -0.2583263            -22.76843           -19.66110
IQR            12.2871614             62.87544            66.43934
q25.25%        -6.8665490            -49.20865           -47.70167
q75.75%         5.4206124             13.66678            18.73767
        pct_Linf_norm_v_ii pct_Linf_norm_iv_iii pct_Linf_norm_v_iii
median           -21.90891             3.003972           0.3137937
IQR               68.32522            25.248766          13.6105971
q25.25%          -50.22459            -7.915537          -5.3952573
q75.75%           18.10063            17.333229           8.2153398
        pct_Linf_norm_v_iv
median          -0.6953829
IQR             13.5766603
q25.25%         -8.7236854
q75.75%          4.8529749
Type III Analysis of Variance Table with Satterthwaite's method
        Sum Sq  Mean Sq NumDF DenDF F value    Pr(>F)    
method 0.30116 0.075289     4  4616  87.751 < 2.2e-16 ***
---
Signif. codes:  0 ‘***’ 0.001 ‘**’ 0.01 ‘*’ 0.05 ‘.’ 0.1 ‘ ’ 1
$emmeans
 method emmean      SE  df asymp.LCL asymp.UCL
 i      0.0636 0.00127 Inf    0.0611    0.0660
 ii     0.0771 0.00127 Inf    0.0746    0.0796
 iii    0.0577 0.00127 Inf    0.0552    0.0602
 iv     0.0594 0.00127 Inf    0.0569    0.0618
 v      0.0584 0.00127 Inf    0.0559    0.0608

Degrees-of-freedom method: asymptotic 
Confidence level used: 0.95 

$contrasts
 contrast estimate      SE  df z.ratio p.value
 i - ii   -0.01351 0.00122 Inf -11.081 <0.0001
 i - iii   0.00584 0.00122 Inf   4.791 <0.0001
 i - iv    0.00421 0.00122 Inf   3.451  0.0022
 i - v     0.00521 0.00122 Inf   4.274 <0.0001
 ii - iii  0.01935 0.00122 Inf  15.872 <0.0001
 ii - iv   0.01771 0.00122 Inf  14.532 <0.0001
 ii - v    0.01872 0.00122 Inf  15.355 <0.0001
 iii - iv -0.00163 0.00122 Inf  -1.340  0.5406
 iii - v  -0.00063 0.00122 Inf  -0.517  0.8210
 iv - v    0.00100 0.00122 Inf   0.823  0.8210

Degrees-of-freedom method: asymptotic 
P value adjustment: holm method for 10 tests 


Run Time End: 2026-04-16 16:57:18 

Total Elapsed Time: 12.83 secs 

