file = hake_ex2.lst
Run Time Start: 2026-04-13 17:54:53 

Sampled simplex dimensions: 231 3 

--- Sample-size distribution diagnostics ---
Sample Size Distribution = 1 (Poisson)
Target mean = 25.000
Realized mean = 24.931
Realized SD = 4.959
  0%   5%  25%  50%  75%  95% 100% 
  10   17   22   25   28   33   51 
--- End diagnostics ---

$K
[1] 3

$G
[1] 4

$h
[1] 0.05

$theta_true
[1] 0.5

$theta_CV
[1] 0

$dist_code
[1] 1

$mean_nsamp
[1] 25

$ln_sd
[1] 1

$nb_size
[1] 25

$Nmin
[1] 50

$Nmax
[1] 100

$nsims
[1] 5

$random.seed
[1] 2125474368

$od_mult
[1] 1

$sigma
[1] 0.25

$p_lbound
[1] 0 0 0

$p_ubound
[1] 1 1 1


	Friedman rank sum test

data:  rmse and method and id
Friedman chi-squared = 199.42, df = 4, p-value < 2.2e-16

Kendall's W ~= 0.043

	Pairwise comparisons using Wilcoxon signed rank test with continuity correction 

data:  df$rmse and df$method 

    i       ii      iii     iv   
ii  < 2e-16 -       -       -    
iii 2.6e-07 < 2e-16 -       -    
iv  0.244   < 2e-16 4.5e-08 -    
v   0.244   < 2e-16 3.8e-06 0.012

P value adjustment method: holm 

Paired Wilcoxon (ii - i):

	Wilcoxon signed rank test with continuity correction

data:  b and a
V = 454924, p-value < 2.2e-16
alternative hypothesis: true location shift is not equal to 0
95 percent confidence interval:
 0.01010553 0.01467452
sample estimates:
(pseudo)median 
    0.01235025 


Paired Wilcoxon (iii - i):

	Wilcoxon signed rank test with continuity correction

data:  b and a
V = 272041, p-value = 5.144e-08
alternative hypothesis: true location shift is not equal to 0
95 percent confidence interval:
 -0.0018947593 -0.0008887247
sample estimates:
(pseudo)median 
  -0.001391462 


Paired Wilcoxon (iv - i):

	Wilcoxon signed rank test with continuity correction

data:  b and a
V = 351328, p-value = 0.122
alternative hypothesis: true location shift is not equal to 0
95 percent confidence interval:
 -4.027762e-05  5.686699e-04
sample estimates:
(pseudo)median 
  0.0001566335 


Paired Wilcoxon (v - i):

	Wilcoxon signed rank test with continuity correction

data:  b and a
V = 316595, p-value = 0.1293
alternative hypothesis: true location shift is not equal to 0
95 percent confidence interval:
 -2.557662e-04  4.617565e-05
sample estimates:
(pseudo)median 
 -0.0001204067 


Paired Wilcoxon (iii - ii):

	Wilcoxon signed rank test with continuity correction

data:  b and a
V = 185473, p-value < 2.2e-16
alternative hypothesis: true location shift is not equal to 0
95 percent confidence interval:
 -0.01662842 -0.01227102
sample estimates:
(pseudo)median 
   -0.01442992 


Paired Wilcoxon (iv - ii):

	Wilcoxon signed rank test with continuity correction

data:  b and a
V = 203739, p-value < 2.2e-16
alternative hypothesis: true location shift is not equal to 0
95 percent confidence interval:
 -0.01497463 -0.01055742
sample estimates:
(pseudo)median 
   -0.01273286 


Paired Wilcoxon (v - ii):

	Wilcoxon signed rank test with continuity correction

data:  b and a
V = 200899, p-value < 2.2e-16
alternative hypothesis: true location shift is not equal to 0
95 percent confidence interval:
 -0.01528088 -0.01083640
sample estimates:
(pseudo)median 
   -0.01301809 


Paired Wilcoxon (iv - iii):

	Wilcoxon signed rank test with continuity correction

data:  b and a
V = 399326, p-value = 7.499e-09
alternative hypothesis: true location shift is not equal to 0
95 percent confidence interval:
 0.001135892 0.002296336
sample estimates:
(pseudo)median 
   0.001715225 


Paired Wilcoxon (v - iii):

	Wilcoxon signed rank test with continuity correction

data:  b and a
V = 389367, p-value = 9.533e-07
alternative hypothesis: true location shift is not equal to 0
95 percent confidence interval:
 0.0004651886 0.0011800937
sample estimates:
(pseudo)median 
  0.0008077309 


Paired Wilcoxon (v - iv):

	Wilcoxon signed rank test with continuity correction

data:  b and a
V = 301233, p-value = 0.004083
alternative hypothesis: true location shift is not equal to 0
95 percent confidence interval:
 -5.540729e-04 -4.026172e-05
sample estimates:
(pseudo)median 
 -0.0002715868 

Percent change in RMSE for method X relative to method Y 

         pct_ii_i  pct_iii_i     pct_iv_i      pct_v_i pct_iii_ii
median   19.31554  -2.200152  0.001574442 -0.003584937  -18.16631
IQR      98.59235  18.744345 14.007852406  6.904524365   59.34150
q25.25% -17.08168 -10.942695 -5.365972990 -3.556278335  -45.25264
q75.75%  81.51067   7.801651  8.641879416  3.348246030   14.08886
        pct_iv_ii  pct_v_ii pct_iv_iii  pct_v_iii     pct_v_iv
median  -15.91860 -16.16046   2.353376  0.6156521 -0.002334712
IQR      62.73235  62.82795  23.284944 12.5626307  8.561252995
q25.25% -44.54453 -44.73704  -8.278966 -4.2888985 -5.499532545
q75.75%  18.18782  18.09090  15.005978  8.2737322  3.061720450
Type III Analysis of Variance Table with Satterthwaite's method
        Sum Sq  Mean Sq NumDF DenDF F value    Pr(>F)    
method 0.22976 0.057441     4  4616   112.8 < 2.2e-16 ***
---
Signif. codes:  0 ‘***’ 0.001 ‘**’ 0.01 ‘*’ 0.05 ‘.’ 0.1 ‘ ’ 1
$emmeans
 method emmean      SE  df asymp.LCL asymp.UCL
 i      0.0665 0.00124 Inf    0.0641    0.0689
 ii     0.0796 0.00124 Inf    0.0772    0.0820
 iii    0.0625 0.00124 Inf    0.0600    0.0649
 iv     0.0642 0.00124 Inf    0.0618    0.0666
 v      0.0636 0.00124 Inf    0.0612    0.0660

Degrees-of-freedom method: asymptotic 
Confidence level used: 0.95 

$contrasts
 contrast  estimate       SE  df z.ratio p.value
 i - ii   -0.013101 0.000939 Inf -13.951 <0.0001
 i - iii   0.004049 0.000939 Inf   4.312 <0.0001
 i - iv    0.002309 0.000939 Inf   2.459  0.0557
 i - v     0.002916 0.000939 Inf   3.106  0.0095
 ii - iii  0.017149 0.000939 Inf  18.263 <0.0001
 ii - iv   0.015410 0.000939 Inf  16.410 <0.0001
 ii - v    0.016017 0.000939 Inf  17.057 <0.0001
 iii - iv -0.001740 0.000939 Inf  -1.852  0.1919
 iii - v  -0.001132 0.000939 Inf  -1.206  0.4558
 iv - v    0.000607 0.000939 Inf   0.647  0.5179

Degrees-of-freedom method: asymptotic 
P value adjustment: holm method for 10 tests 


	Friedman rank sum test

data:  L1_norm and method and id
Friedman chi-squared = 191.47, df = 4, p-value < 2.2e-16

Kendall's W for L1 norm ~= 0.041

	Pairwise comparisons using Wilcoxon signed rank test with continuity correction 

data:  df_L1$L1_norm and df_L1$method 

    i       ii      iii     iv  
ii  < 2e-16 -       -       -   
iii 5.6e-07 < 2e-16 -       -   
iv  0.12    < 2e-16 5.6e-07 -   
v   0.12    < 2e-16 1.0e-05 0.01

P value adjustment method: holm 

Paired Wilcoxon for L1 norm (ii - i):

	Wilcoxon signed rank test with continuity correction

data:  b and a
V = 452693, p-value < 2.2e-16
alternative hypothesis: true location shift is not equal to 0
95 percent confidence interval:
 0.02682459 0.03910026
sample estimates:
(pseudo)median 
    0.03281358 


Paired Wilcoxon for L1 norm (iii - i):

	Wilcoxon signed rank test with continuity correction

data:  b and a
V = 273446, p-value = 1.024e-07
alternative hypothesis: true location shift is not equal to 0
95 percent confidence interval:
 -0.005074214 -0.002399553
sample estimates:
(pseudo)median 
  -0.003760887 


Paired Wilcoxon for L1 norm (iv - i):

	Wilcoxon signed rank test with continuity correction

data:  b and a
V = 351769, p-value = 0.1129
alternative hypothesis: true location shift is not equal to 0
95 percent confidence interval:
 -4.022971e-05  1.600338e-03
sample estimates:
(pseudo)median 
  0.0005031391 


Paired Wilcoxon for L1 norm (v - i):

	Wilcoxon signed rank test with continuity correction

data:  b and a
V = 312329, p-value = 0.05834
alternative hypothesis: true location shift is not equal to 0
95 percent confidence interval:
 -0.0008728888 -0.0000150677
sample estimates:
(pseudo)median 
 -0.0003404642 


Paired Wilcoxon for L1 norm (iii - ii):

	Wilcoxon signed rank test with continuity correction

data:  b and a
V = 187621, p-value < 2.2e-16
alternative hypothesis: true location shift is not equal to 0
95 percent confidence interval:
 -0.04428432 -0.03268924
sample estimates:
(pseudo)median 
   -0.03842279 


Paired Wilcoxon for L1 norm (iv - ii):

	Wilcoxon signed rank test with continuity correction

data:  b and a
V = 205717, p-value < 2.2e-16
alternative hypothesis: true location shift is not equal to 0
95 percent confidence interval:
 -0.03990793 -0.02802429
sample estimates:
(pseudo)median 
   -0.03386574 


Paired Wilcoxon for L1 norm (v - ii):

	Wilcoxon signed rank test with continuity correction

data:  b and a
V = 203042, p-value < 2.2e-16
alternative hypothesis: true location shift is not equal to 0
95 percent confidence interval:
 -0.04073613 -0.02871306
sample estimates:
(pseudo)median 
   -0.03460761 


Paired Wilcoxon for L1 norm (iv - iii):

	Wilcoxon signed rank test with continuity correction

data:  b and a
V = 394353, p-value = 9.255e-08
alternative hypothesis: true location shift is not equal to 0
95 percent confidence interval:
 0.002836329 0.006070599
sample estimates:
(pseudo)median 
   0.004437339 


Paired Wilcoxon for L1 norm (v - iii):

	Wilcoxon signed rank test with continuity correction

data:  b and a
V = 387126, p-value = 2.559e-06
alternative hypothesis: true location shift is not equal to 0
95 percent confidence interval:
 0.001182533 0.003101922
sample estimates:
(pseudo)median 
   0.002085546 


Paired Wilcoxon for L1 norm (v - iv):

	Wilcoxon signed rank test with continuity correction

data:  b and a
V = 300680, p-value = 0.003495
alternative hypothesis: true location shift is not equal to 0
95 percent confidence interval:
 -1.451473e-03 -5.321034e-05
sample estimates:
(pseudo)median 
 -0.0007104124 

Percent change in L1 norm for method X relative to method Y 

        pct_L1_norm_ii_i pct_L1_norm_iii_i pct_L1_norm_iv_i
median          18.64401         -1.962898      0.003288287
IQR            101.50349         19.230774     14.691501989
q25.25%        -17.77587        -11.241880     -6.045860540
q75.75%         83.72762          7.988895      8.645641449
        pct_L1_norm_v_i pct_L1_norm_iii_ii pct_L1_norm_iv_ii
median     -0.004092993          -18.23298         -14.48885
IQR         6.673065087           60.05800          64.36954
q25.25%    -3.682831683          -45.10309         -45.09069
q75.75%     2.990233403           14.95492          19.27885
        pct_L1_norm_v_ii pct_L1_norm_iv_iii pct_L1_norm_v_iii
median         -15.62816           2.590459          0.553953
IQR             63.99138          24.383035         13.401389
q25.25%        -44.79243          -8.673054         -4.838941
q75.75%         19.19895          15.709982          8.562448
        pct_L1_norm_v_iv
median      -0.003395561
IQR          8.964220830
q25.25%     -5.627489977
q75.75%      3.336730853
Type III Analysis of Variance Table with Satterthwaite's method
       Sum Sq Mean Sq NumDF DenDF F value    Pr(>F)    
method 1.5858 0.39644     4  4616  106.29 < 2.2e-16 ***
---
Signif. codes:  0 ‘***’ 0.001 ‘**’ 0.01 ‘*’ 0.05 ‘.’ 0.1 ‘ ’ 1
$emmeans
 method emmean      SE  df asymp.LCL asymp.UCL
 i       0.180 0.00334 Inf     0.173     0.186
 ii      0.214 0.00334 Inf     0.207     0.220
 iii     0.169 0.00334 Inf     0.162     0.175
 iv      0.173 0.00334 Inf     0.167     0.180
 v       0.172 0.00334 Inf     0.165     0.178

Degrees-of-freedom method: asymptotic 
Confidence level used: 0.95 

$contrasts
 contrast estimate      SE  df z.ratio p.value
 i - ii   -0.03387 0.00254 Inf -13.327 <0.0001
 i - iii   0.01122 0.00254 Inf   4.416 <0.0001
 i - iv    0.00666 0.00254 Inf   2.620  0.0352
 i - v     0.00823 0.00254 Inf   3.238  0.0060
 ii - iii  0.04509 0.00254 Inf  17.742 <0.0001
 ii - iv   0.04053 0.00254 Inf  15.946 <0.0001
 ii - v    0.04210 0.00254 Inf  16.564 <0.0001
 iii - iv -0.00456 0.00254 Inf  -1.796  0.2175
 iii - v  -0.00299 0.00254 Inf  -1.178  0.4778
 iv - v    0.00157 0.00254 Inf   0.618  0.5364

Degrees-of-freedom method: asymptotic 
P value adjustment: holm method for 10 tests 


	Friedman rank sum test

data:  Linf_norm and method and id
Friedman chi-squared = 191.47, df = 4, p-value < 2.2e-16

Kendall's W for Linf norm ~= 0.041

	Pairwise comparisons using Wilcoxon signed rank test with continuity correction 

data:  df_Linf$Linf_norm and df_Linf$method 

    i       ii      iii     iv  
ii  < 2e-16 -       -       -   
iii 5.6e-07 < 2e-16 -       -   
iv  0.12    < 2e-16 5.6e-07 -   
v   0.12    < 2e-16 1.0e-05 0.01

P value adjustment method: holm 

Paired Wilcoxon for Linf norm (ii - i):

	Wilcoxon signed rank test with continuity correction

data:  b and a
V = 452693, p-value < 2.2e-16
alternative hypothesis: true location shift is not equal to 0
95 percent confidence interval:
 0.01341229 0.01955013
sample estimates:
(pseudo)median 
    0.01640668 


Paired Wilcoxon for Linf norm (iii - i):

	Wilcoxon signed rank test with continuity correction

data:  b and a
V = 273446, p-value = 1.024e-07
alternative hypothesis: true location shift is not equal to 0
95 percent confidence interval:
 -0.002562107 -0.001174776
sample estimates:
(pseudo)median 
  -0.001880443 


Paired Wilcoxon for Linf norm (iv - i):

	Wilcoxon signed rank test with continuity correction

data:  b and a
V = 351769, p-value = 0.1129
alternative hypothesis: true location shift is not equal to 0
95 percent confidence interval:
 -8.275258e-05  8.001690e-04
sample estimates:
(pseudo)median 
  0.0002335364 


Paired Wilcoxon for Linf norm (v - i):

	Wilcoxon signed rank test with continuity correction

data:  b and a
V = 312329, p-value = 0.05834
alternative hypothesis: true location shift is not equal to 0
95 percent confidence interval:
 -4.364444e-04  1.746615e-05
sample estimates:
(pseudo)median 
 -0.0001702255 


Paired Wilcoxon for Linf norm (iii - ii):

	Wilcoxon signed rank test with continuity correction

data:  b and a
V = 187621, p-value < 2.2e-16
alternative hypothesis: true location shift is not equal to 0
95 percent confidence interval:
 -0.02214216 -0.01634462
sample estimates:
(pseudo)median 
   -0.01921139 


Paired Wilcoxon for Linf norm (iv - ii):

	Wilcoxon signed rank test with continuity correction

data:  b and a
V = 205717, p-value < 2.2e-16
alternative hypothesis: true location shift is not equal to 0
95 percent confidence interval:
 -0.01995397 -0.01401215
sample estimates:
(pseudo)median 
   -0.01693285 


Paired Wilcoxon for Linf norm (v - ii):

	Wilcoxon signed rank test with continuity correction

data:  b and a
V = 203042, p-value < 2.2e-16
alternative hypothesis: true location shift is not equal to 0
95 percent confidence interval:
 -0.02036806 -0.01435653
sample estimates:
(pseudo)median 
   -0.01730381 


Paired Wilcoxon for Linf norm (iv - iii):

	Wilcoxon signed rank test with continuity correction

data:  b and a
V = 394353, p-value = 9.255e-08
alternative hypothesis: true location shift is not equal to 0
95 percent confidence interval:
 0.001418164 0.003035300
sample estimates:
(pseudo)median 
    0.00221867 


Paired Wilcoxon for Linf norm (v - iii):

	Wilcoxon signed rank test with continuity correction

data:  b and a
V = 387126, p-value = 2.559e-06
alternative hypothesis: true location shift is not equal to 0
95 percent confidence interval:
 0.0005912664 0.0015509612
sample estimates:
(pseudo)median 
   0.001067787 


Paired Wilcoxon for Linf norm (v - iv):

	Wilcoxon signed rank test with continuity correction

data:  b and a
V = 300680, p-value = 0.003495
alternative hypothesis: true location shift is not equal to 0
95 percent confidence interval:
 -7.007364e-04 -2.660517e-05
sample estimates:
(pseudo)median 
 -0.0003552176 

Percent change in Linf norm for method X relative to method Y 

        pct_Linf_norm_ii_i pct_Linf_norm_iii_i pct_Linf_norm_iv_i
median            18.64401           -1.962898        0.003288287
IQR              101.50349           19.230774       14.691501989
q25.25%          -17.77587          -11.241880       -6.045860540
q75.75%           83.72762            7.988895        8.645641449
        pct_Linf_norm_v_i pct_Linf_norm_iii_ii pct_Linf_norm_iv_ii
median       -0.004092993            -18.23298           -14.48885
IQR           6.673065087             60.05800            64.36954
q25.25%      -3.682831683            -45.10309           -45.09069
q75.75%       2.990233403             14.95492            19.27885
        pct_Linf_norm_v_ii pct_Linf_norm_iv_iii pct_Linf_norm_v_iii
median           -15.62816             2.590459            0.553953
IQR               63.99138            24.383035           13.401389
q25.25%          -44.79243            -8.673054           -4.838941
q75.75%           19.19895            15.709982            8.562448
        pct_Linf_norm_v_iv
median        -0.003395561
IQR            8.964220830
q25.25%       -5.627489977
q75.75%        3.336730853
Type III Analysis of Variance Table with Satterthwaite's method
        Sum Sq  Mean Sq NumDF DenDF F value    Pr(>F)    
method 0.39644 0.099111     4  4616  106.29 < 2.2e-16 ***
---
Signif. codes:  0 ‘***’ 0.001 ‘**’ 0.01 ‘*’ 0.05 ‘.’ 0.1 ‘ ’ 1
$emmeans
 method emmean      SE  df asymp.LCL asymp.UCL
 i      0.0899 0.00167 Inf    0.0866    0.0931
 ii     0.1068 0.00167 Inf    0.1035    0.1101
 iii    0.0843 0.00167 Inf    0.0810    0.0875
 iv     0.0865 0.00167 Inf    0.0833    0.0898
 v      0.0858 0.00167 Inf    0.0825    0.0890

Degrees-of-freedom method: asymptotic 
Confidence level used: 0.95 

$contrasts
 contrast  estimate      SE  df z.ratio p.value
 i - ii   -0.016934 0.00127 Inf -13.327 <0.0001
 i - iii   0.005611 0.00127 Inf   4.416 <0.0001
 i - iv    0.003329 0.00127 Inf   2.620  0.0352
 i - v     0.004114 0.00127 Inf   3.238  0.0060
 ii - iii  0.022545 0.00127 Inf  17.742 <0.0001
 ii - iv   0.020263 0.00127 Inf  15.946 <0.0001
 ii - v    0.021048 0.00127 Inf  16.564 <0.0001
 iii - iv -0.002282 0.00127 Inf  -1.796  0.2175
 iii - v  -0.001497 0.00127 Inf  -1.178  0.4778
 iv - v    0.000786 0.00127 Inf   0.618  0.5364

Degrees-of-freedom method: asymptotic 
P value adjustment: holm method for 10 tests 


Run Time End: 2026-04-13 17:55:07 

Total Elapsed Time: 14.7 secs 



Sampled simplex dimensions: 231 3 

--- Sample-size distribution diagnostics ---
Sample Size Distribution = 1 (Poisson)
Target mean = 25.000
Realized mean = 24.931
Realized SD = 4.959
  0%   5%  25%  50%  75%  95% 100% 
  10   17   22   25   28   33   51 
--- End diagnostics ---

$K
[1] 3

$G
[1] 4

$h
[1] 0.05

$theta_true
[1] 0.5

$theta_CV
[1] 0

$dist_code
[1] 1

$mean_nsamp
[1] 25

$ln_sd
[1] 1

$nb_size
[1] 25

$Nmin
[1] 50

$Nmax
[1] 100

$nsims
[1] 5

$random.seed
[1] 2125474368

$od_mult
[1] 1

$sigma
[1] 0.25

$p_lbound
[1] 0 0 0

$p_ubound
[1] 1 1 1


	Friedman rank sum test

data:  rmse and method and id
Friedman chi-squared = 199.42, df = 4, p-value < 2.2e-16

Kendall's W ~= 0.043

	Pairwise comparisons using Wilcoxon signed rank test with continuity correction 

data:  df$rmse and df$method 

    i       ii      iii     iv   
ii  < 2e-16 -       -       -    
iii 2.6e-07 < 2e-16 -       -    
iv  0.244   < 2e-16 4.5e-08 -    
v   0.244   < 2e-16 3.8e-06 0.012

P value adjustment method: holm 

Paired Wilcoxon (ii - i):

	Wilcoxon signed rank test with continuity correction

data:  b and a
V = 454924, p-value < 2.2e-16
alternative hypothesis: true location shift is not equal to 0
95 percent confidence interval:
 0.01010553 0.01467452
sample estimates:
(pseudo)median 
    0.01235025 


Paired Wilcoxon (iii - i):

	Wilcoxon signed rank test with continuity correction

data:  b and a
V = 272041, p-value = 5.144e-08
alternative hypothesis: true location shift is not equal to 0
95 percent confidence interval:
 -0.0018947593 -0.0008887247
sample estimates:
(pseudo)median 
  -0.001391462 


Paired Wilcoxon (iv - i):

	Wilcoxon signed rank test with continuity correction

data:  b and a
V = 351328, p-value = 0.122
alternative hypothesis: true location shift is not equal to 0
95 percent confidence interval:
 -4.027762e-05  5.686699e-04
sample estimates:
(pseudo)median 
  0.0001566335 


Paired Wilcoxon (v - i):

	Wilcoxon signed rank test with continuity correction

data:  b and a
V = 316595, p-value = 0.1293
alternative hypothesis: true location shift is not equal to 0
95 percent confidence interval:
 -2.557662e-04  4.617565e-05
sample estimates:
(pseudo)median 
 -0.0001204067 


Paired Wilcoxon (iii - ii):

	Wilcoxon signed rank test with continuity correction

data:  b and a
V = 185473, p-value < 2.2e-16
alternative hypothesis: true location shift is not equal to 0
95 percent confidence interval:
 -0.01662842 -0.01227102
sample estimates:
(pseudo)median 
   -0.01442992 


Paired Wilcoxon (iv - ii):

	Wilcoxon signed rank test with continuity correction

data:  b and a
V = 203739, p-value < 2.2e-16
alternative hypothesis: true location shift is not equal to 0
95 percent confidence interval:
 -0.01497463 -0.01055742
sample estimates:
(pseudo)median 
   -0.01273286 


Paired Wilcoxon (v - ii):

	Wilcoxon signed rank test with continuity correction

data:  b and a
V = 200899, p-value < 2.2e-16
alternative hypothesis: true location shift is not equal to 0
95 percent confidence interval:
 -0.01528088 -0.01083640
sample estimates:
(pseudo)median 
   -0.01301809 


Paired Wilcoxon (iv - iii):

	Wilcoxon signed rank test with continuity correction

data:  b and a
V = 399326, p-value = 7.499e-09
alternative hypothesis: true location shift is not equal to 0
95 percent confidence interval:
 0.001135892 0.002296336
sample estimates:
(pseudo)median 
   0.001715225 


Paired Wilcoxon (v - iii):

	Wilcoxon signed rank test with continuity correction

data:  b and a
V = 389367, p-value = 9.533e-07
alternative hypothesis: true location shift is not equal to 0
95 percent confidence interval:
 0.0004651886 0.0011800937
sample estimates:
(pseudo)median 
  0.0008077309 


Paired Wilcoxon (v - iv):

	Wilcoxon signed rank test with continuity correction

data:  b and a
V = 301233, p-value = 0.004083
alternative hypothesis: true location shift is not equal to 0
95 percent confidence interval:
 -5.540729e-04 -4.026172e-05
sample estimates:
(pseudo)median 
 -0.0002715868 

Percent change in RMSE for method X relative to method Y 

         pct_ii_i  pct_iii_i     pct_iv_i      pct_v_i pct_iii_ii
median   19.31554  -2.200152  0.001574442 -0.003584937  -18.16631
IQR      98.59235  18.744345 14.007852406  6.904524365   59.34150
q25.25% -17.08168 -10.942695 -5.365972990 -3.556278335  -45.25264
q75.75%  81.51067   7.801651  8.641879416  3.348246030   14.08886
        pct_iv_ii  pct_v_ii pct_iv_iii  pct_v_iii     pct_v_iv
median  -15.91860 -16.16046   2.353376  0.6156521 -0.002334712
IQR      62.73235  62.82795  23.284944 12.5626307  8.561252995
q25.25% -44.54453 -44.73704  -8.278966 -4.2888985 -5.499532545
q75.75%  18.18782  18.09090  15.005978  8.2737322  3.061720450
Type III Analysis of Variance Table with Satterthwaite's method
        Sum Sq  Mean Sq NumDF DenDF F value    Pr(>F)    
method 0.22976 0.057441     4  4616   112.8 < 2.2e-16 ***
---
Signif. codes:  0 ‘***’ 0.001 ‘**’ 0.01 ‘*’ 0.05 ‘.’ 0.1 ‘ ’ 1
$emmeans
 method emmean      SE  df asymp.LCL asymp.UCL
 i      0.0665 0.00124 Inf    0.0641    0.0689
 ii     0.0796 0.00124 Inf    0.0772    0.0820
 iii    0.0625 0.00124 Inf    0.0600    0.0649
 iv     0.0642 0.00124 Inf    0.0618    0.0666
 v      0.0636 0.00124 Inf    0.0612    0.0660

Degrees-of-freedom method: asymptotic 
Confidence level used: 0.95 

$contrasts
 contrast  estimate       SE  df z.ratio p.value
 i - ii   -0.013101 0.000939 Inf -13.951 <0.0001
 i - iii   0.004049 0.000939 Inf   4.312 <0.0001
 i - iv    0.002309 0.000939 Inf   2.459  0.0557
 i - v     0.002916 0.000939 Inf   3.106  0.0095
 ii - iii  0.017149 0.000939 Inf  18.263 <0.0001
 ii - iv   0.015410 0.000939 Inf  16.410 <0.0001
 ii - v    0.016017 0.000939 Inf  17.057 <0.0001
 iii - iv -0.001740 0.000939 Inf  -1.852  0.1919
 iii - v  -0.001132 0.000939 Inf  -1.206  0.4558
 iv - v    0.000607 0.000939 Inf   0.647  0.5179

Degrees-of-freedom method: asymptotic 
P value adjustment: holm method for 10 tests 


	Friedman rank sum test

data:  L1_norm and method and id
Friedman chi-squared = 191.47, df = 4, p-value < 2.2e-16

Kendall's W for L1 norm ~= 0.041

	Pairwise comparisons using Wilcoxon signed rank test with continuity correction 

data:  df_L1$L1_norm and df_L1$method 

    i       ii      iii     iv  
ii  < 2e-16 -       -       -   
iii 5.6e-07 < 2e-16 -       -   
iv  0.12    < 2e-16 5.6e-07 -   
v   0.12    < 2e-16 1.0e-05 0.01

P value adjustment method: holm 

Paired Wilcoxon for L1 norm (ii - i):

	Wilcoxon signed rank test with continuity correction

data:  b and a
V = 452693, p-value < 2.2e-16
alternative hypothesis: true location shift is not equal to 0
95 percent confidence interval:
 0.02682459 0.03910026
sample estimates:
(pseudo)median 
    0.03281358 


Paired Wilcoxon for L1 norm (iii - i):

	Wilcoxon signed rank test with continuity correction

data:  b and a
V = 273446, p-value = 1.024e-07
alternative hypothesis: true location shift is not equal to 0
95 percent confidence interval:
 -0.005074214 -0.002399553
sample estimates:
(pseudo)median 
  -0.003760887 


Paired Wilcoxon for L1 norm (iv - i):

	Wilcoxon signed rank test with continuity correction

data:  b and a
V = 351769, p-value = 0.1129
alternative hypothesis: true location shift is not equal to 0
95 percent confidence interval:
 -4.022971e-05  1.600338e-03
sample estimates:
(pseudo)median 
  0.0005031391 


Paired Wilcoxon for L1 norm (v - i):

	Wilcoxon signed rank test with continuity correction

data:  b and a
V = 312329, p-value = 0.05834
alternative hypothesis: true location shift is not equal to 0
95 percent confidence interval:
 -0.0008728888 -0.0000150677
sample estimates:
(pseudo)median 
 -0.0003404642 


Paired Wilcoxon for L1 norm (iii - ii):

	Wilcoxon signed rank test with continuity correction

data:  b and a
V = 187621, p-value < 2.2e-16
alternative hypothesis: true location shift is not equal to 0
95 percent confidence interval:
 -0.04428432 -0.03268924
sample estimates:
(pseudo)median 
   -0.03842279 


Paired Wilcoxon for L1 norm (iv - ii):

	Wilcoxon signed rank test with continuity correction

data:  b and a
V = 205717, p-value < 2.2e-16
alternative hypothesis: true location shift is not equal to 0
95 percent confidence interval:
 -0.03990793 -0.02802429
sample estimates:
(pseudo)median 
   -0.03386574 


Paired Wilcoxon for L1 norm (v - ii):

	Wilcoxon signed rank test with continuity correction

data:  b and a
V = 203042, p-value < 2.2e-16
alternative hypothesis: true location shift is not equal to 0
95 percent confidence interval:
 -0.04073613 -0.02871306
sample estimates:
(pseudo)median 
   -0.03460761 


Paired Wilcoxon for L1 norm (iv - iii):

	Wilcoxon signed rank test with continuity correction

data:  b and a
V = 394353, p-value = 9.255e-08
alternative hypothesis: true location shift is not equal to 0
95 percent confidence interval:
 0.002836329 0.006070599
sample estimates:
(pseudo)median 
   0.004437339 


Paired Wilcoxon for L1 norm (v - iii):

	Wilcoxon signed rank test with continuity correction

data:  b and a
V = 387126, p-value = 2.559e-06
alternative hypothesis: true location shift is not equal to 0
95 percent confidence interval:
 0.001182533 0.003101922
sample estimates:
(pseudo)median 
   0.002085546 


Paired Wilcoxon for L1 norm (v - iv):

	Wilcoxon signed rank test with continuity correction

data:  b and a
V = 300680, p-value = 0.003495
alternative hypothesis: true location shift is not equal to 0
95 percent confidence interval:
 -1.451473e-03 -5.321034e-05
sample estimates:
(pseudo)median 
 -0.0007104124 

Percent change in L1 norm for method X relative to method Y 

        pct_L1_norm_ii_i pct_L1_norm_iii_i pct_L1_norm_iv_i
median          18.64401         -1.962898      0.003288287
IQR            101.50349         19.230774     14.691501989
q25.25%        -17.77587        -11.241880     -6.045860540
q75.75%         83.72762          7.988895      8.645641449
        pct_L1_norm_v_i pct_L1_norm_iii_ii pct_L1_norm_iv_ii
median     -0.004092993          -18.23298         -14.48885
IQR         6.673065087           60.05800          64.36954
q25.25%    -3.682831683          -45.10309         -45.09069
q75.75%     2.990233403           14.95492          19.27885
        pct_L1_norm_v_ii pct_L1_norm_iv_iii pct_L1_norm_v_iii
median         -15.62816           2.590459          0.553953
IQR             63.99138          24.383035         13.401389
q25.25%        -44.79243          -8.673054         -4.838941
q75.75%         19.19895          15.709982          8.562448
        pct_L1_norm_v_iv
median      -0.003395561
IQR          8.964220830
q25.25%     -5.627489977
q75.75%      3.336730853
Type III Analysis of Variance Table with Satterthwaite's method
       Sum Sq Mean Sq NumDF DenDF F value    Pr(>F)    
method 1.5858 0.39644     4  4616  106.29 < 2.2e-16 ***
---
Signif. codes:  0 ‘***’ 0.001 ‘**’ 0.01 ‘*’ 0.05 ‘.’ 0.1 ‘ ’ 1
$emmeans
 method emmean      SE  df asymp.LCL asymp.UCL
 i       0.180 0.00334 Inf     0.173     0.186
 ii      0.214 0.00334 Inf     0.207     0.220
 iii     0.169 0.00334 Inf     0.162     0.175
 iv      0.173 0.00334 Inf     0.167     0.180
 v       0.172 0.00334 Inf     0.165     0.178

Degrees-of-freedom method: asymptotic 
Confidence level used: 0.95 

$contrasts
 contrast estimate      SE  df z.ratio p.value
 i - ii   -0.03387 0.00254 Inf -13.327 <0.0001
 i - iii   0.01122 0.00254 Inf   4.416 <0.0001
 i - iv    0.00666 0.00254 Inf   2.620  0.0352
 i - v     0.00823 0.00254 Inf   3.238  0.0060
 ii - iii  0.04509 0.00254 Inf  17.742 <0.0001
 ii - iv   0.04053 0.00254 Inf  15.946 <0.0001
 ii - v    0.04210 0.00254 Inf  16.564 <0.0001
 iii - iv -0.00456 0.00254 Inf  -1.796  0.2175
 iii - v  -0.00299 0.00254 Inf  -1.178  0.4778
 iv - v    0.00157 0.00254 Inf   0.618  0.5364

Degrees-of-freedom method: asymptotic 
P value adjustment: holm method for 10 tests 


	Friedman rank sum test

data:  Linf_norm and method and id
Friedman chi-squared = 191.47, df = 4, p-value < 2.2e-16

Kendall's W for Linf norm ~= 0.041

	Pairwise comparisons using Wilcoxon signed rank test with continuity correction 

data:  df_Linf$Linf_norm and df_Linf$method 

    i       ii      iii     iv  
ii  < 2e-16 -       -       -   
iii 5.6e-07 < 2e-16 -       -   
iv  0.12    < 2e-16 5.6e-07 -   
v   0.12    < 2e-16 1.0e-05 0.01

P value adjustment method: holm 

Paired Wilcoxon for Linf norm (ii - i):

	Wilcoxon signed rank test with continuity correction

data:  b and a
V = 452693, p-value < 2.2e-16
alternative hypothesis: true location shift is not equal to 0
95 percent confidence interval:
 0.01341229 0.01955013
sample estimates:
(pseudo)median 
    0.01640668 


Paired Wilcoxon for Linf norm (iii - i):

	Wilcoxon signed rank test with continuity correction

data:  b and a
V = 273446, p-value = 1.024e-07
alternative hypothesis: true location shift is not equal to 0
95 percent confidence interval:
 -0.002562107 -0.001174776
sample estimates:
(pseudo)median 
  -0.001880443 


Paired Wilcoxon for Linf norm (iv - i):

	Wilcoxon signed rank test with continuity correction

data:  b and a
V = 351769, p-value = 0.1129
alternative hypothesis: true location shift is not equal to 0
95 percent confidence interval:
 -8.275258e-05  8.001690e-04
sample estimates:
(pseudo)median 
  0.0002335364 


Paired Wilcoxon for Linf norm (v - i):

	Wilcoxon signed rank test with continuity correction

data:  b and a
V = 312329, p-value = 0.05834
alternative hypothesis: true location shift is not equal to 0
95 percent confidence interval:
 -4.364444e-04  1.746615e-05
sample estimates:
(pseudo)median 
 -0.0001702255 


Paired Wilcoxon for Linf norm (iii - ii):

	Wilcoxon signed rank test with continuity correction

data:  b and a
V = 187621, p-value < 2.2e-16
alternative hypothesis: true location shift is not equal to 0
95 percent confidence interval:
 -0.02214216 -0.01634462
sample estimates:
(pseudo)median 
   -0.01921139 


Paired Wilcoxon for Linf norm (iv - ii):

	Wilcoxon signed rank test with continuity correction

data:  b and a
V = 205717, p-value < 2.2e-16
alternative hypothesis: true location shift is not equal to 0
95 percent confidence interval:
 -0.01995397 -0.01401215
sample estimates:
(pseudo)median 
   -0.01693285 


Paired Wilcoxon for Linf norm (v - ii):

	Wilcoxon signed rank test with continuity correction

data:  b and a
V = 203042, p-value < 2.2e-16
alternative hypothesis: true location shift is not equal to 0
95 percent confidence interval:
 -0.02036806 -0.01435653
sample estimates:
(pseudo)median 
   -0.01730381 


Paired Wilcoxon for Linf norm (iv - iii):

	Wilcoxon signed rank test with continuity correction

data:  b and a
V = 394353, p-value = 9.255e-08
alternative hypothesis: true location shift is not equal to 0
95 percent confidence interval:
 0.001418164 0.003035300
sample estimates:
(pseudo)median 
    0.00221867 


Paired Wilcoxon for Linf norm (v - iii):

	Wilcoxon signed rank test with continuity correction

data:  b and a
V = 387126, p-value = 2.559e-06
alternative hypothesis: true location shift is not equal to 0
95 percent confidence interval:
 0.0005912664 0.0015509612
sample estimates:
(pseudo)median 
   0.001067787 


Paired Wilcoxon for Linf norm (v - iv):

	Wilcoxon signed rank test with continuity correction

data:  b and a
V = 300680, p-value = 0.003495
alternative hypothesis: true location shift is not equal to 0
95 percent confidence interval:
 -7.007364e-04 -2.660517e-05
sample estimates:
(pseudo)median 
 -0.0003552176 

Percent change in Linf norm for method X relative to method Y 

        pct_Linf_norm_ii_i pct_Linf_norm_iii_i pct_Linf_norm_iv_i
median            18.64401           -1.962898        0.003288287
IQR              101.50349           19.230774       14.691501989
q25.25%          -17.77587          -11.241880       -6.045860540
q75.75%           83.72762            7.988895        8.645641449
        pct_Linf_norm_v_i pct_Linf_norm_iii_ii pct_Linf_norm_iv_ii
median       -0.004092993            -18.23298           -14.48885
IQR           6.673065087             60.05800            64.36954
q25.25%      -3.682831683            -45.10309           -45.09069
q75.75%       2.990233403             14.95492            19.27885
        pct_Linf_norm_v_ii pct_Linf_norm_iv_iii pct_Linf_norm_v_iii
median           -15.62816             2.590459            0.553953
IQR               63.99138            24.383035           13.401389
q25.25%          -44.79243            -8.673054           -4.838941
q75.75%           19.19895            15.709982            8.562448
        pct_Linf_norm_v_iv
median        -0.003395561
IQR            8.964220830
q25.25%       -5.627489977
q75.75%        3.336730853
Type III Analysis of Variance Table with Satterthwaite's method
        Sum Sq  Mean Sq NumDF DenDF F value    Pr(>F)    
method 0.39644 0.099111     4  4616  106.29 < 2.2e-16 ***
---
Signif. codes:  0 ‘***’ 0.001 ‘**’ 0.01 ‘*’ 0.05 ‘.’ 0.1 ‘ ’ 1
$emmeans
 method emmean      SE  df asymp.LCL asymp.UCL
 i      0.0899 0.00167 Inf    0.0866    0.0931
 ii     0.1068 0.00167 Inf    0.1035    0.1101
 iii    0.0843 0.00167 Inf    0.0810    0.0875
 iv     0.0865 0.00167 Inf    0.0833    0.0898
 v      0.0858 0.00167 Inf    0.0825    0.0890

Degrees-of-freedom method: asymptotic 
Confidence level used: 0.95 

$contrasts
 contrast  estimate      SE  df z.ratio p.value
 i - ii   -0.016934 0.00127 Inf -13.327 <0.0001
 i - iii   0.005611 0.00127 Inf   4.416 <0.0001
 i - iv    0.003329 0.00127 Inf   2.620  0.0352
 i - v     0.004114 0.00127 Inf   3.238  0.0060
 ii - iii  0.022545 0.00127 Inf  17.742 <0.0001
 ii - iv   0.020263 0.00127 Inf  15.946 <0.0001
 ii - v    0.021048 0.00127 Inf  16.564 <0.0001
 iii - iv -0.002282 0.00127 Inf  -1.796  0.2175
 iii - v  -0.001497 0.00127 Inf  -1.178  0.4778
 iv - v    0.000786 0.00127 Inf   0.618  0.5364

Degrees-of-freedom method: asymptotic 
P value adjustment: holm method for 10 tests 


Run Time End: 2026-04-13 17:55:07 

Total Elapsed Time: 14.7 secs 



Sampled simplex dimensions: 231 3 

--- Sample-size distribution diagnostics ---
Sample Size Distribution = 1 (Poisson)
Target mean = 25.000
Realized mean = 24.931
Realized SD = 4.959
  0%   5%  25%  50%  75%  95% 100% 
  10   17   22   25   28   33   51 
--- End diagnostics ---

$K
[1] 3

$G
[1] 4

$h
[1] 0.05

$theta_true
[1] 0.5

$theta_CV
[1] 0

$dist_code
[1] 1

$mean_nsamp
[1] 25

$ln_sd
[1] 1

$nb_size
[1] 25

$Nmin
[1] 50

$Nmax
[1] 100

$nsims
[1] 5

$random.seed
[1] 2125474368

$od_mult
[1] 1

$sigma
[1] 0.25

$p_lbound
[1] 0 0 0

$p_ubound
[1] 1 1 1


	Friedman rank sum test

data:  rmse and method and id
Friedman chi-squared = 199.42, df = 4, p-value < 2.2e-16

Kendall's W ~= 0.043

	Pairwise comparisons using Wilcoxon signed rank test with continuity correction 

data:  df$rmse and df$method 

    i       ii      iii     iv   
ii  < 2e-16 -       -       -    
iii 2.6e-07 < 2e-16 -       -    
iv  0.244   < 2e-16 4.5e-08 -    
v   0.244   < 2e-16 3.8e-06 0.012

P value adjustment method: holm 

Paired Wilcoxon (ii - i):

	Wilcoxon signed rank test with continuity correction

data:  b and a
V = 454924, p-value < 2.2e-16
alternative hypothesis: true location shift is not equal to 0
95 percent confidence interval:
 0.01010553 0.01467452
sample estimates:
(pseudo)median 
    0.01235025 


Paired Wilcoxon (iii - i):

	Wilcoxon signed rank test with continuity correction

data:  b and a
V = 272041, p-value = 5.144e-08
alternative hypothesis: true location shift is not equal to 0
95 percent confidence interval:
 -0.0018947593 -0.0008887247
sample estimates:
(pseudo)median 
  -0.001391462 


Paired Wilcoxon (iv - i):

	Wilcoxon signed rank test with continuity correction

data:  b and a
V = 351328, p-value = 0.122
alternative hypothesis: true location shift is not equal to 0
95 percent confidence interval:
 -4.027762e-05  5.686699e-04
sample estimates:
(pseudo)median 
  0.0001566335 


Paired Wilcoxon (v - i):

	Wilcoxon signed rank test with continuity correction

data:  b and a
V = 316595, p-value = 0.1293
alternative hypothesis: true location shift is not equal to 0
95 percent confidence interval:
 -2.557662e-04  4.617565e-05
sample estimates:
(pseudo)median 
 -0.0001204067 


Paired Wilcoxon (iii - ii):

	Wilcoxon signed rank test with continuity correction

data:  b and a
V = 185473, p-value < 2.2e-16
alternative hypothesis: true location shift is not equal to 0
95 percent confidence interval:
 -0.01662842 -0.01227102
sample estimates:
(pseudo)median 
   -0.01442992 


Paired Wilcoxon (iv - ii):

	Wilcoxon signed rank test with continuity correction

data:  b and a
V = 203739, p-value < 2.2e-16
alternative hypothesis: true location shift is not equal to 0
95 percent confidence interval:
 -0.01497463 -0.01055742
sample estimates:
(pseudo)median 
   -0.01273286 


Paired Wilcoxon (v - ii):

	Wilcoxon signed rank test with continuity correction

data:  b and a
V = 200899, p-value < 2.2e-16
alternative hypothesis: true location shift is not equal to 0
95 percent confidence interval:
 -0.01528088 -0.01083640
sample estimates:
(pseudo)median 
   -0.01301809 


Paired Wilcoxon (iv - iii):

	Wilcoxon signed rank test with continuity correction

data:  b and a
V = 399326, p-value = 7.499e-09
alternative hypothesis: true location shift is not equal to 0
95 percent confidence interval:
 0.001135892 0.002296336
sample estimates:
(pseudo)median 
   0.001715225 


Paired Wilcoxon (v - iii):

	Wilcoxon signed rank test with continuity correction

data:  b and a
V = 389367, p-value = 9.533e-07
alternative hypothesis: true location shift is not equal to 0
95 percent confidence interval:
 0.0004651886 0.0011800937
sample estimates:
(pseudo)median 
  0.0008077309 


Paired Wilcoxon (v - iv):

	Wilcoxon signed rank test with continuity correction

data:  b and a
V = 301233, p-value = 0.004083
alternative hypothesis: true location shift is not equal to 0
95 percent confidence interval:
 -5.540729e-04 -4.026172e-05
sample estimates:
(pseudo)median 
 -0.0002715868 

Percent change in RMSE for method X relative to method Y 

         pct_ii_i  pct_iii_i     pct_iv_i      pct_v_i pct_iii_ii
median   19.31554  -2.200152  0.001574442 -0.003584937  -18.16631
IQR      98.59235  18.744345 14.007852406  6.904524365   59.34150
q25.25% -17.08168 -10.942695 -5.365972990 -3.556278335  -45.25264
q75.75%  81.51067   7.801651  8.641879416  3.348246030   14.08886
        pct_iv_ii  pct_v_ii pct_iv_iii  pct_v_iii     pct_v_iv
median  -15.91860 -16.16046   2.353376  0.6156521 -0.002334712
IQR      62.73235  62.82795  23.284944 12.5626307  8.561252995
q25.25% -44.54453 -44.73704  -8.278966 -4.2888985 -5.499532545
q75.75%  18.18782  18.09090  15.005978  8.2737322  3.061720450
Type III Analysis of Variance Table with Satterthwaite's method
        Sum Sq  Mean Sq NumDF DenDF F value    Pr(>F)    
method 0.22976 0.057441     4  4616   112.8 < 2.2e-16 ***
---
Signif. codes:  0 ‘***’ 0.001 ‘**’ 0.01 ‘*’ 0.05 ‘.’ 0.1 ‘ ’ 1
$emmeans
 method emmean      SE  df asymp.LCL asymp.UCL
 i      0.0665 0.00124 Inf    0.0641    0.0689
 ii     0.0796 0.00124 Inf    0.0772    0.0820
 iii    0.0625 0.00124 Inf    0.0600    0.0649
 iv     0.0642 0.00124 Inf    0.0618    0.0666
 v      0.0636 0.00124 Inf    0.0612    0.0660

Degrees-of-freedom method: asymptotic 
Confidence level used: 0.95 

$contrasts
 contrast  estimate       SE  df z.ratio p.value
 i - ii   -0.013101 0.000939 Inf -13.951 <0.0001
 i - iii   0.004049 0.000939 Inf   4.312 <0.0001
 i - iv    0.002309 0.000939 Inf   2.459  0.0557
 i - v     0.002916 0.000939 Inf   3.106  0.0095
 ii - iii  0.017149 0.000939 Inf  18.263 <0.0001
 ii - iv   0.015410 0.000939 Inf  16.410 <0.0001
 ii - v    0.016017 0.000939 Inf  17.057 <0.0001
 iii - iv -0.001740 0.000939 Inf  -1.852  0.1919
 iii - v  -0.001132 0.000939 Inf  -1.206  0.4558
 iv - v    0.000607 0.000939 Inf   0.647  0.5179

Degrees-of-freedom method: asymptotic 
P value adjustment: holm method for 10 tests 


	Friedman rank sum test

data:  L1_norm and method and id
Friedman chi-squared = 191.47, df = 4, p-value < 2.2e-16

Kendall's W for L1 norm ~= 0.041

	Pairwise comparisons using Wilcoxon signed rank test with continuity correction 

data:  df_L1$L1_norm and df_L1$method 

    i       ii      iii     iv  
ii  < 2e-16 -       -       -   
iii 5.6e-07 < 2e-16 -       -   
iv  0.12    < 2e-16 5.6e-07 -   
v   0.12    < 2e-16 1.0e-05 0.01

P value adjustment method: holm 

Paired Wilcoxon for L1 norm (ii - i):

	Wilcoxon signed rank test with continuity correction

data:  b and a
V = 452693, p-value < 2.2e-16
alternative hypothesis: true location shift is not equal to 0
95 percent confidence interval:
 0.02682459 0.03910026
sample estimates:
(pseudo)median 
    0.03281358 


Paired Wilcoxon for L1 norm (iii - i):

	Wilcoxon signed rank test with continuity correction

data:  b and a
V = 273446, p-value = 1.024e-07
alternative hypothesis: true location shift is not equal to 0
95 percent confidence interval:
 -0.005074214 -0.002399553
sample estimates:
(pseudo)median 
  -0.003760887 


Paired Wilcoxon for L1 norm (iv - i):

	Wilcoxon signed rank test with continuity correction

data:  b and a
V = 351769, p-value = 0.1129
alternative hypothesis: true location shift is not equal to 0
95 percent confidence interval:
 -4.022971e-05  1.600338e-03
sample estimates:
(pseudo)median 
  0.0005031391 


Paired Wilcoxon for L1 norm (v - i):

	Wilcoxon signed rank test with continuity correction

data:  b and a
V = 312329, p-value = 0.05834
alternative hypothesis: true location shift is not equal to 0
95 percent confidence interval:
 -0.0008728888 -0.0000150677
sample estimates:
(pseudo)median 
 -0.0003404642 


Paired Wilcoxon for L1 norm (iii - ii):

	Wilcoxon signed rank test with continuity correction

data:  b and a
V = 187621, p-value < 2.2e-16
alternative hypothesis: true location shift is not equal to 0
95 percent confidence interval:
 -0.04428432 -0.03268924
sample estimates:
(pseudo)median 
   -0.03842279 


Paired Wilcoxon for L1 norm (iv - ii):

	Wilcoxon signed rank test with continuity correction

data:  b and a
V = 205717, p-value < 2.2e-16
alternative hypothesis: true location shift is not equal to 0
95 percent confidence interval:
 -0.03990793 -0.02802429
sample estimates:
(pseudo)median 
   -0.03386574 


Paired Wilcoxon for L1 norm (v - ii):

	Wilcoxon signed rank test with continuity correction

data:  b and a
V = 203042, p-value < 2.2e-16
alternative hypothesis: true location shift is not equal to 0
95 percent confidence interval:
 -0.04073613 -0.02871306
sample estimates:
(pseudo)median 
   -0.03460761 


Paired Wilcoxon for L1 norm (iv - iii):

	Wilcoxon signed rank test with continuity correction

data:  b and a
V = 394353, p-value = 9.255e-08
alternative hypothesis: true location shift is not equal to 0
95 percent confidence interval:
 0.002836329 0.006070599
sample estimates:
(pseudo)median 
   0.004437339 


Paired Wilcoxon for L1 norm (v - iii):

	Wilcoxon signed rank test with continuity correction

data:  b and a
V = 387126, p-value = 2.559e-06
alternative hypothesis: true location shift is not equal to 0
95 percent confidence interval:
 0.001182533 0.003101922
sample estimates:
(pseudo)median 
   0.002085546 


Paired Wilcoxon for L1 norm (v - iv):

	Wilcoxon signed rank test with continuity correction

data:  b and a
V = 300680, p-value = 0.003495
alternative hypothesis: true location shift is not equal to 0
95 percent confidence interval:
 -1.451473e-03 -5.321034e-05
sample estimates:
(pseudo)median 
 -0.0007104124 

Percent change in L1 norm for method X relative to method Y 

        pct_L1_norm_ii_i pct_L1_norm_iii_i pct_L1_norm_iv_i
median          18.64401         -1.962898      0.003288287
IQR            101.50349         19.230774     14.691501989
q25.25%        -17.77587        -11.241880     -6.045860540
q75.75%         83.72762          7.988895      8.645641449
        pct_L1_norm_v_i pct_L1_norm_iii_ii pct_L1_norm_iv_ii
median     -0.004092993          -18.23298         -14.48885
IQR         6.673065087           60.05800          64.36954
q25.25%    -3.682831683          -45.10309         -45.09069
q75.75%     2.990233403           14.95492          19.27885
        pct_L1_norm_v_ii pct_L1_norm_iv_iii pct_L1_norm_v_iii
median         -15.62816           2.590459          0.553953
IQR             63.99138          24.383035         13.401389
q25.25%        -44.79243          -8.673054         -4.838941
q75.75%         19.19895          15.709982          8.562448
        pct_L1_norm_v_iv
median      -0.003395561
IQR          8.964220830
q25.25%     -5.627489977
q75.75%      3.336730853
Type III Analysis of Variance Table with Satterthwaite's method
       Sum Sq Mean Sq NumDF DenDF F value    Pr(>F)    
method 1.5858 0.39644     4  4616  106.29 < 2.2e-16 ***
---
Signif. codes:  0 ‘***’ 0.001 ‘**’ 0.01 ‘*’ 0.05 ‘.’ 0.1 ‘ ’ 1
$emmeans
 method emmean      SE  df asymp.LCL asymp.UCL
 i       0.180 0.00334 Inf     0.173     0.186
 ii      0.214 0.00334 Inf     0.207     0.220
 iii     0.169 0.00334 Inf     0.162     0.175
 iv      0.173 0.00334 Inf     0.167     0.180
 v       0.172 0.00334 Inf     0.165     0.178

Degrees-of-freedom method: asymptotic 
Confidence level used: 0.95 

$contrasts
 contrast estimate      SE  df z.ratio p.value
 i - ii   -0.03387 0.00254 Inf -13.327 <0.0001
 i - iii   0.01122 0.00254 Inf   4.416 <0.0001
 i - iv    0.00666 0.00254 Inf   2.620  0.0352
 i - v     0.00823 0.00254 Inf   3.238  0.0060
 ii - iii  0.04509 0.00254 Inf  17.742 <0.0001
 ii - iv   0.04053 0.00254 Inf  15.946 <0.0001
 ii - v    0.04210 0.00254 Inf  16.564 <0.0001
 iii - iv -0.00456 0.00254 Inf  -1.796  0.2175
 iii - v  -0.00299 0.00254 Inf  -1.178  0.4778
 iv - v    0.00157 0.00254 Inf   0.618  0.5364

Degrees-of-freedom method: asymptotic 
P value adjustment: holm method for 10 tests 


	Friedman rank sum test

data:  Linf_norm and method and id
Friedman chi-squared = 191.47, df = 4, p-value < 2.2e-16

Kendall's W for Linf norm ~= 0.041

	Pairwise comparisons using Wilcoxon signed rank test with continuity correction 

data:  df_Linf$Linf_norm and df_Linf$method 

    i       ii      iii     iv  
ii  < 2e-16 -       -       -   
iii 5.6e-07 < 2e-16 -       -   
iv  0.12    < 2e-16 5.6e-07 -   
v   0.12    < 2e-16 1.0e-05 0.01

P value adjustment method: holm 

Paired Wilcoxon for Linf norm (ii - i):

	Wilcoxon signed rank test with continuity correction

data:  b and a
V = 452693, p-value < 2.2e-16
alternative hypothesis: true location shift is not equal to 0
95 percent confidence interval:
 0.01341229 0.01955013
sample estimates:
(pseudo)median 
    0.01640668 


Paired Wilcoxon for Linf norm (iii - i):

	Wilcoxon signed rank test with continuity correction

data:  b and a
V = 273446, p-value = 1.024e-07
alternative hypothesis: true location shift is not equal to 0
95 percent confidence interval:
 -0.002562107 -0.001174776
sample estimates:
(pseudo)median 
  -0.001880443 


Paired Wilcoxon for Linf norm (iv - i):

	Wilcoxon signed rank test with continuity correction

data:  b and a
V = 351769, p-value = 0.1129
alternative hypothesis: true location shift is not equal to 0
95 percent confidence interval:
 -8.275258e-05  8.001690e-04
sample estimates:
(pseudo)median 
  0.0002335364 


Paired Wilcoxon for Linf norm (v - i):

	Wilcoxon signed rank test with continuity correction

data:  b and a
V = 312329, p-value = 0.05834
alternative hypothesis: true location shift is not equal to 0
95 percent confidence interval:
 -4.364444e-04  1.746615e-05
sample estimates:
(pseudo)median 
 -0.0001702255 


Paired Wilcoxon for Linf norm (iii - ii):

	Wilcoxon signed rank test with continuity correction

data:  b and a
V = 187621, p-value < 2.2e-16
alternative hypothesis: true location shift is not equal to 0
95 percent confidence interval:
 -0.02214216 -0.01634462
sample estimates:
(pseudo)median 
   -0.01921139 


Paired Wilcoxon for Linf norm (iv - ii):

	Wilcoxon signed rank test with continuity correction

data:  b and a
V = 205717, p-value < 2.2e-16
alternative hypothesis: true location shift is not equal to 0
95 percent confidence interval:
 -0.01995397 -0.01401215
sample estimates:
(pseudo)median 
   -0.01693285 


Paired Wilcoxon for Linf norm (v - ii):

	Wilcoxon signed rank test with continuity correction

data:  b and a
V = 203042, p-value < 2.2e-16
alternative hypothesis: true location shift is not equal to 0
95 percent confidence interval:
 -0.02036806 -0.01435653
sample estimates:
(pseudo)median 
   -0.01730381 


Paired Wilcoxon for Linf norm (iv - iii):

	Wilcoxon signed rank test with continuity correction

data:  b and a
V = 394353, p-value = 9.255e-08
alternative hypothesis: true location shift is not equal to 0
95 percent confidence interval:
 0.001418164 0.003035300
sample estimates:
(pseudo)median 
    0.00221867 


Paired Wilcoxon for Linf norm (v - iii):

	Wilcoxon signed rank test with continuity correction

data:  b and a
V = 387126, p-value = 2.559e-06
alternative hypothesis: true location shift is not equal to 0
95 percent confidence interval:
 0.0005912664 0.0015509612
sample estimates:
(pseudo)median 
   0.001067787 


Paired Wilcoxon for Linf norm (v - iv):

	Wilcoxon signed rank test with continuity correction

data:  b and a
V = 300680, p-value = 0.003495
alternative hypothesis: true location shift is not equal to 0
95 percent confidence interval:
 -7.007364e-04 -2.660517e-05
sample estimates:
(pseudo)median 
 -0.0003552176 

Percent change in Linf norm for method X relative to method Y 

        pct_Linf_norm_ii_i pct_Linf_norm_iii_i pct_Linf_norm_iv_i
median            18.64401           -1.962898        0.003288287
IQR              101.50349           19.230774       14.691501989
q25.25%          -17.77587          -11.241880       -6.045860540
q75.75%           83.72762            7.988895        8.645641449
        pct_Linf_norm_v_i pct_Linf_norm_iii_ii pct_Linf_norm_iv_ii
median       -0.004092993            -18.23298           -14.48885
IQR           6.673065087             60.05800            64.36954
q25.25%      -3.682831683            -45.10309           -45.09069
q75.75%       2.990233403             14.95492            19.27885
        pct_Linf_norm_v_ii pct_Linf_norm_iv_iii pct_Linf_norm_v_iii
median           -15.62816             2.590459            0.553953
IQR               63.99138            24.383035           13.401389
q25.25%          -44.79243            -8.673054           -4.838941
q75.75%           19.19895            15.709982            8.562448
        pct_Linf_norm_v_iv
median        -0.003395561
IQR            8.964220830
q25.25%       -5.627489977
q75.75%        3.336730853
Type III Analysis of Variance Table with Satterthwaite's method
        Sum Sq  Mean Sq NumDF DenDF F value    Pr(>F)    
method 0.39644 0.099111     4  4616  106.29 < 2.2e-16 ***
---
Signif. codes:  0 ‘***’ 0.001 ‘**’ 0.01 ‘*’ 0.05 ‘.’ 0.1 ‘ ’ 1
$emmeans
 method emmean      SE  df asymp.LCL asymp.UCL
 i      0.0899 0.00167 Inf    0.0866    0.0931
 ii     0.1068 0.00167 Inf    0.1035    0.1101
 iii    0.0843 0.00167 Inf    0.0810    0.0875
 iv     0.0865 0.00167 Inf    0.0833    0.0898
 v      0.0858 0.00167 Inf    0.0825    0.0890

Degrees-of-freedom method: asymptotic 
Confidence level used: 0.95 

$contrasts
 contrast  estimate      SE  df z.ratio p.value
 i - ii   -0.016934 0.00127 Inf -13.327 <0.0001
 i - iii   0.005611 0.00127 Inf   4.416 <0.0001
 i - iv    0.003329 0.00127 Inf   2.620  0.0352
 i - v     0.004114 0.00127 Inf   3.238  0.0060
 ii - iii  0.022545 0.00127 Inf  17.742 <0.0001
 ii - iv   0.020263 0.00127 Inf  15.946 <0.0001
 ii - v    0.021048 0.00127 Inf  16.564 <0.0001
 iii - iv -0.002282 0.00127 Inf  -1.796  0.2175
 iii - v  -0.001497 0.00127 Inf  -1.178  0.4778
 iv - v    0.000786 0.00127 Inf   0.618  0.5364

Degrees-of-freedom method: asymptotic 
P value adjustment: holm method for 10 tests 


Run Time End: 2026-04-13 17:55:07 

Total Elapsed Time: 14.7 secs 

7 Inf  16.564 <0.0001
 iii - iv -0.002282 0.00127 Inf  -1.796  0.2175
 iii - v  -0.001497 0.00127 Inf  -1.178  0.4778
 iv - v    0.000786 0.00127 Inf   0.618  0.5364

Degrees-of-freedom method: asymptotic 
P value adjustment: holm method for 10 tests 


Run Time End: 2026-04-13 17:55:07 

Total Elapsed Time: 14.7 secs 



Sampled simplex dimensions: 231 3 

--- Sample-size distribution diagnostics ---
Sample Size Distribution = 1 (Poisson)
Target mean = 25.000
Realized mean = 24.931
Realized SD = 4.959
  0%   5%  25%  50%  75%  95% 100% 
  10   17   22   25   28   33   51 
--- End diagnostics ---

$K
[1] 3

$G
[1] 4

$h
[1] 0.05

$theta_true
[1] 0.5

$theta_CV
[1] 0

$dist_code
[1] 1

$mean_nsamp
[1] 25

$ln_sd
[1] 1

$nb_size
[1] 25

$Nmin
[1] 50

$Nmax
[1] 100

$nsims
[1] 5

$random.seed
[1] 2125474368

$od_mult
[1] 1

$sigma
[1] 0.25

$p_lbound
[1] 0 0 0

$p_ubound
[1] 1 1 1


	Friedman rank sum test

data:  rmse and method and id
Friedman chi-squared = 199.42, df = 4, p-value < 2.2e-16

Kendall's W ~= 0.043

	Pairwise comparisons using Wilcoxon signed rank test with continuity correction 

data:  df$rmse and df$method 

    i       ii      iii     iv   
ii  < 2e-16 -       -       -    
iii 2.6e-07 < 2e-16 -       -    
iv  0.244   < 2e-16 4.5e-08 -    
v   0.244   < 2e-16 3.8e-06 0.012

P value adjustment method: holm 

Paired Wilcoxon (ii - i):

	Wilcoxon signed rank test with continuity correction

data:  b and a
V = 454924, p-value < 2.2e-16
alternative hypothesis: true location shift is not equal to 0
95 percent confidence interval:
 0.01010553 0.01467452
sample estimates:
(pseudo)median 
    0.01235025 


Paired Wilcoxon (iii - i):

	Wilcoxon signed rank test with continuity correction

data:  b and a
V = 272041, p-value = 5.144e-08
alternative hypothesis: true location shift is not equal to 0
95 percent confidence interval:
 -0.0018947593 -0.0008887247
sample estimates:
(pseudo)median 
  -0.001391462 


Paired Wilcoxon (iv - i):

	Wilcoxon signed rank test with continuity correction

data:  b and a
V = 351328, p-value = 0.122
alternative hypothesis: true location shift is not equal to 0
95 percent confidence interval:
 -4.027762e-05  5.686699e-04
sample estimates:
(pseudo)median 
  0.0001566335 


Paired Wilcoxon (v - i):

	Wilcoxon signed rank test with continuity correction

data:  b and a
V = 316595, p-value = 0.1293
alternative hypothesis: true location shift is not equal to 0
95 percent confidence interval:
 -2.557662e-04  4.617565e-05
sample estimates:
(pseudo)median 
 -0.0001204067 


Paired Wilcoxon (iii - ii):

	Wilcoxon signed rank test with continuity correction

data:  b and a
V = 185473, p-value < 2.2e-16
alternative hypothesis: true location shift is not equal to 0
95 percent confidence interval:
 -0.01662842 -0.01227102
sample estimates:
(pseudo)median 
   -0.01442992 


Paired Wilcoxon (iv - ii):

	Wilcoxon signed rank test with continuity correction

data:  b and a
V = 203739, p-value < 2.2e-16
alternative hypothesis: true location shift is not equal to 0
95 percent confidence interval:
 -0.01497463 -0.01055742
sample estimates:
(pseudo)median 
   -0.01273286 


Paired Wilcoxon (v - ii):

	Wilcoxon signed rank test with continuity correction

data:  b and a
V = 200899, p-value < 2.2e-16
alternative hypothesis: true location shift is not equal to 0
95 percent confidence interval:
 -0.01528088 -0.01083640
sample estimates:
(pseudo)median 
   -0.01301809 


Paired Wilcoxon (iv - iii):

	Wilcoxon signed rank test with continuity correction

data:  b and a
V = 399326, p-value = 7.499e-09
alternative hypothesis: true location shift is not equal to 0
95 percent confidence interval:
 0.001135892 0.002296336
sample estimates:
(pseudo)median 
   0.001715225 


Paired Wilcoxon (v - iii):

	Wilcoxon signed rank test with continuity correction

data:  b and a
V = 389367, p-value = 9.533e-07
alternative hypothesis: true location shift is not equal to 0
95 percent confidence interval:
 0.0004651886 0.0011800937
sample estimates:
(pseudo)median 
  0.0008077309 


Paired Wilcoxon (v - iv):

	Wilcoxon signed rank test with continuity correction

data:  b and a
V = 301233, p-value = 0.004083
alternative hypothesis: true location shift is not equal to 0
95 percent confidence interval:
 -5.540729e-04 -4.026172e-05
sample estimates:
(pseudo)median 
 -0.0002715868 

Percent change in RMSE for method X relative to method Y 

         pct_ii_i  pct_iii_i     pct_iv_i      pct_v_i pct_iii_ii
median   19.31554  -2.200152  0.001574442 -0.003584937  -18.16631
IQR      98.59235  18.744345 14.007852406  6.904524365   59.34150
q25.25% -17.08168 -10.942695 -5.365972990 -3.556278335  -45.25264
q75.75%  81.51067   7.801651  8.641879416  3.348246030   14.08886
        pct_iv_ii  pct_v_ii pct_iv_iii  pct_v_iii     pct_v_iv
median  -15.91860 -16.16046   2.353376  0.6156521 -0.002334712
IQR      62.73235  62.82795  23.284944 12.5626307  8.561252995
q25.25% -44.54453 -44.73704  -8.278966 -4.2888985 -5.499532545
q75.75%  18.18782  18.09090  15.005978  8.2737322  3.061720450
Type III Analysis of Variance Table with Satterthwaite's method
        Sum Sq  Mean Sq NumDF DenDF F value    Pr(>F)    
method 0.22976 0.057441     4  4616   112.8 < 2.2e-16 ***
---
Signif. codes:  0 ‘***’ 0.001 ‘**’ 0.01 ‘*’ 0.05 ‘.’ 0.1 ‘ ’ 1
$emmeans
 method emmean      SE  df asymp.LCL asymp.UCL
 i      0.0665 0.00124 Inf    0.0641    0.0689
 ii     0.0796 0.00124 Inf    0.0772    0.0820
 iii    0.0625 0.00124 Inf    0.0600    0.0649
 iv     0.0642 0.00124 Inf    0.0618    0.0666
 v      0.0636 0.00124 Inf    0.0612    0.0660

Degrees-of-freedom method: asymptotic 
Confidence level used: 0.95 

$contrasts
 contrast  estimate       SE  df z.ratio p.value
 i - ii   -0.013101 0.000939 Inf -13.951 <0.0001
 i - iii   0.004049 0.000939 Inf   4.312 <0.0001
 i - iv    0.002309 0.000939 Inf   2.459  0.0557
 i - v     0.002916 0.000939 Inf   3.106  0.0095
 ii - iii  0.017149 0.000939 Inf  18.263 <0.0001
 ii - iv   0.015410 0.000939 Inf  16.410 <0.0001
 ii - v    0.016017 0.000939 Inf  17.057 <0.0001
 iii - iv -0.001740 0.000939 Inf  -1.852  0.1919
 iii - v  -0.001132 0.000939 Inf  -1.206  0.4558
 iv - v    0.000607 0.000939 Inf   0.647  0.5179

Degrees-of-freedom method: asymptotic 
P value adjustment: holm method for 10 tests 


	Friedman rank sum test

data:  L1_norm and method and id
Friedman chi-squared = 191.47, df = 4, p-value < 2.2e-16

Kendall's W for L1 norm ~= 0.041

	Pairwise comparisons using Wilcoxon signed rank test with continuity correction 

data:  df_L1$L1_norm and df_L1$method 

    i       ii      iii     iv  
ii  < 2e-16 -       -       -   
iii 5.6e-07 < 2e-16 -       -   
iv  0.12    < 2e-16 5.6e-07 -   
v   0.12    < 2e-16 1.0e-05 0.01

P value adjustment method: holm 

Paired Wilcoxon for L1 norm (ii - i):

	Wilcoxon signed rank test with continuity correction

data:  b and a
V = 452693, p-value < 2.2e-16
alternative hypothesis: true location shift is not equal to 0
95 percent confidence interval:
 0.02682459 0.03910026
sample estimates:
(pseudo)median 
    0.03281358 


Paired Wilcoxon for L1 norm (iii - i):

	Wilcoxon signed rank test with continuity correction

data:  b and a
V = 273446, p-value = 1.024e-07
alternative hypothesis: true location shift is not equal to 0
95 percent confidence interval:
 -0.005074214 -0.002399553
sample estimates:
(pseudo)median 
  -0.003760887 


Paired Wilcoxon for L1 norm (iv - i):

	Wilcoxon signed rank test with continuity correction

data:  b and a
V = 351769, p-value = 0.1129
alternative hypothesis: true location shift is not equal to 0
95 percent confidence interval:
 -4.022971e-05  1.600338e-03
sample estimates:
(pseudo)median 
  0.0005031391 


Paired Wilcoxon for L1 norm (v - i):

	Wilcoxon signed rank test with continuity correction

data:  b and a
V = 312329, p-value = 0.05834
alternative hypothesis: true location shift is not equal to 0
95 percent confidence interval:
 -0.0008728888 -0.0000150677
sample estimates:
(pseudo)median 
 -0.0003404642 


Paired Wilcoxon for L1 norm (iii - ii):

	Wilcoxon signed rank test with continuity correction

data:  b and a
V = 187621, p-value < 2.2e-16
alternative hypothesis: true location shift is not equal to 0
95 percent confidence interval:
 -0.04428432 -0.03268924
sample estimates:
(pseudo)median 
   -0.03842279 


Paired Wilcoxon for L1 norm (iv - ii):

	Wilcoxon signed rank test with continuity correction

data:  b and a
V = 205717, p-value < 2.2e-16
alternative hypothesis: true location shift is not equal to 0
95 percent confidence interval:
 -0.03990793 -0.02802429
sample estimates:
(pseudo)median 
   -0.03386574 


Paired Wilcoxon for L1 norm (v - ii):

	Wilcoxon signed rank test with continuity correction

data:  b and a
V = 203042, p-value < 2.2e-16
alternative hypothesis: true location shift is not equal to 0
95 percent confidence interval:
 -0.04073613 -0.02871306
sample estimates:
(pseudo)median 
   -0.03460761 


Paired Wilcoxon for L1 norm (iv - iii):

	Wilcoxon signed rank test with continuity correction

data:  b and a
V = 394353, p-value = 9.255e-08
alternative hypothesis: true location shift is not equal to 0
95 percent confidence interval:
 0.002836329 0.006070599
sample estimates:
(pseudo)median 
   0.004437339 


Paired Wilcoxon for L1 norm (v - iii):

	Wilcoxon signed rank test with continuity correction

data:  b and a
V = 387126, p-value = 2.559e-06
alternative hypothesis: true location shift is not equal to 0
95 percent confidence interval:
 0.001182533 0.003101922
sample estimates:
(pseudo)median 
   0.002085546 


Paired Wilcoxon for L1 norm (v - iv):

	Wilcoxon signed rank test with continuity correction

data:  b and a
V = 300680, p-value = 0.003495
alternative hypothesis: true location shift is not equal to 0
95 percent confidence interval:
 -1.451473e-03 -5.321034e-05
sample estimates:
(pseudo)median 
 -0.0007104124 

Percent change in L1 norm for method X relative to method Y 

        pct_L1_norm_ii_i pct_L1_norm_iii_i pct_L1_norm_iv_i
median          18.64401         -1.962898      0.003288287
IQR            101.50349         19.230774     14.691501989
q25.25%        -17.77587        -11.241880     -6.045860540
q75.75%         83.72762          7.988895      8.645641449
        pct_L1_norm_v_i pct_L1_norm_iii_ii pct_L1_norm_iv_ii
median     -0.004092993          -18.23298         -14.48885
IQR         6.673065087           60.05800          64.36954
q25.25%    -3.682831683          -45.10309         -45.09069
q75.75%     2.990233403           14.95492          19.27885
        pct_L1_norm_v_ii pct_L1_norm_iv_iii pct_L1_norm_v_iii
median         -15.62816           2.590459          0.553953
IQR             63.99138          24.383035         13.401389
q25.25%        -44.79243          -8.673054         -4.838941
q75.75%         19.19895          15.709982          8.562448
        pct_L1_norm_v_iv
median      -0.003395561
IQR          8.964220830
q25.25%     -5.627489977
q75.75%      3.336730853
Type III Analysis of Variance Table with Satterthwaite's method
       Sum Sq Mean Sq NumDF DenDF F value    Pr(>F)    
method 1.5858 0.39644     4  4616  106.29 < 2.2e-16 ***
---
Signif. codes:  0 ‘***’ 0.001 ‘**’ 0.01 ‘*’ 0.05 ‘.’ 0.1 ‘ ’ 1
$emmeans
 method emmean      SE  df asymp.LCL asymp.UCL
 i       0.180 0.00334 Inf     0.173     0.186
 ii      0.214 0.00334 Inf     0.207     0.220
 iii     0.169 0.00334 Inf     0.162     0.175
 iv      0.173 0.00334 Inf     0.167     0.180
 v       0.172 0.00334 Inf     0.165     0.178

Degrees-of-freedom method: asymptotic 
Confidence level used: 0.95 

$contrasts
 contrast estimate      SE  df z.ratio p.value
 i - ii   -0.03387 0.00254 Inf -13.327 <0.0001
 i - iii   0.01122 0.00254 Inf   4.416 <0.0001
 i - iv    0.00666 0.00254 Inf   2.620  0.0352
 i - v     0.00823 0.00254 Inf   3.238  0.0060
 ii - iii  0.04509 0.00254 Inf  17.742 <0.0001
 ii - iv   0.04053 0.00254 Inf  15.946 <0.0001
 ii - v    0.04210 0.00254 Inf  16.564 <0.0001
 iii - iv -0.00456 0.00254 Inf  -1.796  0.2175
 iii - v  -0.00299 0.00254 Inf  -1.178  0.4778
 iv - v    0.00157 0.00254 Inf   0.618  0.5364

Degrees-of-freedom method: asymptotic 
P value adjustment: holm method for 10 tests 


	Friedman rank sum test

data:  Linf_norm and method and id
Friedman chi-squared = 191.47, df = 4, p-value < 2.2e-16

Kendall's W for Linf norm ~= 0.041

	Pairwise comparisons using Wilcoxon signed rank test with continuity correction 

data:  df_Linf$Linf_norm and df_Linf$method 

    i       ii      iii     iv  
ii  < 2e-16 -       -       -   
iii 5.6e-07 < 2e-16 -       -   
iv  0.12    < 2e-16 5.6e-07 -   
v   0.12    < 2e-16 1.0e-05 0.01

P value adjustment method: holm 

Paired Wilcoxon for Linf norm (ii - i):

	Wilcoxon signed rank test with continuity correction

data:  b and a
V = 452693, p-value < 2.2e-16
alternative hypothesis: true location shift is not equal to 0
95 percent confidence interval:
 0.01341229 0.01955013
sample estimates:
(pseudo)median 
    0.01640668 


Paired Wilcoxon for Linf norm (iii - i):

	Wilcoxon signed rank test with continuity correction

data:  b and a
V = 273446, p-value = 1.024e-07
alternative hypothesis: true location shift is not equal to 0
95 percent confidence interval:
 -0.002562107 -0.001174776
sample estimates:
(pseudo)median 
  -0.001880443 


Paired Wilcoxon for Linf norm (iv - i):

	Wilcoxon signed rank test with continuity correction

data:  b and a
V = 351769, p-value = 0.1129
alternative hypothesis: true location shift is not equal to 0
95 percent confidence interval:
 -8.275258e-05  8.001690e-04
sample estimates:
(pseudo)median 
  0.0002335364 


Paired Wilcoxon for Linf norm (v - i):

	Wilcoxon signed rank test with continuity correction

data:  b and a
V = 312329, p-value = 0.05834
alternative hypothesis: true location shift is not equal to 0
95 percent confidence interval:
 -4.364444e-04  1.746615e-05
sample estimates:
(pseudo)median 
 -0.0001702255 


Paired Wilcoxon for Linf norm (iii - ii):

	Wilcoxon signed rank test with continuity correction

data:  b and a
V = 187621, p-value < 2.2e-16
alternative hypothesis: true location shift is not equal to 0
95 percent confidence interval:
 -0.02214216 -0.01634462
sample estimates:
(pseudo)median 
   -0.01921139 


Paired Wilcoxon for Linf norm (iv - ii):

	Wilcoxon signed rank test with continuity correction

data:  b and a
V = 205717, p-value < 2.2e-16
alternative hypothesis: true location shift is not equal to 0
95 percent confidence interval:
 -0.01995397 -0.01401215
sample estimates:
(pseudo)median 
   -0.01693285 


Paired Wilcoxon for Linf norm (v - ii):

	Wilcoxon signed rank test with continuity correction

data:  b and a
V = 203042, p-value < 2.2e-16
alternative hypothesis: true location shift is not equal to 0
95 percent confidence interval:
 -0.02036806 -0.01435653
sample estimates:
(pseudo)median 
   -0.01730381 


Paired Wilcoxon for Linf norm (iv - iii):

	Wilcoxon signed rank test with continuity correction

data:  b and a
V = 394353, p-value = 9.255e-08
alternative hypothesis: true location shift is not equal to 0
95 percent confidence interval:
 0.001418164 0.003035300
sample estimates:
(pseudo)median 
    0.00221867 


Paired Wilcoxon for Linf norm (v - iii):

	Wilcoxon signed rank test with continuity correction

data:  b and a
V = 387126, p-value = 2.559e-06
alternative hypothesis: true location shift is not equal to 0
95 percent confidence interval:
 0.0005912664 0.0015509612
sample estimates:
(pseudo)median 
   0.001067787 


Paired Wilcoxon for Linf norm (v - iv):

	Wilcoxon signed rank test with continuity correction

data:  b and a
V = 300680, p-value = 0.003495
alternative hypothesis: true location shift is not equal to 0
95 percent confidence interval:
 -7.007364e-04 -2.660517e-05
sample estimates:
(pseudo)median 
 -0.0003552176 

Percent change in Linf norm for method X relative to method Y 

        pct_Linf_norm_ii_i pct_Linf_norm_iii_i pct_Linf_norm_iv_i
median            18.64401           -1.962898        0.003288287
IQR              101.50349           19.230774       14.691501989
q25.25%          -17.77587          -11.241880       -6.045860540
q75.75%           83.72762            7.988895        8.645641449
        pct_Linf_norm_v_i pct_Linf_norm_iii_ii pct_Linf_norm_iv_ii
median       -0.004092993            -18.23298           -14.48885
IQR           6.673065087             60.05800            64.36954
q25.25%      -3.682831683            -45.10309           -45.09069
q75.75%       2.990233403             14.95492            19.27885
        pct_Linf_norm_v_ii pct_Linf_norm_iv_iii pct_Linf_norm_v_iii
median           -15.62816             2.590459            0.553953
IQR               63.99138            24.383035           13.401389
q25.25%          -44.79243            -8.673054           -4.838941
q75.75%           19.19895            15.709982            8.562448
        pct_Linf_norm_v_iv
median        -0.003395561
IQR            8.964220830
q25.25%       -5.627489977
q75.75%        3.336730853
Type III Analysis of Variance Table with Satterthwaite's method
        Sum Sq  Mean Sq NumDF DenDF F value    Pr(>F)    
method 0.39644 0.099111     4  4616  106.29 < 2.2e-16 ***
---
Signif. codes:  0 ‘***’ 0.001 ‘**’ 0.01 ‘*’ 0.05 ‘.’ 0.1 ‘ ’ 1
$emmeans
 method emmean      SE  df asymp.LCL asymp.UCL
 i      0.0899 0.00167 Inf    0.0866    0.0931
 ii     0.1068 0.00167 Inf    0.1035    0.1101
 iii    0.0843 0.00167 Inf    0.0810    0.0875
 iv     0.0865 0.00167 Inf    0.0833    0.0898
 v      0.0858 0.00167 Inf    0.0825    0.0890

Degrees-of-freedom method: asymptotic 
Confidence level used: 0.95 

$contrasts
 contrast  estimate      SE  df z.ratio p.value
 i - ii   -0.016934 0.00127 Inf -13.327 <0.0001
 i - iii   0.005611 0.00127 Inf   4.416 <0.0001
 i - iv    0.003329 0.00127 Inf   2.620  0.0352
 i - v     0.004114 0.00127 Inf   3.238  0.0060
 ii - iii  0.022545 0.00127 Inf  17.742 <0.0001
 ii - iv   0.020263 0.00127 Inf  15.946 <0.0001
 ii - v    0.021048 0.00127 Inf  16.564 <0.0001
 iii - iv -0.002282 0.00127 Inf  -1.796  0.2175
 iii - v  -0.001497 0.00127 Inf  -1.178  0.4778
 iv - v    0.000786 0.00127 Inf   0.618  0.5364

Degrees-of-freedom method: asymptotic 
P value adjustment: holm method for 10 tests 


Run Time End: 2026-04-13 17:55:07 

Total Elapsed Time: 14.7 secs 

