
	Friedman rank sum test

data:  rmse and method and id
Friedman chi-squared = 161.52, df = 2, p-value < 2.2e-16

Kendall's W ≈ 0.069

	Pairwise comparisons using Wilcoxon signed rank test with continuity correction 

data:  df$rmse and df$method 

    i      ii    
ii  <2e-16 -     
iii <2e-16 <2e-16

P value adjustment method: holm 

	Wilcoxon signed rank test with continuity correction

data:  wide$rmse.ii and wide$rmse.i
V = 444957, p-value < 2.2e-16
alternative hypothesis: true location shift is not equal to 0
95 percent confidence interval:
 0.003753472 0.005969333
sample estimates:
(pseudo)median 
   0.004848598 


	Wilcoxon signed rank test with continuity correction

data:  wide$rmse.iii and wide$rmse.i
V = 248825, p-value < 2.2e-16
alternative hypothesis: true location shift is not equal to 0
95 percent confidence interval:
 -0.002145446 -0.001321800
sample estimates:
(pseudo)median 
  -0.001735245 


	Wilcoxon signed rank test with continuity correction

data:  wide$rmse.iii and wide$rmse.ii
V = 180969, p-value < 2.2e-16
alternative hypothesis: true location shift is not equal to 0
95 percent confidence interval:
 -0.008200698 -0.006189769
sample estimates:
(pseudo)median 
  -0.007197709 

         pct_ii_i  pct_iii_i pct_iii_ii
median   25.74468  -6.742635  -27.21167
IQR     132.04486  43.342072   75.37623
q25.25% -29.06437 -28.529211  -54.74748
q75.75% 102.98049  14.812861   20.62875
[1] 0.2476148
[1] -0.2433443
[1] -0.4132029
Type III Analysis of Variance Table with Satterthwaite's method
        Sum Sq Mean Sq NumDF DenDF F value    Pr(>F)    
method 0.30773 0.15386     2  2350  32.763 9.249e-15 ***
---
Signif. codes:  0 ‘***’ 0.001 ‘**’ 0.01 ‘*’ 0.05 ‘.’ 0.1 ‘ ’ 1
$emmeans
 method emmean      SE  df asymp.LCL asymp.UCL
 i      0.0368 0.00202 Inf    0.0328    0.0407
 ii     0.0433 0.00202 Inf    0.0393    0.0472
 iii    0.0210 0.00202 Inf    0.0171    0.0250

Degrees-of-freedom method: asymptotic 
Confidence level used: 0.95 

$contrasts
 contrast estimate      SE  df z.ratio p.value
 i - ii   -0.00653 0.00283 Inf  -2.311  0.0208
 i - iii   0.01572 0.00283 Inf   5.563  <.0001
 ii - iii  0.02225 0.00283 Inf   7.874  <.0001

Degrees-of-freedom method: asymptotic 
P value adjustment: holm method for 3 tests 

