file = hake_ex1.lst
Run Time Start: 2026-04-13 17:54:13 

Sampled simplex dimensions: 231 3 

--- Sample-size distribution diagnostics ---
Sample Size Distribution = 1 (Poisson)
Target mean = 25.000
Realized mean = 24.959
Realized SD = 4.996
  0%   5%  25%  50%  75%  95% 100% 
  10   17   21   25   28   33   51 
--- End diagnostics ---

$K
[1] 3

$G
[1] 2

$h
[1] 0.05

$theta_true
[1] 0.5

$theta_CV
[1] 0

$dist_code
[1] 1

$mean_nsamp
[1] 25

$ln_sd
[1] 1

$nb_size
[1] 25

$Nmin
[1] 50

$Nmax
[1] 100

$nsims
[1] 5

$random.seed
[1] 2125474368

$od_mult
[1] 1

$sigma
[1] 0.25

$p_lbound
[1] 0 0 0

$p_ubound
[1] 1 1 1


	Friedman rank sum test

data:  rmse and method and id
Friedman chi-squared = 198.91, df = 4, p-value < 2.2e-16

Kendall's W ~= 0.043

	Pairwise comparisons using Wilcoxon signed rank test with continuity correction 

data:  df$rmse and df$method 

    i       ii      iii     iv     
ii  5.1e-10 -       -       -      
iii < 2e-16 < 2e-16 -       -      
iv  0.57141 5.1e-10 < 2e-16 -      
v   0.00099 1.2e-11 < 2e-16 0.14300

P value adjustment method: holm 

Paired Wilcoxon (ii - i):

	Wilcoxon signed rank test with continuity correction

data:  b and a
V = 407096, p-value = 1.016e-10
alternative hypothesis: true location shift is not equal to 0
95 percent confidence interval:
 0.002919392 0.009711371
sample estimates:
(pseudo)median 
   0.005944231 


Paired Wilcoxon (iii - i):

	Wilcoxon signed rank test with continuity correction

data:  b and a
V = 205830, p-value < 2.2e-16
alternative hypothesis: true location shift is not equal to 0
95 percent confidence interval:
 -0.004674647 -0.003329867
sample estimates:
(pseudo)median 
  -0.004005166 


Paired Wilcoxon (iv - i):

	Wilcoxon signed rank test with continuity correction

data:  b and a
V = 327377, p-value = 0.5714
alternative hypothesis: true location shift is not equal to 0
95 percent confidence interval:
 -2.005161e-05  4.308476e-05
sample estimates:
(pseudo)median 
 -1.737079e-05 


Paired Wilcoxon (v - i):

	Wilcoxon signed rank test with continuity correction

data:  b and a
V = 293086, p-value = 0.0003304
alternative hypothesis: true location shift is not equal to 0
95 percent confidence interval:
 -4.833495e-05 -1.981350e-05
sample estimates:
(pseudo)median 
 -6.889705e-05 


Paired Wilcoxon (iii - ii):

	Wilcoxon signed rank test with continuity correction

data:  b and a
V = 201654, p-value < 2.2e-16
alternative hypothesis: true location shift is not equal to 0
95 percent confidence interval:
 -0.01576326 -0.01102407
sample estimates:
(pseudo)median 
   -0.01331951 


Paired Wilcoxon (iv - ii):

	Wilcoxon signed rank test with continuity correction

data:  b and a
V = 260647, p-value = 1.11e-10
alternative hypothesis: true location shift is not equal to 0
95 percent confidence interval:
 -0.01043795 -0.00316443
sample estimates:
(pseudo)median 
  -0.006272575 


Paired Wilcoxon (v - ii):

	Wilcoxon signed rank test with continuity correction

data:  b and a
V = 253978, p-value = 1.932e-12
alternative hypothesis: true location shift is not equal to 0
95 percent confidence interval:
 -0.010385467 -0.003075693
sample estimates:
(pseudo)median 
  -0.006453443 


Paired Wilcoxon (iv - iii):

	Wilcoxon signed rank test with continuity correction

data:  b and a
V = 448551, p-value < 2.2e-16
alternative hypothesis: true location shift is not equal to 0
95 percent confidence interval:
 0.003312940 0.004843351
sample estimates:
(pseudo)median 
   0.004090853 


Paired Wilcoxon (v - iii):

	Wilcoxon signed rank test with continuity correction

data:  b and a
V = 454119, p-value < 2.2e-16
alternative hypothesis: true location shift is not equal to 0
95 percent confidence interval:
 0.002452120 0.003696421
sample estimates:
(pseudo)median 
   0.003049182 


Paired Wilcoxon (v - iv):

	Wilcoxon signed rank test with continuity correction

data:  b and a
V = 313359, p-value = 0.0715
alternative hypothesis: true location shift is not equal to 0
95 percent confidence interval:
 -4.880686e-05  1.601097e-05
sample estimates:
(pseudo)median 
 -5.128869e-05 

Percent change in RMSE for method X relative to method Y 

            pct_ii_i  pct_iii_i      pct_iv_i       pct_v_i
median   0.001334133  -3.908097 -3.600595e-05 -0.0008353658
IQR     58.424528129  16.372353  5.891250e-01  0.3989026008
q25.25% -2.143349744 -12.396506 -2.492119e-01 -0.3743317183
q75.75% 56.281178385   3.975847  3.399132e-01  0.0245708825
        pct_iii_ii     pct_iv_ii     pct_v_ii pct_iv_iii pct_v_iii
median   -10.30246 -3.454692e-04  -0.00150359   4.324677  2.463528
IQR       51.95912  3.726005e+01  39.02594671  21.177006 14.153288
q25.25%  -40.86056 -3.611783e+01 -36.95527078  -5.266204 -2.597178
q75.75%   11.09856  1.142214e+00   2.07067592  15.910802 11.556110
             pct_v_iv
median  -0.0002597989
IQR      0.4232029900
q25.25% -0.3510123321
q75.75%  0.0721906579
Type III Analysis of Variance Table with Satterthwaite's method
        Sum Sq  Mean Sq NumDF DenDF F value    Pr(>F)    
method 0.27355 0.068388     4  4616  88.089 < 2.2e-16 ***
---
Signif. codes:  0 ‘***’ 0.001 ‘**’ 0.01 ‘*’ 0.05 ‘.’ 0.1 ‘ ’ 1
$emmeans
 method emmean      SE  df asymp.LCL asymp.UCL
 i      0.0922 0.00169 Inf    0.0889    0.0955
 ii     0.1080 0.00169 Inf    0.1047    0.1113
 iii    0.0884 0.00169 Inf    0.0851    0.0918
 iv     0.0923 0.00169 Inf    0.0890    0.0956
 v      0.0918 0.00169 Inf    0.0885    0.0951

Degrees-of-freedom method: asymptotic 
Confidence level used: 0.95 

$contrasts
 contrast  estimate      SE  df z.ratio p.value
 i - ii   -1.58e-02 0.00116 Inf -13.621 <0.0001
 i - iii   3.79e-03 0.00116 Inf   3.271  0.0054
 i - iv   -6.74e-05 0.00116 Inf  -0.058  1.0000
 i - v     4.18e-04 0.00116 Inf   0.360  1.0000
 ii - iii  1.96e-02 0.00116 Inf  16.892 <0.0001
 ii - iv   1.57e-02 0.00116 Inf  13.563 <0.0001
 ii - v    1.62e-02 0.00116 Inf  13.982 <0.0001
 iii - iv -3.86e-03 0.00116 Inf  -3.329  0.0052
 iii - v  -3.37e-03 0.00116 Inf  -2.911  0.0144
 iv - v    4.85e-04 0.00116 Inf   0.418  1.0000

Degrees-of-freedom method: asymptotic 
P value adjustment: holm method for 10 tests 


	Friedman rank sum test

data:  L1_norm and method and id
Friedman chi-squared = 220.63, df = 4, p-value < 2.2e-16

Kendall's W for L1 norm ~= 0.048

	Pairwise comparisons using Wilcoxon signed rank test with continuity correction 

data:  df_L1$L1_norm and df_L1$method 

    i       ii      iii     iv    
ii  7.7e-09 -       -       -     
iii < 2e-16 < 2e-16 -       -     
iv  0.5028  2.2e-08 < 2e-16 -     
v   0.0035  2.2e-10 < 2e-16 0.0109

P value adjustment method: holm 

Paired Wilcoxon for L1 norm (ii - i):

	Wilcoxon signed rank test with continuity correction

data:  b and a
V = 402275, p-value = 1.547e-09
alternative hypothesis: true location shift is not equal to 0
95 percent confidence interval:
 0.006970098 0.025641496
sample estimates:
(pseudo)median 
    0.01529934 


Paired Wilcoxon for L1 norm (iii - i):

	Wilcoxon signed rank test with continuity correction

data:  b and a
V = 209573, p-value < 2.2e-16
alternative hypothesis: true location shift is not equal to 0
95 percent confidence interval:
 -0.01242993 -0.00869954
sample estimates:
(pseudo)median 
   -0.01057447 


Paired Wilcoxon for L1 norm (iv - i):

	Wilcoxon signed rank test with continuity correction

data:  b and a
V = 326197, p-value = 0.5028
alternative hypothesis: true location shift is not equal to 0
95 percent confidence interval:
 -4.457471e-05 -1.028124e-05
sample estimates:
(pseudo)median 
 -6.714965e-06 


Paired Wilcoxon for L1 norm (v - i):

	Wilcoxon signed rank test with continuity correction

data:  b and a
V = 296990, p-value = 0.001171
alternative hypothesis: true location shift is not equal to 0
95 percent confidence interval:
 -1.939500e-05 -4.860574e-05
sample estimates:
(pseudo)median 
 -7.076474e-05 


Paired Wilcoxon for L1 norm (iii - ii):

	Wilcoxon signed rank test with continuity correction

data:  b and a
V = 204164, p-value < 2.2e-16
alternative hypothesis: true location shift is not equal to 0
95 percent confidence interval:
 -0.04223483 -0.02906712
sample estimates:
(pseudo)median 
   -0.03537362 


Paired Wilcoxon for L1 norm (iv - ii):

	Wilcoxon signed rank test with continuity correction

data:  b and a
V = 267654, p-value = 5.439e-09
alternative hypothesis: true location shift is not equal to 0
95 percent confidence interval:
 -0.027813496 -0.007128963
sample estimates:
(pseudo)median 
     -0.016838 


Paired Wilcoxon for L1 norm (v - ii):

	Wilcoxon signed rank test with continuity correction

data:  b and a
V = 258761, p-value = 3.654e-11
alternative hypothesis: true location shift is not equal to 0
95 percent confidence interval:
 -0.027401230 -0.007112202
sample estimates:
(pseudo)median 
   -0.01631307 


Paired Wilcoxon for L1 norm (iv - iii):

	Wilcoxon signed rank test with continuity correction

data:  b and a
V = 444746, p-value < 2.2e-16
alternative hypothesis: true location shift is not equal to 0
95 percent confidence interval:
 0.008751495 0.012968220
sample estimates:
(pseudo)median 
    0.01089451 


Paired Wilcoxon for L1 norm (v - iii):

	Wilcoxon signed rank test with continuity correction

data:  b and a
V = 449653, p-value < 2.2e-16
alternative hypothesis: true location shift is not equal to 0
95 percent confidence interval:
 0.006215115 0.009677510
sample estimates:
(pseudo)median 
   0.007890959 


Paired Wilcoxon for L1 norm (v - iv):

	Wilcoxon signed rank test with continuity correction

data:  b and a
V = 302271, p-value = 0.005433
alternative hypothesis: true location shift is not equal to 0
95 percent confidence interval:
 -9.517399e-05  5.071588e-06
sample estimates:
(pseudo)median 
 -4.462298e-06 

Percent change in L1 norm for method X relative to method Y 

        pct_L1_norm_ii_i pct_L1_norm_iii_i pct_L1_norm_iv_i
median      0.0006841137         -3.709634     1.622279e-05
IQR        63.2452826137         16.352924     4.012208e-01
q25.25%    -3.5167804322        -12.725598    -2.688967e-01
q75.75%    59.7285021814          3.627327     1.323241e-01
        pct_L1_norm_v_i pct_L1_norm_iii_ii pct_L1_norm_iv_ii
median    -0.0006974109          -10.00402     -5.658761e-05
IQR        0.3218301187           52.30538      3.953948e+01
q25.25%   -0.2937520071          -41.17416     -3.614231e+01
q75.75%    0.0280781116           11.13122      3.397170e+00
        pct_L1_norm_v_ii pct_L1_norm_iv_iii pct_L1_norm_v_iii
median      -0.001253906           4.254303          2.107191
IQR         40.132386263          21.844686         14.512409
q25.25%    -37.513943787          -5.811907         -2.714724
q75.75%      2.618442476          16.032779         11.797685
        pct_L1_norm_v_iv
median     -0.0004262254
IQR         0.6378390138
q25.25%    -0.6113664920
q75.75%     0.0264725219
Type III Analysis of Variance Table with Satterthwaite's method
       Sum Sq Mean Sq NumDF DenDF F value    Pr(>F)    
method 1.9273 0.48183     4  4616  84.644 < 2.2e-16 ***
---
Signif. codes:  0 ‘***’ 0.001 ‘**’ 0.01 ‘*’ 0.05 ‘.’ 0.1 ‘ ’ 1
$emmeans
 method emmean      SE  df asymp.LCL asymp.UCL
 i       0.249 0.00453 Inf     0.240     0.257
 ii      0.290 0.00453 Inf     0.282     0.299
 iii     0.238 0.00453 Inf     0.229     0.247
 iv      0.249 0.00453 Inf     0.240     0.258
 v       0.247 0.00453 Inf     0.239     0.256

Degrees-of-freedom method: asymptotic 
Confidence level used: 0.95 

$contrasts
 contrast  estimate      SE  df z.ratio p.value
 i - ii   -0.041816 0.00314 Inf -13.319 <0.0001
 i - iii   0.010261 0.00314 Inf   3.268  0.0055
 i - iv   -0.000144 0.00314 Inf  -0.046  1.0000
 i - v     0.001157 0.00314 Inf   0.369  1.0000
 ii - iii  0.052077 0.00314 Inf  16.587 <0.0001
 ii - iv   0.041672 0.00314 Inf  13.273 <0.0001
 ii - v    0.042973 0.00314 Inf  13.688 <0.0001
 iii - iv -0.010405 0.00314 Inf  -3.314  0.0055
 iii - v  -0.009104 0.00314 Inf  -2.900  0.0149
 iv - v    0.001301 0.00314 Inf   0.414  1.0000

Degrees-of-freedom method: asymptotic 
P value adjustment: holm method for 10 tests 


	Friedman rank sum test

data:  Linf_norm and method and id
Friedman chi-squared = 220.63, df = 4, p-value < 2.2e-16

Kendall's W for Linf norm ~= 0.048

	Pairwise comparisons using Wilcoxon signed rank test with continuity correction 

data:  df_Linf$Linf_norm and df_Linf$method 

    i       ii      iii     iv    
ii  7.7e-09 -       -       -     
iii < 2e-16 < 2e-16 -       -     
iv  0.5028  2.2e-08 < 2e-16 -     
v   0.0035  2.2e-10 < 2e-16 0.0109

P value adjustment method: holm 

Paired Wilcoxon for Linf norm (ii - i):

	Wilcoxon signed rank test with continuity correction

data:  b and a
V = 402275, p-value = 1.547e-09
alternative hypothesis: true location shift is not equal to 0
95 percent confidence interval:
 0.00347675 0.01284575
sample estimates:
(pseudo)median 
   0.007667724 


Paired Wilcoxon for Linf norm (iii - i):

	Wilcoxon signed rank test with continuity correction

data:  b and a
V = 209573, p-value < 2.2e-16
alternative hypothesis: true location shift is not equal to 0
95 percent confidence interval:
 -0.006214964 -0.004349770
sample estimates:
(pseudo)median 
  -0.005287218 


Paired Wilcoxon for Linf norm (iv - i):

	Wilcoxon signed rank test with continuity correction

data:  b and a
V = 326197, p-value = 0.5028
alternative hypothesis: true location shift is not equal to 0
95 percent confidence interval:
 -2.228735e-05 -5.140621e-06
sample estimates:
(pseudo)median 
 -3.373587e-06 


Paired Wilcoxon for Linf norm (v - i):

	Wilcoxon signed rank test with continuity correction

data:  b and a
V = 296990, p-value = 0.001171
alternative hypothesis: true location shift is not equal to 0
95 percent confidence interval:
 -9.697500e-06  1.244824e-05
sample estimates:
(pseudo)median 
 -3.538012e-05 


Paired Wilcoxon for Linf norm (iii - ii):

	Wilcoxon signed rank test with continuity correction

data:  b and a
V = 204164, p-value < 2.2e-16
alternative hypothesis: true location shift is not equal to 0
95 percent confidence interval:
 -0.02111741 -0.01453356
sample estimates:
(pseudo)median 
   -0.01768661 


Paired Wilcoxon for Linf norm (iv - ii):

	Wilcoxon signed rank test with continuity correction

data:  b and a
V = 267654, p-value = 5.439e-09
alternative hypothesis: true location shift is not equal to 0
95 percent confidence interval:
 -0.013906748 -0.003564481
sample estimates:
(pseudo)median 
  -0.008418858 


Paired Wilcoxon for Linf norm (v - ii):

	Wilcoxon signed rank test with continuity correction

data:  b and a
V = 258761, p-value = 3.654e-11
alternative hypothesis: true location shift is not equal to 0
95 percent confidence interval:
 -0.013675615 -0.003556101
sample estimates:
(pseudo)median 
  -0.008156472 


Paired Wilcoxon for Linf norm (iv - iii):

	Wilcoxon signed rank test with continuity correction

data:  b and a
V = 444746, p-value < 2.2e-16
alternative hypothesis: true location shift is not equal to 0
95 percent confidence interval:
 0.004375747 0.006487904
sample estimates:
(pseudo)median 
    0.00544724 


Paired Wilcoxon for Linf norm (v - iii):

	Wilcoxon signed rank test with continuity correction

data:  b and a
V = 449653, p-value < 2.2e-16
alternative hypothesis: true location shift is not equal to 0
95 percent confidence interval:
 0.003107558 0.004838755
sample estimates:
(pseudo)median 
   0.003945479 


Paired Wilcoxon for Linf norm (v - iv):

	Wilcoxon signed rank test with continuity correction

data:  b and a
V = 302271, p-value = 0.005433
alternative hypothesis: true location shift is not equal to 0
95 percent confidence interval:
 -2.733544e-05 -2.246421e-05
sample estimates:
(pseudo)median 
 -4.012551e-05 

Percent change in Linf norm for method X relative to method Y 

        pct_Linf_norm_ii_i pct_Linf_norm_iii_i pct_Linf_norm_iv_i
median        0.0006841137           -3.709634       1.622279e-05
IQR          63.2452826137           16.352924       4.012208e-01
q25.25%      -3.5167804322          -12.725598      -2.688967e-01
q75.75%      59.7285021814            3.627327       1.323241e-01
        pct_Linf_norm_v_i pct_Linf_norm_iii_ii pct_Linf_norm_iv_ii
median      -0.0006974109            -10.00402       -5.658761e-05
IQR          0.3218301187             52.30538        3.953948e+01
q25.25%     -0.2937520071            -41.17416       -3.614231e+01
q75.75%      0.0280781116             11.13122        3.397170e+00
        pct_Linf_norm_v_ii pct_Linf_norm_iv_iii pct_Linf_norm_v_iii
median        -0.001253906             4.254303            2.107191
IQR           40.132386263            21.844686           14.512409
q25.25%      -37.513943787            -5.811907           -2.714724
q75.75%        2.618442476            16.032779           11.797685
        pct_Linf_norm_v_iv
median       -0.0004262254
IQR           0.6378390138
q25.25%      -0.6113664920
q75.75%       0.0264725219
Type III Analysis of Variance Table with Satterthwaite's method
        Sum Sq Mean Sq NumDF DenDF F value    Pr(>F)    
method 0.48183 0.12046     4  4616  84.644 < 2.2e-16 ***
---
Signif. codes:  0 ‘***’ 0.001 ‘**’ 0.01 ‘*’ 0.05 ‘.’ 0.1 ‘ ’ 1
$emmeans
 method emmean      SE  df asymp.LCL asymp.UCL
 i       0.124 0.00226 Inf     0.120     0.129
 ii      0.145 0.00226 Inf     0.141     0.150
 iii     0.119 0.00226 Inf     0.115     0.124
 iv      0.124 0.00226 Inf     0.120     0.129
 v       0.124 0.00226 Inf     0.119     0.128

Degrees-of-freedom method: asymptotic 
Confidence level used: 0.95 

$contrasts
 contrast  estimate      SE  df z.ratio p.value
 i - ii   -0.020908 0.00157 Inf -13.319 <0.0001
 i - iii   0.005131 0.00157 Inf   3.268  0.0055
 i - iv   -0.000072 0.00157 Inf  -0.046  1.0000
 i - v     0.000579 0.00157 Inf   0.369  1.0000
 ii - iii  0.026039 0.00157 Inf  16.587 <0.0001
 ii - iv   0.020836 0.00157 Inf  13.273 <0.0001
 ii - v    0.021487 0.00157 Inf  13.688 <0.0001
 iii - iv -0.005203 0.00157 Inf  -3.314  0.0055
 iii - v  -0.004552 0.00157 Inf  -2.900  0.0149
 iv - v    0.000651 0.00157 Inf   0.414  1.0000

Degrees-of-freedom method: asymptotic 
P value adjustment: holm method for 10 tests 


Run Time End: 2026-04-13 17:54:30 

Total Elapsed Time: 16.61 secs 



Sampled simplex dimensions: 231 3 

--- Sample-size distribution diagnostics ---
Sample Size Distribution = 1 (Poisson)
Target mean = 25.000
Realized mean = 24.959
Realized SD = 4.996
  0%   5%  25%  50%  75%  95% 100% 
  10   17   21   25   28   33   51 
--- End diagnostics ---

$K
[1] 3

$G
[1] 2

$h
[1] 0.05

$theta_true
[1] 0.5

$theta_CV
[1] 0

$dist_code
[1] 1

$mean_nsamp
[1] 25

$ln_sd
[1] 1

$nb_size
[1] 25

$Nmin
[1] 50

$Nmax
[1] 100

$nsims
[1] 5

$random.seed
[1] 2125474368

$od_mult
[1] 1

$sigma
[1] 0.25

$p_lbound
[1] 0 0 0

$p_ubound
[1] 1 1 1


	Friedman rank sum test

data:  rmse and method and id
Friedman chi-squared = 198.91, df = 4, p-value < 2.2e-16

Kendall's W ~= 0.043

	Pairwise comparisons using Wilcoxon signed rank test with continuity correction 

data:  df$rmse and df$method 

    i       ii      iii     iv     
ii  5.1e-10 -       -       -      
iii < 2e-16 < 2e-16 -       -      
iv  0.57141 5.1e-10 < 2e-16 -      
v   0.00099 1.2e-11 < 2e-16 0.14300

P value adjustment method: holm 

Paired Wilcoxon (ii - i):

	Wilcoxon signed rank test with continuity correction

data:  b and a
V = 407096, p-value = 1.016e-10
alternative hypothesis: true location shift is not equal to 0
95 percent confidence interval:
 0.002919392 0.009711371
sample estimates:
(pseudo)median 
   0.005944231 


Paired Wilcoxon (iii - i):

	Wilcoxon signed rank test with continuity correction

data:  b and a
V = 205830, p-value < 2.2e-16
alternative hypothesis: true location shift is not equal to 0
95 percent confidence interval:
 -0.004674647 -0.003329867
sample estimates:
(pseudo)median 
  -0.004005166 


Paired Wilcoxon (iv - i):

	Wilcoxon signed rank test with continuity correction

data:  b and a
V = 327377, p-value = 0.5714
alternative hypothesis: true location shift is not equal to 0
95 percent confidence interval:
 -2.005161e-05  4.308476e-05
sample estimates:
(pseudo)median 
 -1.737079e-05 


Paired Wilcoxon (v - i):

	Wilcoxon signed rank test with continuity correction

data:  b and a
V = 293086, p-value = 0.0003304
alternative hypothesis: true location shift is not equal to 0
95 percent confidence interval:
 -4.833495e-05 -1.981350e-05
sample estimates:
(pseudo)median 
 -6.889705e-05 


Paired Wilcoxon (iii - ii):

	Wilcoxon signed rank test with continuity correction

data:  b and a
V = 201654, p-value < 2.2e-16
alternative hypothesis: true location shift is not equal to 0
95 percent confidence interval:
 -0.01576326 -0.01102407
sample estimates:
(pseudo)median 
   -0.01331951 


Paired Wilcoxon (iv - ii):

	Wilcoxon signed rank test with continuity correction

data:  b and a
V = 260647, p-value = 1.11e-10
alternative hypothesis: true location shift is not equal to 0
95 percent confidence interval:
 -0.01043795 -0.00316443
sample estimates:
(pseudo)median 
  -0.006272575 


Paired Wilcoxon (v - ii):

	Wilcoxon signed rank test with continuity correction

data:  b and a
V = 253978, p-value = 1.932e-12
alternative hypothesis: true location shift is not equal to 0
95 percent confidence interval:
 -0.010385467 -0.003075693
sample estimates:
(pseudo)median 
  -0.006453443 


Paired Wilcoxon (iv - iii):

	Wilcoxon signed rank test with continuity correction

data:  b and a
V = 448551, p-value < 2.2e-16
alternative hypothesis: true location shift is not equal to 0
95 percent confidence interval:
 0.003312940 0.004843351
sample estimates:
(pseudo)median 
   0.004090853 


Paired Wilcoxon (v - iii):

	Wilcoxon signed rank test with continuity correction

data:  b and a
V = 454119, p-value < 2.2e-16
alternative hypothesis: true location shift is not equal to 0
95 percent confidence interval:
 0.002452120 0.003696421
sample estimates:
(pseudo)median 
   0.003049182 


Paired Wilcoxon (v - iv):

	Wilcoxon signed rank test with continuity correction

data:  b and a
V = 313359, p-value = 0.0715
alternative hypothesis: true location shift is not equal to 0
95 percent confidence interval:
 -4.880686e-05  1.601097e-05
sample estimates:
(pseudo)median 
 -5.128869e-05 

Percent change in RMSE for method X relative to method Y 

            pct_ii_i  pct_iii_i      pct_iv_i       pct_v_i
median   0.001334133  -3.908097 -3.600595e-05 -0.0008353658
IQR     58.424528129  16.372353  5.891250e-01  0.3989026008
q25.25% -2.143349744 -12.396506 -2.492119e-01 -0.3743317183
q75.75% 56.281178385   3.975847  3.399132e-01  0.0245708825
        pct_iii_ii     pct_iv_ii     pct_v_ii pct_iv_iii pct_v_iii
median   -10.30246 -3.454692e-04  -0.00150359   4.324677  2.463528
IQR       51.95912  3.726005e+01  39.02594671  21.177006 14.153288
q25.25%  -40.86056 -3.611783e+01 -36.95527078  -5.266204 -2.597178
q75.75%   11.09856  1.142214e+00   2.07067592  15.910802 11.556110
             pct_v_iv
median  -0.0002597989
IQR      0.4232029900
q25.25% -0.3510123321
q75.75%  0.0721906579
Type III Analysis of Variance Table with Satterthwaite's method
        Sum Sq  Mean Sq NumDF DenDF F value    Pr(>F)    
method 0.27355 0.068388     4  4616  88.089 < 2.2e-16 ***
---
Signif. codes:  0 ‘***’ 0.001 ‘**’ 0.01 ‘*’ 0.05 ‘.’ 0.1 ‘ ’ 1
$emmeans
 method emmean      SE  df asymp.LCL asymp.UCL
 i      0.0922 0.00169 Inf    0.0889    0.0955
 ii     0.1080 0.00169 Inf    0.1047    0.1113
 iii    0.0884 0.00169 Inf    0.0851    0.0918
 iv     0.0923 0.00169 Inf    0.0890    0.0956
 v      0.0918 0.00169 Inf    0.0885    0.0951

Degrees-of-freedom method: asymptotic 
Confidence level used: 0.95 

$contrasts
 contrast  estimate      SE  df z.ratio p.value
 i - ii   -1.58e-02 0.00116 Inf -13.621 <0.0001
 i - iii   3.79e-03 0.00116 Inf   3.271  0.0054
 i - iv   -6.74e-05 0.00116 Inf  -0.058  1.0000
 i - v     4.18e-04 0.00116 Inf   0.360  1.0000
 ii - iii  1.96e-02 0.00116 Inf  16.892 <0.0001
 ii - iv   1.57e-02 0.00116 Inf  13.563 <0.0001
 ii - v    1.62e-02 0.00116 Inf  13.982 <0.0001
 iii - iv -3.86e-03 0.00116 Inf  -3.329  0.0052
 iii - v  -3.37e-03 0.00116 Inf  -2.911  0.0144
 iv - v    4.85e-04 0.00116 Inf   0.418  1.0000

Degrees-of-freedom method: asymptotic 
P value adjustment: holm method for 10 tests 


	Friedman rank sum test

data:  L1_norm and method and id
Friedman chi-squared = 220.63, df = 4, p-value < 2.2e-16

Kendall's W for L1 norm ~= 0.048

	Pairwise comparisons using Wilcoxon signed rank test with continuity correction 

data:  df_L1$L1_norm and df_L1$method 

    i       ii      iii     iv    
ii  7.7e-09 -       -       -     
iii < 2e-16 < 2e-16 -       -     
iv  0.5028  2.2e-08 < 2e-16 -     
v   0.0035  2.2e-10 < 2e-16 0.0109

P value adjustment method: holm 

Paired Wilcoxon for L1 norm (ii - i):

	Wilcoxon signed rank test with continuity correction

data:  b and a
V = 402275, p-value = 1.547e-09
alternative hypothesis: true location shift is not equal to 0
95 percent confidence interval:
 0.006970098 0.025641496
sample estimates:
(pseudo)median 
    0.01529934 


Paired Wilcoxon for L1 norm (iii - i):

	Wilcoxon signed rank test with continuity correction

data:  b and a
V = 209573, p-value < 2.2e-16
alternative hypothesis: true location shift is not equal to 0
95 percent confidence interval:
 -0.01242993 -0.00869954
sample estimates:
(pseudo)median 
   -0.01057447 


Paired Wilcoxon for L1 norm (iv - i):

	Wilcoxon signed rank test with continuity correction

data:  b and a
V = 326197, p-value = 0.5028
alternative hypothesis: true location shift is not equal to 0
95 percent confidence interval:
 -4.457471e-05 -1.028124e-05
sample estimates:
(pseudo)median 
 -6.714965e-06 


Paired Wilcoxon for L1 norm (v - i):

	Wilcoxon signed rank test with continuity correction

data:  b and a
V = 296990, p-value = 0.001171
alternative hypothesis: true location shift is not equal to 0
95 percent confidence interval:
 -1.939500e-05 -4.860574e-05
sample estimates:
(pseudo)median 
 -7.076474e-05 


Paired Wilcoxon for L1 norm (iii - ii):

	Wilcoxon signed rank test with continuity correction

data:  b and a
V = 204164, p-value < 2.2e-16
alternative hypothesis: true location shift is not equal to 0
95 percent confidence interval:
 -0.04223483 -0.02906712
sample estimates:
(pseudo)median 
   -0.03537362 


Paired Wilcoxon for L1 norm (iv - ii):

	Wilcoxon signed rank test with continuity correction

data:  b and a
V = 267654, p-value = 5.439e-09
alternative hypothesis: true location shift is not equal to 0
95 percent confidence interval:
 -0.027813496 -0.007128963
sample estimates:
(pseudo)median 
     -0.016838 


Paired Wilcoxon for L1 norm (v - ii):

	Wilcoxon signed rank test with continuity correction

data:  b and a
V = 258761, p-value = 3.654e-11
alternative hypothesis: true location shift is not equal to 0
95 percent confidence interval:
 -0.027401230 -0.007112202
sample estimates:
(pseudo)median 
   -0.01631307 


Paired Wilcoxon for L1 norm (iv - iii):

	Wilcoxon signed rank test with continuity correction

data:  b and a
V = 444746, p-value < 2.2e-16
alternative hypothesis: true location shift is not equal to 0
95 percent confidence interval:
 0.008751495 0.012968220
sample estimates:
(pseudo)median 
    0.01089451 


Paired Wilcoxon for L1 norm (v - iii):

	Wilcoxon signed rank test with continuity correction

data:  b and a
V = 449653, p-value < 2.2e-16
alternative hypothesis: true location shift is not equal to 0
95 percent confidence interval:
 0.006215115 0.009677510
sample estimates:
(pseudo)median 
   0.007890959 


Paired Wilcoxon for L1 norm (v - iv):

	Wilcoxon signed rank test with continuity correction

data:  b and a
V = 302271, p-value = 0.005433
alternative hypothesis: true location shift is not equal to 0
95 percent confidence interval:
 -9.517399e-05  5.071588e-06
sample estimates:
(pseudo)median 
 -4.462298e-06 

Percent change in L1 norm for method X relative to method Y 

        pct_L1_norm_ii_i pct_L1_norm_iii_i pct_L1_norm_iv_i
median      0.0006841137         -3.709634     1.622279e-05
IQR        63.2452826137         16.352924     4.012208e-01
q25.25%    -3.5167804322        -12.725598    -2.688967e-01
q75.75%    59.7285021814          3.627327     1.323241e-01
        pct_L1_norm_v_i pct_L1_norm_iii_ii pct_L1_norm_iv_ii
median    -0.0006974109          -10.00402     -5.658761e-05
IQR        0.3218301187           52.30538      3.953948e+01
q25.25%   -0.2937520071          -41.17416     -3.614231e+01
q75.75%    0.0280781116           11.13122      3.397170e+00
        pct_L1_norm_v_ii pct_L1_norm_iv_iii pct_L1_norm_v_iii
median      -0.001253906           4.254303          2.107191
IQR         40.132386263          21.844686         14.512409
q25.25%    -37.513943787          -5.811907         -2.714724
q75.75%      2.618442476          16.032779         11.797685
        pct_L1_norm_v_iv
median     -0.0004262254
IQR         0.6378390138
q25.25%    -0.6113664920
q75.75%     0.0264725219
Type III Analysis of Variance Table with Satterthwaite's method
       Sum Sq Mean Sq NumDF DenDF F value    Pr(>F)    
method 1.9273 0.48183     4  4616  84.644 < 2.2e-16 ***
---
Signif. codes:  0 ‘***’ 0.001 ‘**’ 0.01 ‘*’ 0.05 ‘.’ 0.1 ‘ ’ 1
$emmeans
 method emmean      SE  df asymp.LCL asymp.UCL
 i       0.249 0.00453 Inf     0.240     0.257
 ii      0.290 0.00453 Inf     0.282     0.299
 iii     0.238 0.00453 Inf     0.229     0.247
 iv      0.249 0.00453 Inf     0.240     0.258
 v       0.247 0.00453 Inf     0.239     0.256

Degrees-of-freedom method: asymptotic 
Confidence level used: 0.95 

$contrasts
 contrast  estimate      SE  df z.ratio p.value
 i - ii   -0.041816 0.00314 Inf -13.319 <0.0001
 i - iii   0.010261 0.00314 Inf   3.268  0.0055
 i - iv   -0.000144 0.00314 Inf  -0.046  1.0000
 i - v     0.001157 0.00314 Inf   0.369  1.0000
 ii - iii  0.052077 0.00314 Inf  16.587 <0.0001
 ii - iv   0.041672 0.00314 Inf  13.273 <0.0001
 ii - v    0.042973 0.00314 Inf  13.688 <0.0001
 iii - iv -0.010405 0.00314 Inf  -3.314  0.0055
 iii - v  -0.009104 0.00314 Inf  -2.900  0.0149
 iv - v    0.001301 0.00314 Inf   0.414  1.0000

Degrees-of-freedom method: asymptotic 
P value adjustment: holm method for 10 tests 


	Friedman rank sum test

data:  Linf_norm and method and id
Friedman chi-squared = 220.63, df = 4, p-value < 2.2e-16

Kendall's W for Linf norm ~= 0.048

	Pairwise comparisons using Wilcoxon signed rank test with continuity correction 

data:  df_Linf$Linf_norm and df_Linf$method 

    i       ii      iii     iv    
ii  7.7e-09 -       -       -     
iii < 2e-16 < 2e-16 -       -     
iv  0.5028  2.2e-08 < 2e-16 -     
v   0.0035  2.2e-10 < 2e-16 0.0109

P value adjustment method: holm 

Paired Wilcoxon for Linf norm (ii - i):

	Wilcoxon signed rank test with continuity correction

data:  b and a
V = 402275, p-value = 1.547e-09
alternative hypothesis: true location shift is not equal to 0
95 percent confidence interval:
 0.00347675 0.01284575
sample estimates:
(pseudo)median 
   0.007667724 


Paired Wilcoxon for Linf norm (iii - i):

	Wilcoxon signed rank test with continuity correction

data:  b and a
V = 209573, p-value < 2.2e-16
alternative hypothesis: true location shift is not equal to 0
95 percent confidence interval:
 -0.006214964 -0.004349770
sample estimates:
(pseudo)median 
  -0.005287218 


Paired Wilcoxon for Linf norm (iv - i):

	Wilcoxon signed rank test with continuity correction

data:  b and a
V = 326197, p-value = 0.5028
alternative hypothesis: true location shift is not equal to 0
95 percent confidence interval:
 -2.228735e-05 -5.140621e-06
sample estimates:
(pseudo)median 
 -3.373587e-06 


Paired Wilcoxon for Linf norm (v - i):

	Wilcoxon signed rank test with continuity correction

data:  b and a
V = 296990, p-value = 0.001171
alternative hypothesis: true location shift is not equal to 0
95 percent confidence interval:
 -9.697500e-06  1.244824e-05
sample estimates:
(pseudo)median 
 -3.538012e-05 


Paired Wilcoxon for Linf norm (iii - ii):

	Wilcoxon signed rank test with continuity correction

data:  b and a
V = 204164, p-value < 2.2e-16
alternative hypothesis: true location shift is not equal to 0
95 percent confidence interval:
 -0.02111741 -0.01453356
sample estimates:
(pseudo)median 
   -0.01768661 


Paired Wilcoxon for Linf norm (iv - ii):

	Wilcoxon signed rank test with continuity correction

data:  b and a
V = 267654, p-value = 5.439e-09
alternative hypothesis: true location shift is not equal to 0
95 percent confidence interval:
 -0.013906748 -0.003564481
sample estimates:
(pseudo)median 
  -0.008418858 


Paired Wilcoxon for Linf norm (v - ii):

	Wilcoxon signed rank test with continuity correction

data:  b and a
V = 258761, p-value = 3.654e-11
alternative hypothesis: true location shift is not equal to 0
95 percent confidence interval:
 -0.013675615 -0.003556101
sample estimates:
(pseudo)median 
  -0.008156472 


Paired Wilcoxon for Linf norm (iv - iii):

	Wilcoxon signed rank test with continuity correction

data:  b and a
V = 444746, p-value < 2.2e-16
alternative hypothesis: true location shift is not equal to 0
95 percent confidence interval:
 0.004375747 0.006487904
sample estimates:
(pseudo)median 
    0.00544724 


Paired Wilcoxon for Linf norm (v - iii):

	Wilcoxon signed rank test with continuity correction

data:  b and a
V = 449653, p-value < 2.2e-16
alternative hypothesis: true location shift is not equal to 0
95 percent confidence interval:
 0.003107558 0.004838755
sample estimates:
(pseudo)median 
   0.003945479 


Paired Wilcoxon for Linf norm (v - iv):

	Wilcoxon signed rank test with continuity correction

data:  b and a
V = 302271, p-value = 0.005433
alternative hypothesis: true location shift is not equal to 0
95 percent confidence interval:
 -2.733544e-05 -2.246421e-05
sample estimates:
(pseudo)median 
 -4.012551e-05 

Percent change in Linf norm for method X relative to method Y 

        pct_Linf_norm_ii_i pct_Linf_norm_iii_i pct_Linf_norm_iv_i
median        0.0006841137           -3.709634       1.622279e-05
IQR          63.2452826137           16.352924       4.012208e-01
q25.25%      -3.5167804322          -12.725598      -2.688967e-01
q75.75%      59.7285021814            3.627327       1.323241e-01
        pct_Linf_norm_v_i pct_Linf_norm_iii_ii pct_Linf_norm_iv_ii
median      -0.0006974109            -10.00402       -5.658761e-05
IQR          0.3218301187             52.30538        3.953948e+01
q25.25%     -0.2937520071            -41.17416       -3.614231e+01
q75.75%      0.0280781116             11.13122        3.397170e+00
        pct_Linf_norm_v_ii pct_Linf_norm_iv_iii pct_Linf_norm_v_iii
median        -0.001253906             4.254303            2.107191
IQR           40.132386263            21.844686           14.512409
q25.25%      -37.513943787            -5.811907           -2.714724
q75.75%        2.618442476            16.032779           11.797685
        pct_Linf_norm_v_iv
median       -0.0004262254
IQR           0.6378390138
q25.25%      -0.6113664920
q75.75%       0.0264725219
Type III Analysis of Variance Table with Satterthwaite's method
        Sum Sq Mean Sq NumDF DenDF F value    Pr(>F)    
method 0.48183 0.12046     4  4616  84.644 < 2.2e-16 ***
---
Signif. codes:  0 ‘***’ 0.001 ‘**’ 0.01 ‘*’ 0.05 ‘.’ 0.1 ‘ ’ 1
$emmeans
 method emmean      SE  df asymp.LCL asymp.UCL
 i       0.124 0.00226 Inf     0.120     0.129
 ii      0.145 0.00226 Inf     0.141     0.150
 iii     0.119 0.00226 Inf     0.115     0.124
 iv      0.124 0.00226 Inf     0.120     0.129
 v       0.124 0.00226 Inf     0.119     0.128

Degrees-of-freedom method: asymptotic 
Confidence level used: 0.95 

$contrasts
 contrast  estimate      SE  df z.ratio p.value
 i - ii   -0.020908 0.00157 Inf -13.319 <0.0001
 i - iii   0.005131 0.00157 Inf   3.268  0.0055
 i - iv   -0.000072 0.00157 Inf  -0.046  1.0000
 i - v     0.000579 0.00157 Inf   0.369  1.0000
 ii - iii  0.026039 0.00157 Inf  16.587 <0.0001
 ii - iv   0.020836 0.00157 Inf  13.273 <0.0001
 ii - v    0.021487 0.00157 Inf  13.688 <0.0001
 iii - iv -0.005203 0.00157 Inf  -3.314  0.0055
 iii - v  -0.004552 0.00157 Inf  -2.900  0.0149
 iv - v    0.000651 0.00157 Inf   0.414  1.0000

Degrees-of-freedom method: asymptotic 
P value adjustment: holm method for 10 tests 


Run Time End: 2026-04-13 17:54:30 

Total Elapsed Time: 16.61 secs 



Sampled simplex dimensions: 231 3 

--- Sample-size distribution diagnostics ---
Sample Size Distribution = 1 (Poisson)
Target mean = 25.000
Realized mean = 24.959
Realized SD = 4.996
  0%   5%  25%  50%  75%  95% 100% 
  10   17   21   25   28   33   51 
--- End diagnostics ---

$K
[1] 3

$G
[1] 2

$h
[1] 0.05

$theta_true
[1] 0.5

$theta_CV
[1] 0

$dist_code
[1] 1

$mean_nsamp
[1] 25

$ln_sd
[1] 1

$nb_size
[1] 25

$Nmin
[1] 50

$Nmax
[1] 100

$nsims
[1] 5

$random.seed
[1] 2125474368

$od_mult
[1] 1

$sigma
[1] 0.25

$p_lbound
[1] 0 0 0

$p_ubound
[1] 1 1 1


	Friedman rank sum test

data:  rmse and method and id
Friedman chi-squared = 198.91, df = 4, p-value < 2.2e-16

Kendall's W ~= 0.043

	Pairwise comparisons using Wilcoxon signed rank test with continuity correction 

data:  df$rmse and df$method 

    i       ii      iii     iv     
ii  5.1e-10 -       -       -      
iii < 2e-16 < 2e-16 -       -      
iv  0.57141 5.1e-10 < 2e-16 -      
v   0.00099 1.2e-11 < 2e-16 0.14300

P value adjustment method: holm 

Paired Wilcoxon (ii - i):

	Wilcoxon signed rank test with continuity correction

data:  b and a
V = 407096, p-value = 1.016e-10
alternative hypothesis: true location shift is not equal to 0
95 percent confidence interval:
 0.002919392 0.009711371
sample estimates:
(pseudo)median 
   0.005944231 


Paired Wilcoxon (iii - i):

	Wilcoxon signed rank test with continuity correction

data:  b and a
V = 205830, p-value < 2.2e-16
alternative hypothesis: true location shift is not equal to 0
95 percent confidence interval:
 -0.004674647 -0.003329867
sample estimates:
(pseudo)median 
  -0.004005166 


Paired Wilcoxon (iv - i):

	Wilcoxon signed rank test with continuity correction

data:  b and a
V = 327377, p-value = 0.5714
alternative hypothesis: true location shift is not equal to 0
95 percent confidence interval:
 -2.005161e-05  4.308476e-05
sample estimates:
(pseudo)median 
 -1.737079e-05 


Paired Wilcoxon (v - i):

	Wilcoxon signed rank test with continuity correction

data:  b and a
V = 293086, p-value = 0.0003304
alternative hypothesis: true location shift is not equal to 0
95 percent confidence interval:
 -4.833495e-05 -1.981350e-05
sample estimates:
(pseudo)median 
 -6.889705e-05 


Paired Wilcoxon (iii - ii):

	Wilcoxon signed rank test with continuity correction

data:  b and a
V = 201654, p-value < 2.2e-16
alternative hypothesis: true location shift is not equal to 0
95 percent confidence interval:
 -0.01576326 -0.01102407
sample estimates:
(pseudo)median 
   -0.01331951 


Paired Wilcoxon (iv - ii):

	Wilcoxon signed rank test with continuity correction

data:  b and a
V = 260647, p-value = 1.11e-10
alternative hypothesis: true location shift is not equal to 0
95 percent confidence interval:
 -0.01043795 -0.00316443
sample estimates:
(pseudo)median 
  -0.006272575 


Paired Wilcoxon (v - ii):

	Wilcoxon signed rank test with continuity correction

data:  b and a
V = 253978, p-value = 1.932e-12
alternative hypothesis: true location shift is not equal to 0
95 percent confidence interval:
 -0.010385467 -0.003075693
sample estimates:
(pseudo)median 
  -0.006453443 


Paired Wilcoxon (iv - iii):

	Wilcoxon signed rank test with continuity correction

data:  b and a
V = 448551, p-value < 2.2e-16
alternative hypothesis: true location shift is not equal to 0
95 percent confidence interval:
 0.003312940 0.004843351
sample estimates:
(pseudo)median 
   0.004090853 


Paired Wilcoxon (v - iii):

	Wilcoxon signed rank test with continuity correction

data:  b and a
V = 454119, p-value < 2.2e-16
alternative hypothesis: true location shift is not equal to 0
95 percent confidence interval:
 0.002452120 0.003696421
sample estimates:
(pseudo)median 
   0.003049182 


Paired Wilcoxon (v - iv):

	Wilcoxon signed rank test with continuity correction

data:  b and a
V = 313359, p-value = 0.0715
alternative hypothesis: true location shift is not equal to 0
95 percent confidence interval:
 -4.880686e-05  1.601097e-05
sample estimates:
(pseudo)median 
 -5.128869e-05 

Percent change in RMSE for method X relative to method Y 

            pct_ii_i  pct_iii_i      pct_iv_i       pct_v_i
median   0.001334133  -3.908097 -3.600595e-05 -0.0008353658
IQR     58.424528129  16.372353  5.891250e-01  0.3989026008
q25.25% -2.143349744 -12.396506 -2.492119e-01 -0.3743317183
q75.75% 56.281178385   3.975847  3.399132e-01  0.0245708825
        pct_iii_ii     pct_iv_ii     pct_v_ii pct_iv_iii pct_v_iii
median   -10.30246 -3.454692e-04  -0.00150359   4.324677  2.463528
IQR       51.95912  3.726005e+01  39.02594671  21.177006 14.153288
q25.25%  -40.86056 -3.611783e+01 -36.95527078  -5.266204 -2.597178
q75.75%   11.09856  1.142214e+00   2.07067592  15.910802 11.556110
             pct_v_iv
median  -0.0002597989
IQR      0.4232029900
q25.25% -0.3510123321
q75.75%  0.0721906579
Type III Analysis of Variance Table with Satterthwaite's method
        Sum Sq  Mean Sq NumDF DenDF F value    Pr(>F)    
method 0.27355 0.068388     4  4616  88.089 < 2.2e-16 ***
---
Signif. codes:  0 ‘***’ 0.001 ‘**’ 0.01 ‘*’ 0.05 ‘.’ 0.1 ‘ ’ 1
$emmeans
 method emmean      SE  df asymp.LCL asymp.UCL
 i      0.0922 0.00169 Inf    0.0889    0.0955
 ii     0.1080 0.00169 Inf    0.1047    0.1113
 iii    0.0884 0.00169 Inf    0.0851    0.0918
 iv     0.0923 0.00169 Inf    0.0890    0.0956
 v      0.0918 0.00169 Inf    0.0885    0.0951

Degrees-of-freedom method: asymptotic 
Confidence level used: 0.95 

$contrasts
 contrast  estimate      SE  df z.ratio p.value
 i - ii   -1.58e-02 0.00116 Inf -13.621 <0.0001
 i - iii   3.79e-03 0.00116 Inf   3.271  0.0054
 i - iv   -6.74e-05 0.00116 Inf  -0.058  1.0000
 i - v     4.18e-04 0.00116 Inf   0.360  1.0000
 ii - iii  1.96e-02 0.00116 Inf  16.892 <0.0001
 ii - iv   1.57e-02 0.00116 Inf  13.563 <0.0001
 ii - v    1.62e-02 0.00116 Inf  13.982 <0.0001
 iii - iv -3.86e-03 0.00116 Inf  -3.329  0.0052
 iii - v  -3.37e-03 0.00116 Inf  -2.911  0.0144
 iv - v    4.85e-04 0.00116 Inf   0.418  1.0000

Degrees-of-freedom method: asymptotic 
P value adjustment: holm method for 10 tests 


	Friedman rank sum test

data:  L1_norm and method and id
Friedman chi-squared = 220.63, df = 4, p-value < 2.2e-16

Kendall's W for L1 norm ~= 0.048

	Pairwise comparisons using Wilcoxon signed rank test with continuity correction 

data:  df_L1$L1_norm and df_L1$method 

    i       ii      iii     iv    
ii  7.7e-09 -       -       -     
iii < 2e-16 < 2e-16 -       -     
iv  0.5028  2.2e-08 < 2e-16 -     
v   0.0035  2.2e-10 < 2e-16 0.0109

P value adjustment method: holm 

Paired Wilcoxon for L1 norm (ii - i):

	Wilcoxon signed rank test with continuity correction

data:  b and a
V = 402275, p-value = 1.547e-09
alternative hypothesis: true location shift is not equal to 0
95 percent confidence interval:
 0.006970098 0.025641496
sample estimates:
(pseudo)median 
    0.01529934 


Paired Wilcoxon for L1 norm (iii - i):

	Wilcoxon signed rank test with continuity correction

data:  b and a
V = 209573, p-value < 2.2e-16
alternative hypothesis: true location shift is not equal to 0
95 percent confidence interval:
 -0.01242993 -0.00869954
sample estimates:
(pseudo)median 
   -0.01057447 


Paired Wilcoxon for L1 norm (iv - i):

	Wilcoxon signed rank test with continuity correction

data:  b and a
V = 326197, p-value = 0.5028
alternative hypothesis: true location shift is not equal to 0
95 percent confidence interval:
 -4.457471e-05 -1.028124e-05
sample estimates:
(pseudo)median 
 -6.714965e-06 


Paired Wilcoxon for L1 norm (v - i):

	Wilcoxon signed rank test with continuity correction

data:  b and a
V = 296990, p-value = 0.001171
alternative hypothesis: true location shift is not equal to 0
95 percent confidence interval:
 -1.939500e-05 -4.860574e-05
sample estimates:
(pseudo)median 
 -7.076474e-05 


Paired Wilcoxon for L1 norm (iii - ii):

	Wilcoxon signed rank test with continuity correction

data:  b and a
V = 204164, p-value < 2.2e-16
alternative hypothesis: true location shift is not equal to 0
95 percent confidence interval:
 -0.04223483 -0.02906712
sample estimates:
(pseudo)median 
   -0.03537362 


Paired Wilcoxon for L1 norm (iv - ii):

	Wilcoxon signed rank test with continuity correction

data:  b and a
V = 267654, p-value = 5.439e-09
alternative hypothesis: true location shift is not equal to 0
95 percent confidence interval:
 -0.027813496 -0.007128963
sample estimates:
(pseudo)median 
     -0.016838 


Paired Wilcoxon for L1 norm (v - ii):

	Wilcoxon signed rank test with continuity correction

data:  b and a
V = 258761, p-value = 3.654e-11
alternative hypothesis: true location shift is not equal to 0
95 percent confidence interval:
 -0.027401230 -0.007112202
sample estimates:
(pseudo)median 
   -0.01631307 


Paired Wilcoxon for L1 norm (iv - iii):

	Wilcoxon signed rank test with continuity correction

data:  b and a
V = 444746, p-value < 2.2e-16
alternative hypothesis: true location shift is not equal to 0
95 percent confidence interval:
 0.008751495 0.012968220
sample estimates:
(pseudo)median 
    0.01089451 


Paired Wilcoxon for L1 norm (v - iii):

	Wilcoxon signed rank test with continuity correction

data:  b and a
V = 449653, p-value < 2.2e-16
alternative hypothesis: true location shift is not equal to 0
95 percent confidence interval:
 0.006215115 0.009677510
sample estimates:
(pseudo)median 
   0.007890959 


Paired Wilcoxon for L1 norm (v - iv):

	Wilcoxon signed rank test with continuity correction

data:  b and a
V = 302271, p-value = 0.005433
alternative hypothesis: true location shift is not equal to 0
95 percent confidence interval:
 -9.517399e-05  5.071588e-06
sample estimates:
(pseudo)median 
 -4.462298e-06 

Percent change in L1 norm for method X relative to method Y 

        pct_L1_norm_ii_i pct_L1_norm_iii_i pct_L1_norm_iv_i
median      0.0006841137         -3.709634     1.622279e-05
IQR        63.2452826137         16.352924     4.012208e-01
q25.25%    -3.5167804322        -12.725598    -2.688967e-01
q75.75%    59.7285021814          3.627327     1.323241e-01
        pct_L1_norm_v_i pct_L1_norm_iii_ii pct_L1_norm_iv_ii
median    -0.0006974109          -10.00402     -5.658761e-05
IQR        0.3218301187           52.30538      3.953948e+01
q25.25%   -0.2937520071          -41.17416     -3.614231e+01
q75.75%    0.0280781116           11.13122      3.397170e+00
        pct_L1_norm_v_ii pct_L1_norm_iv_iii pct_L1_norm_v_iii
median      -0.001253906           4.254303          2.107191
IQR         40.132386263          21.844686         14.512409
q25.25%    -37.513943787          -5.811907         -2.714724
q75.75%      2.618442476          16.032779         11.797685
        pct_L1_norm_v_iv
median     -0.0004262254
IQR         0.6378390138
q25.25%    -0.6113664920
q75.75%     0.0264725219
Type III Analysis of Variance Table with Satterthwaite's method
       Sum Sq Mean Sq NumDF DenDF F value    Pr(>F)    
method 1.9273 0.48183     4  4616  84.644 < 2.2e-16 ***
---
Signif. codes:  0 ‘***’ 0.001 ‘**’ 0.01 ‘*’ 0.05 ‘.’ 0.1 ‘ ’ 1
$emmeans
 method emmean      SE  df asymp.LCL asymp.UCL
 i       0.249 0.00453 Inf     0.240     0.257
 ii      0.290 0.00453 Inf     0.282     0.299
 iii     0.238 0.00453 Inf     0.229     0.247
 iv      0.249 0.00453 Inf     0.240     0.258
 v       0.247 0.00453 Inf     0.239     0.256

Degrees-of-freedom method: asymptotic 
Confidence level used: 0.95 

$contrasts
 contrast  estimate      SE  df z.ratio p.value
 i - ii   -0.041816 0.00314 Inf -13.319 <0.0001
 i - iii   0.010261 0.00314 Inf   3.268  0.0055
 i - iv   -0.000144 0.00314 Inf  -0.046  1.0000
 i - v     0.001157 0.00314 Inf   0.369  1.0000
 ii - iii  0.052077 0.00314 Inf  16.587 <0.0001
 ii - iv   0.041672 0.00314 Inf  13.273 <0.0001
 ii - v    0.042973 0.00314 Inf  13.688 <0.0001
 iii - iv -0.010405 0.00314 Inf  -3.314  0.0055
 iii - v  -0.009104 0.00314 Inf  -2.900  0.0149
 iv - v    0.001301 0.00314 Inf   0.414  1.0000

Degrees-of-freedom method: asymptotic 
P value adjustment: holm method for 10 tests 


	Friedman rank sum test

data:  Linf_norm and method and id
Friedman chi-squared = 220.63, df = 4, p-value < 2.2e-16

Kendall's W for Linf norm ~= 0.048

	Pairwise comparisons using Wilcoxon signed rank test with continuity correction 

data:  df_Linf$Linf_norm and df_Linf$method 

    i       ii      iii     iv    
ii  7.7e-09 -       -       -     
iii < 2e-16 < 2e-16 -       -     
iv  0.5028  2.2e-08 < 2e-16 -     
v   0.0035  2.2e-10 < 2e-16 0.0109

P value adjustment method: holm 

Paired Wilcoxon for Linf norm (ii - i):

	Wilcoxon signed rank test with continuity correction

data:  b and a
V = 402275, p-value = 1.547e-09
alternative hypothesis: true location shift is not equal to 0
95 percent confidence interval:
 0.00347675 0.01284575
sample estimates:
(pseudo)median 
   0.007667724 


Paired Wilcoxon for Linf norm (iii - i):

	Wilcoxon signed rank test with continuity correction

data:  b and a
V = 209573, p-value < 2.2e-16
alternative hypothesis: true location shift is not equal to 0
95 percent confidence interval:
 -0.006214964 -0.004349770
sample estimates:
(pseudo)median 
  -0.005287218 


Paired Wilcoxon for Linf norm (iv - i):

	Wilcoxon signed rank test with continuity correction

data:  b and a
V = 326197, p-value = 0.5028
alternative hypothesis: true location shift is not equal to 0
95 percent confidence interval:
 -2.228735e-05 -5.140621e-06
sample estimates:
(pseudo)median 
 -3.373587e-06 


Paired Wilcoxon for Linf norm (v - i):

	Wilcoxon signed rank test with continuity correction

data:  b and a
V = 296990, p-value = 0.001171
alternative hypothesis: true location shift is not equal to 0
95 percent confidence interval:
 -9.697500e-06  1.244824e-05
sample estimates:
(pseudo)median 
 -3.538012e-05 


Paired Wilcoxon for Linf norm (iii - ii):

	Wilcoxon signed rank test with continuity correction

data:  b and a
V = 204164, p-value < 2.2e-16
alternative hypothesis: true location shift is not equal to 0
95 percent confidence interval:
 -0.02111741 -0.01453356
sample estimates:
(pseudo)median 
   -0.01768661 


Paired Wilcoxon for Linf norm (iv - ii):

	Wilcoxon signed rank test with continuity correction

data:  b and a
V = 267654, p-value = 5.439e-09
alternative hypothesis: true location shift is not equal to 0
95 percent confidence interval:
 -0.013906748 -0.003564481
sample estimates:
(pseudo)median 
  -0.008418858 


Paired Wilcoxon for Linf norm (v - ii):

	Wilcoxon signed rank test with continuity correction

data:  b and a
V = 258761, p-value = 3.654e-11
alternative hypothesis: true location shift is not equal to 0
95 percent confidence interval:
 -0.013675615 -0.003556101
sample estimates:
(pseudo)median 
  -0.008156472 


Paired Wilcoxon for Linf norm (iv - iii):

	Wilcoxon signed rank test with continuity correction

data:  b and a
V = 444746, p-value < 2.2e-16
alternative hypothesis: true location shift is not equal to 0
95 percent confidence interval:
 0.004375747 0.006487904
sample estimates:
(pseudo)median 
    0.00544724 


Paired Wilcoxon for Linf norm (v - iii):

	Wilcoxon signed rank test with continuity correction

data:  b and a
V = 449653, p-value < 2.2e-16
alternative hypothesis: true location shift is not equal to 0
95 percent confidence interval:
 0.003107558 0.004838755
sample estimates:
(pseudo)median 
   0.003945479 


Paired Wilcoxon for Linf norm (v - iv):

	Wilcoxon signed rank test with continuity correction

data:  b and a
V = 302271, p-value = 0.005433
alternative hypothesis: true location shift is not equal to 0
95 percent confidence interval:
 -2.733544e-05 -2.246421e-05
sample estimates:
(pseudo)median 
 -4.012551e-05 

Percent change in Linf norm for method X relative to method Y 

        pct_Linf_norm_ii_i pct_Linf_norm_iii_i pct_Linf_norm_iv_i
median        0.0006841137           -3.709634       1.622279e-05
IQR          63.2452826137           16.352924       4.012208e-01
q25.25%      -3.5167804322          -12.725598      -2.688967e-01
q75.75%      59.7285021814            3.627327       1.323241e-01
        pct_Linf_norm_v_i pct_Linf_norm_iii_ii pct_Linf_norm_iv_ii
median      -0.0006974109            -10.00402       -5.658761e-05
IQR          0.3218301187             52.30538        3.953948e+01
q25.25%     -0.2937520071            -41.17416       -3.614231e+01
q75.75%      0.0280781116             11.13122        3.397170e+00
        pct_Linf_norm_v_ii pct_Linf_norm_iv_iii pct_Linf_norm_v_iii
median        -0.001253906             4.254303            2.107191
IQR           40.132386263            21.844686           14.512409
q25.25%      -37.513943787            -5.811907           -2.714724
q75.75%        2.618442476            16.032779           11.797685
        pct_Linf_norm_v_iv
median       -0.0004262254
IQR           0.6378390138
q25.25%      -0.6113664920
q75.75%       0.0264725219
Type III Analysis of Variance Table with Satterthwaite's method
        Sum Sq Mean Sq NumDF DenDF F value    Pr(>F)    
method 0.48183 0.12046     4  4616  84.644 < 2.2e-16 ***
---
Signif. codes:  0 ‘***’ 0.001 ‘**’ 0.01 ‘*’ 0.05 ‘.’ 0.1 ‘ ’ 1
$emmeans
 method emmean      SE  df asymp.LCL asymp.UCL
 i       0.124 0.00226 Inf     0.120     0.129
 ii      0.145 0.00226 Inf     0.141     0.150
 iii     0.119 0.00226 Inf     0.115     0.124
 iv      0.124 0.00226 Inf     0.120     0.129
 v       0.124 0.00226 Inf     0.119     0.128

Degrees-of-freedom method: asymptotic 
Confidence level used: 0.95 

$contrasts
 contrast  estimate      SE  df z.ratio p.value
 i - ii   -0.020908 0.00157 Inf -13.319 <0.0001
 i - iii   0.005131 0.00157 Inf   3.268  0.0055
 i - iv   -0.000072 0.00157 Inf  -0.046  1.0000
 i - v     0.000579 0.00157 Inf   0.369  1.0000
 ii - iii  0.026039 0.00157 Inf  16.587 <0.0001
 ii - iv   0.020836 0.00157 Inf  13.273 <0.0001
 ii - v    0.021487 0.00157 Inf  13.688 <0.0001
 iii - iv -0.005203 0.00157 Inf  -3.314  0.0055
 iii - v  -0.004552 0.00157 Inf  -2.900  0.0149
 iv - v    0.000651 0.00157 Inf   0.414  1.0000

Degrees-of-freedom method: asymptotic 
P value adjustment: holm method for 10 tests 


Run Time End: 2026-04-13 17:54:30 

Total Elapsed Time: 16.61 secs 

 Inf  13.688 <0.0001
 iii - iv -0.005203 0.00157 Inf  -3.314  0.0055
 iii - v  -0.004552 0.00157 Inf  -2.900  0.0149
 iv - v    0.000651 0.00157 Inf   0.414  1.0000

Degrees-of-freedom method: asymptotic 
P value adjustment: holm method for 10 tests 


Run Time End: 2026-04-13 17:54:30 

Total Elapsed Time: 16.61 secs 



Sampled simplex dimensions: 231 3 

--- Sample-size distribution diagnostics ---
Sample Size Distribution = 1 (Poisson)
Target mean = 25.000
Realized mean = 24.959
Realized SD = 4.996
  0%   5%  25%  50%  75%  95% 100% 
  10   17   21   25   28   33   51 
--- End diagnostics ---

$K
[1] 3

$G
[1] 2

$h
[1] 0.05

$theta_true
[1] 0.5

$theta_CV
[1] 0

$dist_code
[1] 1

$mean_nsamp
[1] 25

$ln_sd
[1] 1

$nb_size
[1] 25

$Nmin
[1] 50

$Nmax
[1] 100

$nsims
[1] 5

$random.seed
[1] 2125474368

$od_mult
[1] 1

$sigma
[1] 0.25

$p_lbound
[1] 0 0 0

$p_ubound
[1] 1 1 1


	Friedman rank sum test

data:  rmse and method and id
Friedman chi-squared = 198.91, df = 4, p-value < 2.2e-16

Kendall's W ~= 0.043

	Pairwise comparisons using Wilcoxon signed rank test with continuity correction 

data:  df$rmse and df$method 

    i       ii      iii     iv     
ii  5.1e-10 -       -       -      
iii < 2e-16 < 2e-16 -       -      
iv  0.57141 5.1e-10 < 2e-16 -      
v   0.00099 1.2e-11 < 2e-16 0.14300

P value adjustment method: holm 

Paired Wilcoxon (ii - i):

	Wilcoxon signed rank test with continuity correction

data:  b and a
V = 407096, p-value = 1.016e-10
alternative hypothesis: true location shift is not equal to 0
95 percent confidence interval:
 0.002919392 0.009711371
sample estimates:
(pseudo)median 
   0.005944231 


Paired Wilcoxon (iii - i):

	Wilcoxon signed rank test with continuity correction

data:  b and a
V = 205830, p-value < 2.2e-16
alternative hypothesis: true location shift is not equal to 0
95 percent confidence interval:
 -0.004674647 -0.003329867
sample estimates:
(pseudo)median 
  -0.004005166 


Paired Wilcoxon (iv - i):

	Wilcoxon signed rank test with continuity correction

data:  b and a
V = 327377, p-value = 0.5714
alternative hypothesis: true location shift is not equal to 0
95 percent confidence interval:
 -2.005161e-05  4.308476e-05
sample estimates:
(pseudo)median 
 -1.737079e-05 


Paired Wilcoxon (v - i):

	Wilcoxon signed rank test with continuity correction

data:  b and a
V = 293086, p-value = 0.0003304
alternative hypothesis: true location shift is not equal to 0
95 percent confidence interval:
 -4.833495e-05 -1.981350e-05
sample estimates:
(pseudo)median 
 -6.889705e-05 


Paired Wilcoxon (iii - ii):

	Wilcoxon signed rank test with continuity correction

data:  b and a
V = 201654, p-value < 2.2e-16
alternative hypothesis: true location shift is not equal to 0
95 percent confidence interval:
 -0.01576326 -0.01102407
sample estimates:
(pseudo)median 
   -0.01331951 


Paired Wilcoxon (iv - ii):

	Wilcoxon signed rank test with continuity correction

data:  b and a
V = 260647, p-value = 1.11e-10
alternative hypothesis: true location shift is not equal to 0
95 percent confidence interval:
 -0.01043795 -0.00316443
sample estimates:
(pseudo)median 
  -0.006272575 


Paired Wilcoxon (v - ii):

	Wilcoxon signed rank test with continuity correction

data:  b and a
V = 253978, p-value = 1.932e-12
alternative hypothesis: true location shift is not equal to 0
95 percent confidence interval:
 -0.010385467 -0.003075693
sample estimates:
(pseudo)median 
  -0.006453443 


Paired Wilcoxon (iv - iii):

	Wilcoxon signed rank test with continuity correction

data:  b and a
V = 448551, p-value < 2.2e-16
alternative hypothesis: true location shift is not equal to 0
95 percent confidence interval:
 0.003312940 0.004843351
sample estimates:
(pseudo)median 
   0.004090853 


Paired Wilcoxon (v - iii):

	Wilcoxon signed rank test with continuity correction

data:  b and a
V = 454119, p-value < 2.2e-16
alternative hypothesis: true location shift is not equal to 0
95 percent confidence interval:
 0.002452120 0.003696421
sample estimates:
(pseudo)median 
   0.003049182 


Paired Wilcoxon (v - iv):

	Wilcoxon signed rank test with continuity correction

data:  b and a
V = 313359, p-value = 0.0715
alternative hypothesis: true location shift is not equal to 0
95 percent confidence interval:
 -4.880686e-05  1.601097e-05
sample estimates:
(pseudo)median 
 -5.128869e-05 

Percent change in RMSE for method X relative to method Y 

            pct_ii_i  pct_iii_i      pct_iv_i       pct_v_i
median   0.001334133  -3.908097 -3.600595e-05 -0.0008353658
IQR     58.424528129  16.372353  5.891250e-01  0.3989026008
q25.25% -2.143349744 -12.396506 -2.492119e-01 -0.3743317183
q75.75% 56.281178385   3.975847  3.399132e-01  0.0245708825
        pct_iii_ii     pct_iv_ii     pct_v_ii pct_iv_iii pct_v_iii
median   -10.30246 -3.454692e-04  -0.00150359   4.324677  2.463528
IQR       51.95912  3.726005e+01  39.02594671  21.177006 14.153288
q25.25%  -40.86056 -3.611783e+01 -36.95527078  -5.266204 -2.597178
q75.75%   11.09856  1.142214e+00   2.07067592  15.910802 11.556110
             pct_v_iv
median  -0.0002597989
IQR      0.4232029900
q25.25% -0.3510123321
q75.75%  0.0721906579
Type III Analysis of Variance Table with Satterthwaite's method
        Sum Sq  Mean Sq NumDF DenDF F value    Pr(>F)    
method 0.27355 0.068388     4  4616  88.089 < 2.2e-16 ***
---
Signif. codes:  0 ‘***’ 0.001 ‘**’ 0.01 ‘*’ 0.05 ‘.’ 0.1 ‘ ’ 1
$emmeans
 method emmean      SE  df asymp.LCL asymp.UCL
 i      0.0922 0.00169 Inf    0.0889    0.0955
 ii     0.1080 0.00169 Inf    0.1047    0.1113
 iii    0.0884 0.00169 Inf    0.0851    0.0918
 iv     0.0923 0.00169 Inf    0.0890    0.0956
 v      0.0918 0.00169 Inf    0.0885    0.0951

Degrees-of-freedom method: asymptotic 
Confidence level used: 0.95 

$contrasts
 contrast  estimate      SE  df z.ratio p.value
 i - ii   -1.58e-02 0.00116 Inf -13.621 <0.0001
 i - iii   3.79e-03 0.00116 Inf   3.271  0.0054
 i - iv   -6.74e-05 0.00116 Inf  -0.058  1.0000
 i - v     4.18e-04 0.00116 Inf   0.360  1.0000
 ii - iii  1.96e-02 0.00116 Inf  16.892 <0.0001
 ii - iv   1.57e-02 0.00116 Inf  13.563 <0.0001
 ii - v    1.62e-02 0.00116 Inf  13.982 <0.0001
 iii - iv -3.86e-03 0.00116 Inf  -3.329  0.0052
 iii - v  -3.37e-03 0.00116 Inf  -2.911  0.0144
 iv - v    4.85e-04 0.00116 Inf   0.418  1.0000

Degrees-of-freedom method: asymptotic 
P value adjustment: holm method for 10 tests 


	Friedman rank sum test

data:  L1_norm and method and id
Friedman chi-squared = 220.63, df = 4, p-value < 2.2e-16

Kendall's W for L1 norm ~= 0.048

	Pairwise comparisons using Wilcoxon signed rank test with continuity correction 

data:  df_L1$L1_norm and df_L1$method 

    i       ii      iii     iv    
ii  7.7e-09 -       -       -     
iii < 2e-16 < 2e-16 -       -     
iv  0.5028  2.2e-08 < 2e-16 -     
v   0.0035  2.2e-10 < 2e-16 0.0109

P value adjustment method: holm 

Paired Wilcoxon for L1 norm (ii - i):

	Wilcoxon signed rank test with continuity correction

data:  b and a
V = 402275, p-value = 1.547e-09
alternative hypothesis: true location shift is not equal to 0
95 percent confidence interval:
 0.006970098 0.025641496
sample estimates:
(pseudo)median 
    0.01529934 


Paired Wilcoxon for L1 norm (iii - i):

	Wilcoxon signed rank test with continuity correction

data:  b and a
V = 209573, p-value < 2.2e-16
alternative hypothesis: true location shift is not equal to 0
95 percent confidence interval:
 -0.01242993 -0.00869954
sample estimates:
(pseudo)median 
   -0.01057447 


Paired Wilcoxon for L1 norm (iv - i):

	Wilcoxon signed rank test with continuity correction

data:  b and a
V = 326197, p-value = 0.5028
alternative hypothesis: true location shift is not equal to 0
95 percent confidence interval:
 -4.457471e-05 -1.028124e-05
sample estimates:
(pseudo)median 
 -6.714965e-06 


Paired Wilcoxon for L1 norm (v - i):

	Wilcoxon signed rank test with continuity correction

data:  b and a
V = 296990, p-value = 0.001171
alternative hypothesis: true location shift is not equal to 0
95 percent confidence interval:
 -1.939500e-05 -4.860574e-05
sample estimates:
(pseudo)median 
 -7.076474e-05 


Paired Wilcoxon for L1 norm (iii - ii):

	Wilcoxon signed rank test with continuity correction

data:  b and a
V = 204164, p-value < 2.2e-16
alternative hypothesis: true location shift is not equal to 0
95 percent confidence interval:
 -0.04223483 -0.02906712
sample estimates:
(pseudo)median 
   -0.03537362 


Paired Wilcoxon for L1 norm (iv - ii):

	Wilcoxon signed rank test with continuity correction

data:  b and a
V = 267654, p-value = 5.439e-09
alternative hypothesis: true location shift is not equal to 0
95 percent confidence interval:
 -0.027813496 -0.007128963
sample estimates:
(pseudo)median 
     -0.016838 


Paired Wilcoxon for L1 norm (v - ii):

	Wilcoxon signed rank test with continuity correction

data:  b and a
V = 258761, p-value = 3.654e-11
alternative hypothesis: true location shift is not equal to 0
95 percent confidence interval:
 -0.027401230 -0.007112202
sample estimates:
(pseudo)median 
   -0.01631307 


Paired Wilcoxon for L1 norm (iv - iii):

	Wilcoxon signed rank test with continuity correction

data:  b and a
V = 444746, p-value < 2.2e-16
alternative hypothesis: true location shift is not equal to 0
95 percent confidence interval:
 0.008751495 0.012968220
sample estimates:
(pseudo)median 
    0.01089451 


Paired Wilcoxon for L1 norm (v - iii):

	Wilcoxon signed rank test with continuity correction

data:  b and a
V = 449653, p-value < 2.2e-16
alternative hypothesis: true location shift is not equal to 0
95 percent confidence interval:
 0.006215115 0.009677510
sample estimates:
(pseudo)median 
   0.007890959 


Paired Wilcoxon for L1 norm (v - iv):

	Wilcoxon signed rank test with continuity correction

data:  b and a
V = 302271, p-value = 0.005433
alternative hypothesis: true location shift is not equal to 0
95 percent confidence interval:
 -9.517399e-05  5.071588e-06
sample estimates:
(pseudo)median 
 -4.462298e-06 

Percent change in L1 norm for method X relative to method Y 

        pct_L1_norm_ii_i pct_L1_norm_iii_i pct_L1_norm_iv_i
median      0.0006841137         -3.709634     1.622279e-05
IQR        63.2452826137         16.352924     4.012208e-01
q25.25%    -3.5167804322        -12.725598    -2.688967e-01
q75.75%    59.7285021814          3.627327     1.323241e-01
        pct_L1_norm_v_i pct_L1_norm_iii_ii pct_L1_norm_iv_ii
median    -0.0006974109          -10.00402     -5.658761e-05
IQR        0.3218301187           52.30538      3.953948e+01
q25.25%   -0.2937520071          -41.17416     -3.614231e+01
q75.75%    0.0280781116           11.13122      3.397170e+00
        pct_L1_norm_v_ii pct_L1_norm_iv_iii pct_L1_norm_v_iii
median      -0.001253906           4.254303          2.107191
IQR         40.132386263          21.844686         14.512409
q25.25%    -37.513943787          -5.811907         -2.714724
q75.75%      2.618442476          16.032779         11.797685
        pct_L1_norm_v_iv
median     -0.0004262254
IQR         0.6378390138
q25.25%    -0.6113664920
q75.75%     0.0264725219
Type III Analysis of Variance Table with Satterthwaite's method
       Sum Sq Mean Sq NumDF DenDF F value    Pr(>F)    
method 1.9273 0.48183     4  4616  84.644 < 2.2e-16 ***
---
Signif. codes:  0 ‘***’ 0.001 ‘**’ 0.01 ‘*’ 0.05 ‘.’ 0.1 ‘ ’ 1
$emmeans
 method emmean      SE  df asymp.LCL asymp.UCL
 i       0.249 0.00453 Inf     0.240     0.257
 ii      0.290 0.00453 Inf     0.282     0.299
 iii     0.238 0.00453 Inf     0.229     0.247
 iv      0.249 0.00453 Inf     0.240     0.258
 v       0.247 0.00453 Inf     0.239     0.256

Degrees-of-freedom method: asymptotic 
Confidence level used: 0.95 

$contrasts
 contrast  estimate      SE  df z.ratio p.value
 i - ii   -0.041816 0.00314 Inf -13.319 <0.0001
 i - iii   0.010261 0.00314 Inf   3.268  0.0055
 i - iv   -0.000144 0.00314 Inf  -0.046  1.0000
 i - v     0.001157 0.00314 Inf   0.369  1.0000
 ii - iii  0.052077 0.00314 Inf  16.587 <0.0001
 ii - iv   0.041672 0.00314 Inf  13.273 <0.0001
 ii - v    0.042973 0.00314 Inf  13.688 <0.0001
 iii - iv -0.010405 0.00314 Inf  -3.314  0.0055
 iii - v  -0.009104 0.00314 Inf  -2.900  0.0149
 iv - v    0.001301 0.00314 Inf   0.414  1.0000

Degrees-of-freedom method: asymptotic 
P value adjustment: holm method for 10 tests 


	Friedman rank sum test

data:  Linf_norm and method and id
Friedman chi-squared = 220.63, df = 4, p-value < 2.2e-16

Kendall's W for Linf norm ~= 0.048

	Pairwise comparisons using Wilcoxon signed rank test with continuity correction 

data:  df_Linf$Linf_norm and df_Linf$method 

    i       ii      iii     iv    
ii  7.7e-09 -       -       -     
iii < 2e-16 < 2e-16 -       -     
iv  0.5028  2.2e-08 < 2e-16 -     
v   0.0035  2.2e-10 < 2e-16 0.0109

P value adjustment method: holm 

Paired Wilcoxon for Linf norm (ii - i):

	Wilcoxon signed rank test with continuity correction

data:  b and a
V = 402275, p-value = 1.547e-09
alternative hypothesis: true location shift is not equal to 0
95 percent confidence interval:
 0.00347675 0.01284575
sample estimates:
(pseudo)median 
   0.007667724 


Paired Wilcoxon for Linf norm (iii - i):

	Wilcoxon signed rank test with continuity correction

data:  b and a
V = 209573, p-value < 2.2e-16
alternative hypothesis: true location shift is not equal to 0
95 percent confidence interval:
 -0.006214964 -0.004349770
sample estimates:
(pseudo)median 
  -0.005287218 


Paired Wilcoxon for Linf norm (iv - i):

	Wilcoxon signed rank test with continuity correction

data:  b and a
V = 326197, p-value = 0.5028
alternative hypothesis: true location shift is not equal to 0
95 percent confidence interval:
 -2.228735e-05 -5.140621e-06
sample estimates:
(pseudo)median 
 -3.373587e-06 


Paired Wilcoxon for Linf norm (v - i):

	Wilcoxon signed rank test with continuity correction

data:  b and a
V = 296990, p-value = 0.001171
alternative hypothesis: true location shift is not equal to 0
95 percent confidence interval:
 -9.697500e-06  1.244824e-05
sample estimates:
(pseudo)median 
 -3.538012e-05 


Paired Wilcoxon for Linf norm (iii - ii):

	Wilcoxon signed rank test with continuity correction

data:  b and a
V = 204164, p-value < 2.2e-16
alternative hypothesis: true location shift is not equal to 0
95 percent confidence interval:
 -0.02111741 -0.01453356
sample estimates:
(pseudo)median 
   -0.01768661 


Paired Wilcoxon for Linf norm (iv - ii):

	Wilcoxon signed rank test with continuity correction

data:  b and a
V = 267654, p-value = 5.439e-09
alternative hypothesis: true location shift is not equal to 0
95 percent confidence interval:
 -0.013906748 -0.003564481
sample estimates:
(pseudo)median 
  -0.008418858 


Paired Wilcoxon for Linf norm (v - ii):

	Wilcoxon signed rank test with continuity correction

data:  b and a
V = 258761, p-value = 3.654e-11
alternative hypothesis: true location shift is not equal to 0
95 percent confidence interval:
 -0.013675615 -0.003556101
sample estimates:
(pseudo)median 
  -0.008156472 


Paired Wilcoxon for Linf norm (iv - iii):

	Wilcoxon signed rank test with continuity correction

data:  b and a
V = 444746, p-value < 2.2e-16
alternative hypothesis: true location shift is not equal to 0
95 percent confidence interval:
 0.004375747 0.006487904
sample estimates:
(pseudo)median 
    0.00544724 


Paired Wilcoxon for Linf norm (v - iii):

	Wilcoxon signed rank test with continuity correction

data:  b and a
V = 449653, p-value < 2.2e-16
alternative hypothesis: true location shift is not equal to 0
95 percent confidence interval:
 0.003107558 0.004838755
sample estimates:
(pseudo)median 
   0.003945479 


Paired Wilcoxon for Linf norm (v - iv):

	Wilcoxon signed rank test with continuity correction

data:  b and a
V = 302271, p-value = 0.005433
alternative hypothesis: true location shift is not equal to 0
95 percent confidence interval:
 -2.733544e-05 -2.246421e-05
sample estimates:
(pseudo)median 
 -4.012551e-05 

Percent change in Linf norm for method X relative to method Y 

        pct_Linf_norm_ii_i pct_Linf_norm_iii_i pct_Linf_norm_iv_i
median        0.0006841137           -3.709634       1.622279e-05
IQR          63.2452826137           16.352924       4.012208e-01
q25.25%      -3.5167804322          -12.725598      -2.688967e-01
q75.75%      59.7285021814            3.627327       1.323241e-01
        pct_Linf_norm_v_i pct_Linf_norm_iii_ii pct_Linf_norm_iv_ii
median      -0.0006974109            -10.00402       -5.658761e-05
IQR          0.3218301187             52.30538        3.953948e+01
q25.25%     -0.2937520071            -41.17416       -3.614231e+01
q75.75%      0.0280781116             11.13122        3.397170e+00
        pct_Linf_norm_v_ii pct_Linf_norm_iv_iii pct_Linf_norm_v_iii
median        -0.001253906             4.254303            2.107191
IQR           40.132386263            21.844686           14.512409
q25.25%      -37.513943787            -5.811907           -2.714724
q75.75%        2.618442476            16.032779           11.797685
        pct_Linf_norm_v_iv
median       -0.0004262254
IQR           0.6378390138
q25.25%      -0.6113664920
q75.75%       0.0264725219
Type III Analysis of Variance Table with Satterthwaite's method
        Sum Sq Mean Sq NumDF DenDF F value    Pr(>F)    
method 0.48183 0.12046     4  4616  84.644 < 2.2e-16 ***
---
Signif. codes:  0 ‘***’ 0.001 ‘**’ 0.01 ‘*’ 0.05 ‘.’ 0.1 ‘ ’ 1
$emmeans
 method emmean      SE  df asymp.LCL asymp.UCL
 i       0.124 0.00226 Inf     0.120     0.129
 ii      0.145 0.00226 Inf     0.141     0.150
 iii     0.119 0.00226 Inf     0.115     0.124
 iv      0.124 0.00226 Inf     0.120     0.129
 v       0.124 0.00226 Inf     0.119     0.128

Degrees-of-freedom method: asymptotic 
Confidence level used: 0.95 

$contrasts
 contrast  estimate      SE  df z.ratio p.value
 i - ii   -0.020908 0.00157 Inf -13.319 <0.0001
 i - iii   0.005131 0.00157 Inf   3.268  0.0055
 i - iv   -0.000072 0.00157 Inf  -0.046  1.0000
 i - v     0.000579 0.00157 Inf   0.369  1.0000
 ii - iii  0.026039 0.00157 Inf  16.587 <0.0001
 ii - iv   0.020836 0.00157 Inf  13.273 <0.0001
 ii - v    0.021487 0.00157 Inf  13.688 <0.0001
 iii - iv -0.005203 0.00157 Inf  -3.314  0.0055
 iii - v  -0.004552 0.00157 Inf  -2.900  0.0149
 iv - v    0.000651 0.00157 Inf   0.414  1.0000

Degrees-of-freedom method: asymptotic 
P value adjustment: holm method for 10 tests 


Run Time End: 2026-04-13 17:54:30 

Total Elapsed Time: 16.61 secs 

